

KASLR disabled: 'nokaslr' on cmdline.

[    0.000000] Linux version 6.6.114.1-microsoft-standard-WSL2 (root@507f3e43091d) (gcc (GCC) 13.2.0, GNU ld (GNU Binutils) 2.41) #1 SMP PREEMPT_DYNAMIC Mon Dec  1 20:46:23 UTC 2025
[    0.000000] Command line: console=ttyS0,115200n8 earlyprintk=serial,ttyS0,115200 rdinit=/init nokaslr 
[    0.000000] KERNEL supported cpus:
[    0.000000]   Intel GenuineIntel
[    0.000000]   AMD AuthenticAMD
[    0.000000] Intel Spectre v2 broken microcode detected; disabling Speculation Control
[    0.000000] Disabled fast string operations
[    0.000000] BIOS-provided physical RAM map:
[    0.000000] BIOS-e820: [mem 0x0000000000000000-0x000000000009efff] usable
[    0.000000] BIOS-e820: [mem 0x000000000009f000-0x00000000000fffff] reserved
[    0.000000] BIOS-e820: [mem 0x0000000000100000-0x000000001fffffff] usable
[    0.000000] printk: bootconsole [earlyser0] enabled
[    0.000000] NX (Execute Disable) protection: active
[    0.000000] APIC: Static calls initialized
[    0.000000] DMI not present or invalid.
[    0.000000] tsc: Detected 2800.000 MHz processor
[    0.000349] last_pfn = 0x20000 max_arch_pfn = 0x400000000
[    0.015307] MTRRs disabled by BIOS
[    0.023765] x86/PAT: Configuration [0-7]: WB  WC  UC- UC  WB  WP  UC- WT  
[    0.039325] Using GB pages for direct mapping
[    0.049637] RAMDISK: [mem 0x1fee0000-0x1fffffff]
[    0.060157] ACPI: Early table checksum verification disabled
[    0.073488] ACPI: RSDP 0x00000000000F0000 000024 (v02 LEMU  )
[    0.086877] ACPI: XSDT 0x00000000000F1000 000034 (v01 LEMU   LEMUVM01 00000001 LEMU 00000001)
[    0.106590] ACPI: FACP 0x00000000000F2000 000114 (v05 LEMU   LEMUVM01 00000001 LEMU 00000001)
[    0.127360] ACPI: DSDT 0x00000000000F4000 000074 (v02 LEMU   LEMUVIRT 00000001 INTL 20230628)
[    0.145788] ACPI: DSDT 0x00000000000F4000 000074 (v02 LEMU   LEMUVIRT 00000001 INTL 20230628)
[    0.164200] ACPI: Reserving FACP table memory at [mem 0xf2000-0xf2113]
[    0.178039] ACPI: Reserving DSDT table memory at [mem 0xf4000-0xf4073]
[    0.192322] ACPI: Reserving DSDT table memory at [mem 0xf4000-0xf4073]
[    0.208737] No NUMA configuration found
[    0.217895] Faking a node at [mem 0x0000000000000000-0x000000001fffffff]
[    0.232858] NODE_DATA(0) allocated [mem 0x1febe000-0x1fedffff]
[    0.246678] Zone ranges:
[    0.252307]   DMA32    [mem 0x0000000000001000-0x000000001fffffff]
[    0.267012]   Normal   empty
[    0.273120]   Device   empty
[    0.280262] Movable zone start for each node
[    0.289266] Early memory node ranges
[    0.297756]   node   0: [mem 0x0000000000001000-0x000000000009efff]
[    0.312502]   node   0: [mem 0x0000000000100000-0x000000001fffffff]
[    0.327003] Initmem setup node 0 [mem 0x0000000000001000-0x000000001fffffff]
[    0.343105] On node 0, zone DMA32: 1 pages in unavailable ranges
[    0.352143] On node 0, zone DMA32: 97 pages in unavailable ranges
[    0.372358] smpboot: Allowing 1 CPUs, 0 hotplug CPUs
[    0.397784] PM: hibernation: Registered nosave memory: [mem 0x00000000-0x00000fff]
[    0.415074] PM: hibernation: Registered nosave memory: [mem 0x0009f000-0x000fffff]
[    0.433665] [mem 0x20000000-0xffffffff] available for PCI devices
[    0.448753] Booting paravirtualized kernel on bare hardware
[    0.461909] clocksource: refined-jiffies: mask: 0xffffffff max_cycles: 0xffffffff, max_idle_ns: 7645519600211568 ns
[    0.485981] setup_percpu: NR_CPUS:8192 nr_cpumask_bits:1 nr_cpu_ids:1 nr_node_ids:1
[    0.508252] percpu: Embedded 63 pages/cpu s221184 r8192 d28672 u2097152
[    0.524374] Kernel command line: console=ttyS0,115200n8 earlyprintk=serial,ttyS0,115200 rdinit=/init nokaslr 
[    0.548282] Unknown kernel command line parameters "nokaslr", will be passed to user space.
[    0.571357] random: crng init done
[    0.583194] Dentry cache hash table entries: 65536 (order: 7, 524288 bytes, linear)
[    0.604137] Inode-cache hash table entries: 32768 (order: 6, 262144 bytes, linear)
[    0.623859] Fallback order for Node 0: 0 
[    0.623880] Built 1 zonelists, mobility grouping on.  Total pages: 128768
[    0.649920] Policy zone: DMA32
[    0.657186] mem auto-init: stack:off, heap alloc:on, heap free:off
[    0.673065] Memory: 211664K/523896K available (20480K kernel code, 3451K rwdata, 13596K rodata, 4480K init, 6224K bss, 60380K reserved, 0K cma-reserved)
[    0.706369] SLUB: HWalign=64, Order=0-3, MinObjects=0, CPUs=1, Nodes=1
[    0.722195] Kernel/User page tables isolation: enabled
Poking KASLR using RDRAND RDTSC...
[    0.743183] ftrace: allocating 55788 entries in 218 pages
[    0.762213] ftrace: allocated 218 pages with 5 groups
[    0.777269] Dynamic Preempt: none
[    0.786427] rcu: Preemptible hierarchical RCU implementation.
[    0.800668] rcu: 	RCU restricting CPUs from NR_CPUS=8192 to nr_cpu_ids=1.
[    0.817312] 	Trampoline variant of Tasks RCU enabled.
[    0.829592] 	Rude variant of Tasks RCU enabled.
[    0.841037] 	Tracing variant of Tasks RCU enabled.
[    0.852901] rcu: RCU calculated value of scheduler-enlistment delay is 25 jiffies.
[    0.872959] rcu: Adjusting geometry for rcu_fanout_leaf=16, nr_cpu_ids=1
[    0.893602] NR_IRQS: 524544, nr_irqs: 16, preallocated irqs: 0
[    0.908727] rcu: srcu_init: Setting srcu_struct sizes based on contention.
[    0.926926] Console: colour dummy device 80x25
[    0.938118] printk: console [ttyS0] enabled
[    0.938118] printk: console [ttyS0] enabled
[    0.959259] printk: bootconsole [earlyser0] disabled
[    0.959259] printk: bootconsole [earlyser0] disabled
[    0.988532] ACPI: Core revision 20230628
[    0.998889] ACPI: setting ELCR to 0001 (from 0000)
[    1.010692] APIC: ACPI MADT or MP tables are not detected
[    1.024195] APIC: Switch to virtual wire mode setup with no configuration
[    1.043155] Not enabling interrupt remapping due to skipped IO-APIC setup
[    1.061190] clocksource: tsc-early: mask: 0xffffffffffffffff max_cycles: 0x285c40e2248, max_idle_ns: 440795340634 ns
[    1.089919] Calibrating delay loop (skipped), value calculated using timer frequency.. 5600.00 BogoMIPS (lpj=11200000)
[    1.093915] Disabled fast string operations
[    1.093915] Last level iTLB entries: 4KB 64, 2MB 8, 4MB 8
[    1.093915] Last level dTLB entries: 4KB 64, 2MB 32, 4MB 32, 1GB 4
[    1.093915] Spectre V1 : Mitigation: usercopy/swapgs barriers and __user pointer sanitization
[    1.093915] Spectre V2 : Mitigation: Retpolines
[    1.093915] Spectre V2 : Spectre v2 / SpectreRSB: Filling RSB on context switch and VMEXIT
[    1.093915] RETBleed: WARNING: Spectre v2 mitigation leaves CPU vulnerable to RETBleed attacks, data leaks possible!
[    1.093915] RETBleed: Vulnerable
[    1.093915] Speculative Store Bypass: Vulnerable
[    1.093915] MDS: Mitigation: Clear CPU buffers
[    1.093915] MMIO Stale Data: Mitigation: Clear CPU buffers
[    1.093915] SRBDS: Vulnerable: No microcode
[    1.093915] GDS: Vulnerable: No microcode
[    1.093915] x86/fpu: Supporting XSAVE feature 0x001: 'x87 floating point registers'
[    1.093915] x86/fpu: Supporting XSAVE feature 0x002: 'SSE registers'
[    1.093915] x86/fpu: Supporting XSAVE feature 0x004: 'AVX registers'
[    1.093915] x86/fpu: xstate_offset[2]:  576, xstate_sizes[2]:  256
[    1.093915] x86/fpu: Enabled xstate features 0x7, context size is 832 bytes, using 'compacted' format.
[    1.093915] Freeing SMP alternatives memory: 44K
[    1.093915] pid_max: default: 32768 minimum: 301
[    1.093915] LSM: initializing lsm=capability,landlock,yama,safesetid,selinux,integrity
[    1.093915] landlock: Up and running.
[    1.093915] Yama: becoming mindful.
[    1.093915] SELinux:  Initializing.
[    1.093915] Mount-cache hash table entries: 1024 (order: 1, 8192 bytes, linear)
[    1.093915] Mountpoint-cache hash table entries: 1024 (order: 1, 8192 bytes, linear)
[    1.093915] smpboot: SMP disabled
[    1.093915] RCU Tasks: Setting shift to 0 and lim to 1 rcu_task_cb_adjust=1 rcu_task_cpu_ids=1.
[    1.093915] RCU Tasks Rude: Setting shift to 0 and lim to 1 rcu_task_cb_adjust=1 rcu_task_cpu_ids=1.
[    1.093915] RCU Tasks Trace: Setting shift to 0 and lim to 1 rcu_task_cb_adjust=1 rcu_task_cpu_ids=1.
[    1.093915] Performance Events: Skylake events, 32-deep LBR, full-width counters, Intel PMU driver.
[    1.093915] ... version:                2
[    1.093915] ... bit width:              48
[    1.093915] ... generic registers:      4
[    1.093915] ... value mask:             0000ffffffffffff
[    1.093915] ... max period:             00007fffffffffff
[    1.093915] ... fixed-purpose events:   3
[    1.093915] ... event mask:             000000070000000f
[    1.093915] signal: max sigframe size: 1776
[    1.093915] rcu: Hierarchical SRCU implementation.
[    1.093915] rcu: 	Max phase no-delay instances is 1000.
[    1.093915] NMI watchdog: Enabled. Permanently consumes one hw-PMU counter.
[    1.093915] smp: Bringing up secondary CPUs ...
[    1.093915] smp: Brought up 1 node, 1 CPU
[    1.093915] smpboot: Max logical packages: 1
[    1.093915] smpboot: Total of 1 processors activated (5600.00 BogoMIPS)
[    1.093915] node 0 deferred pages initialised in 0ms
[    1.093915] devtmpfs: initialized
[    1.093915] x86/mm: Memory block size: 128MB
[    1.093915] clocksource: jiffies: mask: 0xffffffff max_cycles: 0xffffffff, max_idle_ns: 7645041785100000 ns
[    1.093915] futex hash table entries: 256 (order: 2, 16384 bytes, linear)
[    1.093915] pinctrl core: initialized pinctrl subsystem
[    1.093915] NET: Registered PF_NETLINK/PF_ROUTE protocol family
[    1.093915] DMA: preallocated 128 KiB GFP_KERNEL pool for atomic allocations
[    1.093915] DMA: preallocated 128 KiB GFP_KERNEL|GFP_DMA32 pool for atomic allocations
[    1.093915] audit: initializing netlink subsys (disabled)
[    1.093915] thermal_sys: Registered thermal governor 'step_wise'
[    1.093915] thermal_sys: Registered thermal governor 'user_space'
[    1.093915] audit: type=2000 audit(943920000.000:1): state=initialized audit_enabled=0 res=1
[    1.093915] cpuidle: using governor ladder
[    1.093915] cpuidle: using governor menu
[    1.093915] acpiphp: ACPI Hot Plug PCI Controller Driver version: 0.5
[    1.093915] dca service started, version 1.12.1
[    1.093915] PCI: Fatal: No config space access function found
[    1.093915] kprobes: kprobe jump-optimization is enabled. All kprobes are optimized if possible.
[    1.093915] HugeTLB: registered 1.00 GiB page size, pre-allocated 0 pages
[    1.093915] HugeTLB: 16380 KiB vmemmap can be freed for a 1.00 GiB page
[    1.093915] HugeTLB: registered 2.00 MiB page size, pre-allocated 0 pages
[    1.093915] HugeTLB: 28 KiB vmemmap can be freed for a 2.00 MiB page
[    1.093915] cryptd: max_cpu_qlen set to 1000
[    1.093915] ACPI: Added _OSI(Module Device)
[    1.093915] ACPI: Added _OSI(Processor Device)
[    1.093915] ACPI: Added _OSI(Processor Aggregator Device)
[    1.093915] ACPI: 1 ACPI AML tables successfully acquired and loaded
[    1.093915] ACPI: _OSC evaluated successfully for all CPUs
[    1.093915] ACPI: Interpreter enabled
[    1.093915] ACPI: PM: (supports S0)
[    1.093915] ACPI: Using PIC for interrupt routing
[    1.093915] PCI: Using host bridge windows from ACPI; if necessary, use "pci=nocrs" and report a bug
[    1.093915] PCI: Using E820 reservations for host bridge windows
[    1.093915] iommu: Default domain type: Translated
[    1.093915] iommu: DMA domain TLB invalidation policy: lazy mode
[    1.093915] SCSI subsystem initialized
[    1.093915] pps_core: LinuxPPS API ver. 1 registered
[    1.093915] pps_core: Software ver. 5.3.6 - Copyright 2005-2007 Rodolfo Giometti <giometti@linux.it>
[    1.093915] PTP clock support registered
[    1.093915] EDAC MC: Ver: 3.0.0
[    1.093915] NetLabel: Initializing
[    1.093915] NetLabel:  domain hash size = 128
[    1.093915] NetLabel:  protocols = UNLABELED CIPSOv4 CALIPSO
[    1.093915] NetLabel:  unlabeled traffic allowed by default
[    1.093915] PCI: Using ACPI for IRQ routing
[    1.093915] PCI: System does not support PCI
[    1.093915] vgaarb: loaded
[    1.093915] clocksource: Switched to clocksource tsc-early
[    1.093915] VFS: Disk quotas dquot_6.6.0
[    1.093915] VFS: Dquot-cache hash table entries: 512 (order 0, 4096 bytes)
[    1.093915] FS-Cache: Loaded
[    1.093915] pnp: PnP ACPI init
[    1.093915] pnp: PnP ACPI: found 0 devices
[    1.093915] NET: Registered PF_INET protocol family
[    1.093915] IP idents hash table entries: 8192 (order: 4, 65536 bytes, linear)
[    1.093915] tcp_listen_portaddr_hash hash table entries: 256 (order: 0, 4096 bytes, linear)
[    1.093915] Table-perturb hash table entries: 65536 (order: 6, 262144 bytes, linear)
[    1.093915] TCP established hash table entries: 4096 (order: 3, 32768 bytes, linear)
[    1.093915] TCP bind hash table entries: 4096 (order: 5, 131072 bytes, linear)
[    1.093915] TCP: Hash tables configured (established 4096 bind 4096)
[    1.093915] UDP hash table entries: 256 (order: 1, 8192 bytes, linear)
[    1.093915] UDP-Lite hash table entries: 256 (order: 1, 8192 bytes, linear)
[    1.093915] NET: Registered PF_UNIX/PF_LOCAL protocol family
[    1.093915] NET: Registered PF_XDP protocol family
[    1.093915] PCI: CLS 0 bytes, default 64
[    1.093915] Trying to unpack rootfs image as initramfs...
[    1.093915] Freeing initrd memory: 1152K
[    1.093915] RAPL PMU: API unit is 2^-32 Joules, 0 fixed counters, 10737418240 ms ovfl timer
[    1.093915] unchecked MSR access error: WRMSR to 0xe01 (tried to write 0x000000002000001f) at rIP: 0xffffffff8109b4d8 (native_write_msr+0x8/0x30)
[    1.093915] Call Trace:
[    1.093915]  <TASK>
[    1.093915]  ? skl_uncore_msr_init_box+0x48/0x60
[    1.093915]  uncore_box_ref.part.0+0xa6/0xd0
[    1.093915]  uncore_event_cpu_online+0x63/0x150
[    1.093915]  cpuhp_invoke_callback+0x138/0x490
[    1.093915]  ? __schedule+0x3bb/0xaa0
[    1.093915]  ? __pfx_smpboot_thread_fn+0x10/0x10
[    1.093915]  cpuhp_thread_fun+0xe6/0x180
[    1.093915]  smpboot_thread_fn+0xe7/0x1e0
[    1.093915]  kthread+0xf6/0x130
[    1.093915]  ? __pfx_kthread+0x10/0x10
[    1.093915]  ret_from_fork+0x41/0x60
[    1.093915]  ? __pfx_kthread+0x10/0x10
[    1.093915]  ret_from_fork_asm+0x1b/0x30
[    1.093915]  </TASK>
[    1.093915] clocksource: tsc: mask: 0xffffffffffffffff max_cycles: 0x285c40e2248, max_idle_ns: 440795340634 ns
[    1.093915] clocksource: Switched to clocksource tsc
[    1.093915] platform rtc_cmos: registered platform RTC device (no PNP device found)
[    1.093915] Initialise system trusted keyrings
[    1.093915] Key type blacklist registered
[    1.093915] workingset: timestamp_bits=36 max_order=17 bucket_order=0
[    1.093915] squashfs: version 4.0 (2009/01/31) Phillip Lougher
[    1.093915] fuse: init (API version 7.39)
[    1.093915] SGI XFS with ACLs, security attributes, realtime, verbose warnings, quota, no debug enabled
[    1.093915] 9p: Installing v9fs 9p2000 file system support
[    1.093915] Key type asymmetric registered
[    1.093915] Asymmetric key parser 'x509' registered
[    1.093915] Block layer SCSI generic (bsg) driver version 0.4 loaded (major 245)
[    1.093915] io scheduler mq-deadline registered
[    1.093915] io scheduler kyber registered
[    1.093915] ioatdma: Intel(R) QuickData Technology Driver 5.00
[    1.093915] virtio-mmio LNRO0005:00: Wrong magic value 0x00001000!
[    1.093915] Serial: 8250/16550 driver, 8 ports, IRQ sharing enabled
[    1.093915] serial8250: ttyS0 at I/O 0x3f8 (irq = 4, base_baud = 115200) is a 16550A
[    1.093915] Linux agpgart interface v0.103
[    1.093915] AMD-Vi: AMD IOMMUv2 functionality not available on this system - This is not a bug.
[    1.093915] ACPI: bus type drm_connector registered
[    1.093915] brd: module loaded
[    1.093915] loop: module loaded
[    1.093915] Loading iSCSI transport class v2.0-870.
[    1.093915] rdac: device handler registered
[    1.093915] Microchip SmartPQI Driver (v2.1.24-046)
[    1.093915] VMware PVSCSI driver - version 1.0.7.0-k
[    1.093915] hv_vmbus: registering driver hv_storvsc
[    1.093915] PPP generic driver version 2.4.2
[    1.093915] VMware vmxnet3 virtual NIC driver - version 1.7.0.0-k-NAPI
[    1.093915] hv_vmbus: registering driver hv_netvsc
[    1.093915] Fusion MPT base driver 3.04.20
[    1.093915] Copyright (c) 1999-2008 LSI Corporation
[    1.093915] Fusion MPT SPI Host driver 3.04.20
[    1.093915] Fusion MPT SAS Host driver 3.04.20
[    1.093915] Fusion MPT misc device (ioctl) driver 3.04.20
[    1.093915] mptctl: Registered with Fusion MPT base driver
[    1.093915] mptctl: /dev/mptctl @ (major,minor=10,220)
[    1.093915] i8042: PNP: No PS/2 controller found.
[    1.093915] hv_vmbus: registering driver hyperv_keyboard
[    1.093915] rtc_cmos rtc_cmos: only 24-hr supported
[    1.093915] device-mapper: core: CONFIG_IMA_DISABLE_HTABLE is disabled. Duplicate IMA measurements will not be recorded in the IMA log.
[    1.093915] device-mapper: uevent: version 1.0.3
[    1.093915] device-mapper: ioctl: 4.48.0-ioctl (2023-03-01) initialised: dm-devel@redhat.com
[    1.093915] intel_pstate: CPU model not supported
[    1.093915] hv_utils: Registering HyperV Utility Driver
[    1.093915] hv_vmbus: registering driver hv_utils
[    1.093915] hv_vmbus: registering driver hv_balloon
[    1.093915] hv_vmbus: registering driver dxgkrnl
[    1.093915] misc dxg: dxgk: dxg_drv_init: vmbus_driver_register failed: -19
[    1.093915] drop_monitor: Initializing network drop monitor service
[    1.093915] NET: Registered PF_INET6 protocol family
[    1.093915] Segment Routing with IPv6
[    1.093915] In-situ OAM (IOAM) with IPv6
[    1.093915] NET: Registered PF_PACKET protocol family
[    1.093915] 9pnet: Installing 9P2000 support
[    1.093915] NET: Registered PF_VSOCK protocol family
[    1.093915] microcode: Current revision: 0x00000001
[    1.093915] microcode: Microcode Update Driver: v2.2.
[    1.093915] IPI shorthand broadcast: enabled
[    1.093915] AVX2 version of gcm_enc/dec engaged.
[    1.093915] AES CTR mode by8 optimization enabled
[    1.093915] sched_clock: Marking stable (926887941, 163027506)->(1089915447, 0)
[    4.614647] registered taskstats version 1
[    4.629403] Loading compiled-in X.509 certificates
[    4.646761] ima: No TPM chip found, activating TPM-bypass!
[    4.665173] ima: Allocated hash algorithm: sha256
[    4.681055] ima: No architecture policies found
[    4.740858] RAS: Correctable Errors collector initialized.
[    4.761302] clk: Disabling unused clocks
[    4.775450] Freeing unused decrypted memory: 2028K
[    4.792109] Freeing unused kernel image (initmem) memory: 4480K
[    4.812116] Write protecting the kernel read-only data: 34816k
[    4.830998] Freeing unused kernel image (rodata/data gap) memory: 740K
[    4.853665] Run /init as init process
[    4.872276] Kernel panic - not syncing: Attempted to kill init! exitcode=0x00000000
[    4.898276] CPU: 0 PID: 1 Comm: sh Not tainted 6.6.114.1-microsoft-standard-WSL2 #1
[    4.923499] Call Trace:
[    4.932041]  <TASK>
[    4.938897]  dump_stack_lvl+0x4c/0x70
[    4.951509]  dump_stack+0x14/0x20
[    4.963098]  panic+0x179/0x330
[    4.973309]  do_exit+0x9ac/0xb30
[    4.983903]  do_group_exit+0x39/0x90
[    4.995797]  __x64_sys_exit_group+0x1c/0x20
[    5.009671]  x64_sys_call+0x183b/0x1c90
[    5.022518]  do_syscall_64+0x5a/0xb0
[    5.034123]  ? mntput_no_expire+0x51/0x260
[    5.048456]  ? generic_fillattr+0x4e/0x140
[    5.062185]  ? do_sigaction+0x133/0x280
[    5.075790]  ? __x64_sys_rt_sigaction+0xb0/0xd0
[    5.091047]  ? selinux_file_ioctl+0xb1/0x160
[    5.105244]  ? syscall_exit_to_user_mode+0x2f/0x50
[    5.120603]  ? x64_sys_call+0x13ce/0x1c90
[    5.134168]  ? do_syscall_64+0x66/0xb0
[    5.146352]  ? __x64_sys_ioctl+0x9f/0xe0
[    5.159017]  ? syscall_exit_to_user_mode+0x2f/0x50
[    5.174316]  ? x64_sys_call+0x17c2/0x1c90
[    5.187545]  ? do_sigaction+0x133/0x280
[    5.200846]  ? do_sigaction+0x133/0x280
[    5.214473]  ? _copy_to_user+0x29/0x40
[    5.232154]  ? __x64_sys_rt_sigaction+0x7c/0xd0
[    5.252022]  ? syscall_exit_to_user_mode+0x2f/0x50
[    5.270798]  ? x64_sys_call+0x1922/0x1c90
[    5.287996]  ? syscall_exit_to_user_mode+0x2f/0x50
[    5.305978]  ? x64_sys_call+0x13ce/0x1c90
[    5.319791]  ? do_syscall_64+0x66/0xb0
[    5.334415]  entry_SYSCALL_64_after_hwframe+0x78/0xe2
[    5.350580] RIP: 0033:0x4474cd
[    5.359546] Code: 66 2e 0f 1f 84 00 00 00 00 00 0f 1f 00 f3 0f 1e fa 48 c7 c6 e0 ff ff ff ba e7 00 00 00 eb 07 66 0f 1f 44 00 00 f4 89 d0 0f 05 <48> 3d 00 f0 ff ff 76 f3 f7 d8 64 89 06 eb ec 0f 1f 40 00 f3 0f 1e
[    5.415358] RSP: 002b:00007ffc7f503418 EFLAGS: 00000246 ORIG_RAX: 00000000000000e7
[    5.439689] RAX: ffffffffffffffda RBX: 0000000014f33940 RCX: 00000000004474cd
[    5.461954] RDX: 00000000000000e7 RSI: ffffffffffffffe0 RDI: 0000000000000000
[    5.483437] RBP: 00007ffc7f503510 R08: 00007ffc7f503430 R09: 0000000014f348f0
[    5.505341] R10: 0000000000000008 R11: 0000000000000246 R12: 00007ffc7f503820
[    5.528761] R13: 00007ffc7f503820 R14: 00000000005fc848 R15: 0000000000000000
[    5.551024]  </TASK>
[    5.557651] Kernel Offset: disabled
