

KASLR disabled: 'nokaslr' on cmdline.

[    0.000000] Linux version 6.6.114.1-microsoft-standard-WSL2 (root@507f3e43091d) (gcc (GCC) 13.2.0, GNU ld (GNU Binutils) 2.41) #1 SMP PREEMPT_DYNAMIC Mon Dec  1 20:46:23 UTC 2025
[    0.000000] Command line: console=ttyS0,115200n8 earlyprintk=serial,ttyS0,115200 rdinit=/init nokaslr 
[    0.000000] KERNEL supported cpus:
[    0.000000]   Intel GenuineIntel
[    0.000000]   AMD AuthenticAMD
[    0.000000] Intel Spectre v2 broken microcode detected; disabling Speculation Control
[    0.000000] Disabled fast string operations
[    0.000000] BIOS-provided physical RAM map:
[    0.000000] BIOS-e820: [mem 0x0000000000000000-0x000000000009efff] usable
[    0.000000] BIOS-e820: [mem 0x000000000009f000-0x00000000000fffff] reserved
[    0.000000] BIOS-e820: [mem 0x0000000000100000-0x000000001fffffff] usable
[    0.000000] printk: bootconsole [earlyser0] enabled
[    0.000000] NX (Execute Disable) protection: active
[    0.000000] APIC: Static calls initialized
[    0.000000] DMI not present or invalid.
[    0.000000] tsc: Detected 2800.000 MHz processor
[    0.000367] last_pfn = 0x20000 max_arch_pfn = 0x400000000
[    0.015795] MTRRs disabled by BIOS
[    0.024497] x86/PAT: Configuration [0-7]: WB  WC  UC- UC  WB  WP  UC- WT  
[    0.043310] Using GB pages for direct mapping
[    0.054672] RAMDISK: [mem 0x1fee1000-0x1fffffff]
[    0.066719] ACPI: Early table checksum verification disabled
[    0.082849] ACPI: RSDP 0x00000000000F0000 000024 (v02 LEMU  )
[    0.099300] ACPI: XSDT 0x00000000000F1000 000034 (v01 LEMU   LEMUVM01 00000001 LEMU 00000001)
[    0.120135] ACPI: FACP 0x00000000000F2000 000114 (v05 LEMU   LEMUVM01 00000001 LEMU 00000001)
[    0.141081] ACPI: DSDT 0x00000000000F4000 000074 (v02 LEMU   LEMUVIRT 00000001 INTL 20230628)
[    0.162569] ACPI: DSDT 0x00000000000F4000 000074 (v02 LEMU   LEMUVIRT 00000001 INTL 20230628)
[    0.181672] ACPI: Reserving FACP table memory at [mem 0xf2000-0xf2113]
[    0.196804] ACPI: Reserving DSDT table memory at [mem 0xf4000-0xf4073]
[    0.212776] ACPI: Reserving DSDT table memory at [mem 0xf4000-0xf4073]
[    0.229465] No NUMA configuration found
[    0.240052] Faking a node at [mem 0x0000000000000000-0x000000001fffffff]
[    0.256570] NODE_DATA(0) allocated [mem 0x1febf000-0x1fee0fff]
[    0.271353] Zone ranges:
[    0.277672]   DMA32    [mem 0x0000000000001000-0x000000001fffffff]
[    0.293214]   Normal   empty
[    0.299883]   Device   empty
[    0.307652] Movable zone start for each node
[    0.317330] Early memory node ranges
[    0.326505]   node   0: [mem 0x0000000000001000-0x000000000009efff]
[    0.341211]   node   0: [mem 0x0000000000100000-0x000000001fffffff]
[    0.356840] Initmem setup node 0 [mem 0x0000000000001000-0x000000001fffffff]
[    0.373617] On node 0, zone DMA32: 1 pages in unavailable ranges
[    0.382009] On node 0, zone DMA32: 97 pages in unavailable ranges
[    0.409345] smpboot: Allowing 1 CPUs, 0 hotplug CPUs
[    0.439321] PM: hibernation: Registered nosave memory: [mem 0x00000000-0x00000fff]
[    0.456864] PM: hibernation: Registered nosave memory: [mem 0x0009f000-0x000fffff]
[    0.474849] [mem 0x20000000-0xffffffff] available for PCI devices
[    0.489710] Booting paravirtualized kernel on bare hardware
[    0.502561] clocksource: refined-jiffies: mask: 0xffffffff max_cycles: 0xffffffff, max_idle_ns: 7645519600211568 ns
[    0.526335] setup_percpu: NR_CPUS:8192 nr_cpumask_bits:1 nr_cpu_ids:1 nr_node_ids:1
[    0.549197] percpu: Embedded 63 pages/cpu s221184 r8192 d28672 u2097152
[    0.568660] Kernel command line: console=ttyS0,115200n8 earlyprintk=serial,ttyS0,115200 rdinit=/init nokaslr 
[    0.604023] Unknown kernel command line parameters "nokaslr", will be passed to user space.
[    0.627393] random: crng init done
[    0.638386] Dentry cache hash table entries: 65536 (order: 7, 524288 bytes, linear)
[    0.659142] Inode-cache hash table entries: 32768 (order: 6, 262144 bytes, linear)
[    0.682226] Fallback order for Node 0: 0 
[    0.682265] Built 1 zonelists, mobility grouping on.  Total pages: 128768
[    0.710664] Policy zone: DMA32
[    0.718159] mem auto-init: stack:off, heap alloc:on, heap free:off
[    0.734399] Memory: 211664K/523896K available (20480K kernel code, 3451K rwdata, 13596K rodata, 4480K init, 6224K bss, 60376K reserved, 0K cma-reserved)
[    0.769375] SLUB: HWalign=64, Order=0-3, MinObjects=0, CPUs=1, Nodes=1
[    0.784843] Kernel/User page tables isolation: enabled
Poking KASLR using RDRAND RDTSC...
[    0.804771] ftrace: allocating 55788 entries in 218 pages
[    0.824153] ftrace: allocated 218 pages with 5 groups
[    0.839656] Dynamic Preempt: none
[    0.849270] rcu: Preemptible hierarchical RCU implementation.
[    0.864050] rcu: 	RCU restricting CPUs from NR_CPUS=8192 to nr_cpu_ids=1.
[    0.881512] 	Trampoline variant of Tasks RCU enabled.
[    0.896808] 	Rude variant of Tasks RCU enabled.
[    0.918545] 	Tracing variant of Tasks RCU enabled.
[    0.936021] rcu: RCU calculated value of scheduler-enlistment delay is 25 jiffies.
[    0.955679] rcu: Adjusting geometry for rcu_fanout_leaf=16, nr_cpu_ids=1
[    0.975645] NR_IRQS: 524544, nr_irqs: 16, preallocated irqs: 0
[    0.990811] rcu: srcu_init: Setting srcu_struct sizes based on contention.
[    1.007917] Console: colour dummy device 80x25
[    1.019204] printk: console [ttyS0] enabled
[    1.019204] printk: console [ttyS0] enabled
[    1.039473] printk: bootconsole [earlyser0] disabled
[    1.039473] printk: bootconsole [earlyser0] disabled
[    1.064643] ACPI: Core revision 20230628
[    1.074594] ACPI: setting ELCR to 0001 (from 0000)
[    1.085541] APIC: ACPI MADT or MP tables are not detected
[    1.097692] APIC: Switch to virtual wire mode setup with no configuration
[    1.113614] Not enabling interrupt remapping due to skipped IO-APIC setup
[    1.129474] clocksource: tsc-early: mask: 0xffffffffffffffff max_cycles: 0x285c40e2248, max_idle_ns: 440795340634 ns
[    1.153547] Calibrating delay loop (skipped), value calculated using timer frequency.. 5600.00 BogoMIPS (lpj=11200000)
[    1.157486] Disabled fast string operations
[    1.157486] Last level iTLB entries: 4KB 64, 2MB 8, 4MB 8
[    1.157486] Last level dTLB entries: 4KB 64, 2MB 32, 4MB 32, 1GB 4
[    1.157486] Spectre V1 : Mitigation: usercopy/swapgs barriers and __user pointer sanitization
[    1.157486] Spectre V2 : Mitigation: Retpolines
[    1.157486] Spectre V2 : Spectre v2 / SpectreRSB: Filling RSB on context switch and VMEXIT
[    1.157486] RETBleed: WARNING: Spectre v2 mitigation leaves CPU vulnerable to RETBleed attacks, data leaks possible!
[    1.157486] RETBleed: Vulnerable
[    1.157486] Speculative Store Bypass: Vulnerable
[    1.157486] MDS: Mitigation: Clear CPU buffers
[    1.157486] MMIO Stale Data: Mitigation: Clear CPU buffers
[    1.157486] SRBDS: Vulnerable: No microcode
[    1.157486] GDS: Vulnerable: No microcode
[    1.157486] x86/fpu: Supporting XSAVE feature 0x001: 'x87 floating point registers'
[    1.157486] x86/fpu: Supporting XSAVE feature 0x002: 'SSE registers'
[    1.157486] x86/fpu: Supporting XSAVE feature 0x004: 'AVX registers'
[    1.157486] x86/fpu: xstate_offset[2]:  576, xstate_sizes[2]:  256
[    1.157486] x86/fpu: Enabled xstate features 0x7, context size is 832 bytes, using 'compacted' format.
[    1.157486] Freeing SMP alternatives memory: 44K
[    1.157486] pid_max: default: 32768 minimum: 301
[    1.157486] LSM: initializing lsm=capability,landlock,yama,safesetid,selinux,integrity
[    1.157486] landlock: Up and running.
[    1.157486] Yama: becoming mindful.
[    1.157486] SELinux:  Initializing.
[    1.157486] Mount-cache hash table entries: 1024 (order: 1, 8192 bytes, linear)
[    1.157486] Mountpoint-cache hash table entries: 1024 (order: 1, 8192 bytes, linear)
[    1.157486] smpboot: CPU 0 Converting physical 2 to logical package 0
[    1.157486] smpboot: SMP disabled
[    1.157486] RCU Tasks: Setting shift to 0 and lim to 1 rcu_task_cb_adjust=1 rcu_task_cpu_ids=1.
[    1.157486] RCU Tasks Rude: Setting shift to 0 and lim to 1 rcu_task_cb_adjust=1 rcu_task_cpu_ids=1.
[    1.157486] RCU Tasks Trace: Setting shift to 0 and lim to 1 rcu_task_cb_adjust=1 rcu_task_cpu_ids=1.
[    1.157486] Performance Events: Skylake events, 32-deep LBR, full-width counters, Intel PMU driver.
[    1.157486] ... version:                2
[    1.157486] ... bit width:              48
[    1.157486] ... generic registers:      4
[    1.157486] ... value mask:             0000ffffffffffff
[    1.157486] ... max period:             00007fffffffffff
[    1.157486] ... fixed-purpose events:   3
[    1.157486] ... event mask:             000000070000000f
[    1.157486] signal: max sigframe size: 1776
[    1.157486] rcu: Hierarchical SRCU implementation.
[    1.157486] rcu: 	Max phase no-delay instances is 1000.
[    1.157486] NMI watchdog: Enabled. Permanently consumes one hw-PMU counter.
[    1.157486] smp: Bringing up secondary CPUs ...
[    1.157486] smp: Brought up 1 node, 1 CPU
[    1.157486] smpboot: Max logical packages: 1
[    1.157486] smpboot: Total of 1 processors activated (5600.00 BogoMIPS)
[    1.157486] node 0 deferred pages initialised in 0ms
[    1.157486] devtmpfs: initialized
[    1.157486] x86/mm: Memory block size: 128MB
[    1.157486] clocksource: jiffies: mask: 0xffffffff max_cycles: 0xffffffff, max_idle_ns: 7645041785100000 ns
[    1.157486] futex hash table entries: 256 (order: 2, 16384 bytes, linear)
[    1.157486] pinctrl core: initialized pinctrl subsystem
[    1.157486] NET: Registered PF_NETLINK/PF_ROUTE protocol family
[    1.157486] DMA: preallocated 128 KiB GFP_KERNEL pool for atomic allocations
[    1.157486] DMA: preallocated 128 KiB GFP_KERNEL|GFP_DMA32 pool for atomic allocations
[    1.157486] audit: initializing netlink subsys (disabled)
[    1.157486] thermal_sys: Registered thermal governor 'step_wise'
[    1.157486] thermal_sys: Registered thermal governor 'user_space'
[    1.157486] audit: type=2000 audit(943920000.000:1): state=initialized audit_enabled=0 res=1
[    1.157486] cpuidle: using governor ladder
[    1.157486] cpuidle: using governor menu
[    1.157486] acpiphp: ACPI Hot Plug PCI Controller Driver version: 0.5
[    1.157486] dca service started, version 1.12.1
[    1.157486] PCI: Fatal: No config space access function found
[    1.157486] kprobes: kprobe jump-optimization is enabled. All kprobes are optimized if possible.
[    1.157486] HugeTLB: registered 1.00 GiB page size, pre-allocated 0 pages
[    1.157486] HugeTLB: 16380 KiB vmemmap can be freed for a 1.00 GiB page
[    1.157486] HugeTLB: registered 2.00 MiB page size, pre-allocated 0 pages
[    1.157486] HugeTLB: 28 KiB vmemmap can be freed for a 2.00 MiB page
[    1.157486] cryptd: max_cpu_qlen set to 1000
[    1.157486] ACPI: Added _OSI(Module Device)
[    1.157486] ACPI: Added _OSI(Processor Device)
[    1.157486] ACPI: Added _OSI(Processor Aggregator Device)
[    1.157486] ACPI: 1 ACPI AML tables successfully acquired and loaded
[    1.157486] ACPI: _OSC evaluated successfully for all CPUs
[    1.157486] ACPI: Interpreter enabled
[    1.157486] ACPI: PM: (supports S0)
[    1.157486] ACPI: Using PIC for interrupt routing
[    1.157486] PCI: Using host bridge windows from ACPI; if necessary, use "pci=nocrs" and report a bug
[    1.157486] PCI: Using E820 reservations for host bridge windows
[    1.157486] iommu: Default domain type: Translated
[    1.157486] iommu: DMA domain TLB invalidation policy: lazy mode
[    1.157486] SCSI subsystem initialized
[    1.157486] pps_core: LinuxPPS API ver. 1 registered
[    1.157486] pps_core: Software ver. 5.3.6 - Copyright 2005-2007 Rodolfo Giometti <giometti@linux.it>
[    1.157486] PTP clock support registered
[    1.157486] EDAC MC: Ver: 3.0.0
[    1.157486] NetLabel: Initializing
[    1.157486] NetLabel:  domain hash size = 128
[    1.157486] NetLabel:  protocols = UNLABELED CIPSOv4 CALIPSO
[    1.157486] NetLabel:  unlabeled traffic allowed by default
[    1.157486] PCI: Using ACPI for IRQ routing
[    1.157486] PCI: System does not support PCI
[    1.157486] vgaarb: loaded
[    1.157486] clocksource: Switched to clocksource tsc-early
[    1.157486] VFS: Disk quotas dquot_6.6.0
[    1.157486] VFS: Dquot-cache hash table entries: 512 (order 0, 4096 bytes)
[    1.157486] FS-Cache: Loaded
[    1.157486] pnp: PnP ACPI init
[    1.157486] pnp: PnP ACPI: found 0 devices
[    1.157486] NET: Registered PF_INET protocol family
[    1.157486] IP idents hash table entries: 8192 (order: 4, 65536 bytes, linear)
[    1.157486] tcp_listen_portaddr_hash hash table entries: 256 (order: 0, 4096 bytes, linear)
[    1.157486] Table-perturb hash table entries: 65536 (order: 6, 262144 bytes, linear)
[    1.157486] TCP established hash table entries: 4096 (order: 3, 32768 bytes, linear)
[    1.157486] TCP bind hash table entries: 4096 (order: 5, 131072 bytes, linear)
[    1.157486] TCP: Hash tables configured (established 4096 bind 4096)
[    1.157486] UDP hash table entries: 256 (order: 1, 8192 bytes, linear)
[    1.157486] UDP-Lite hash table entries: 256 (order: 1, 8192 bytes, linear)
[    1.157486] NET: Registered PF_UNIX/PF_LOCAL protocol family
[    1.157486] NET: Registered PF_XDP protocol family
[    1.157486] PCI: CLS 0 bytes, default 64
[    1.157486] Trying to unpack rootfs image as initramfs...
[    1.157486] Freeing initrd memory: 1148K
[    1.157486] RAPL PMU: API unit is 2^-32 Joules, 0 fixed counters, 10737418240 ms ovfl timer
[    1.157486] unchecked MSR access error: WRMSR to 0xe01 (tried to write 0x000000002000001f) at rIP: 0xffffffff8109b4d8 (native_write_msr+0x8/0x30)
[    1.157486] Call Trace:
[    1.157486]  <TASK>
[    1.157486]  ? skl_uncore_msr_init_box+0x48/0x60
[    1.157486]  uncore_box_ref.part.0+0xa6/0xd0
[    1.157486]  uncore_event_cpu_online+0x63/0x150
[    1.157486]  cpuhp_invoke_callback+0x138/0x490
[    1.157486]  ? __schedule+0x3bb/0xaa0
[    1.157486]  ? __pfx_smpboot_thread_fn+0x10/0x10
[    1.157486]  cpuhp_thread_fun+0xe6/0x180
[    1.157486]  smpboot_thread_fn+0xe7/0x1e0
[    1.157486]  kthread+0xf6/0x130
[    1.157486]  ? __pfx_kthread+0x10/0x10
[    1.157486]  ret_from_fork+0x41/0x60
[    1.157486]  ? __pfx_kthread+0x10/0x10
[    1.157486]  ret_from_fork_asm+0x1b/0x30
[    1.157486]  </TASK>
[    1.157486] clocksource: tsc: mask: 0xffffffffffffffff max_cycles: 0x285c40e2248, max_idle_ns: 440795340634 ns
[    1.157486] clocksource: Switched to clocksource tsc
[    1.157486] platform rtc_cmos: registered platform RTC device (no PNP device found)
[    1.157486] Initialise system trusted keyrings
[    1.157486] Key type blacklist registered
[    1.157486] workingset: timestamp_bits=36 max_order=17 bucket_order=0
[    1.157486] squashfs: version 4.0 (2009/01/31) Phillip Lougher
[    1.157486] fuse: init (API version 7.39)
[    1.157486] SGI XFS with ACLs, security attributes, realtime, verbose warnings, quota, no debug enabled
[    1.157486] 9p: Installing v9fs 9p2000 file system support
[    1.157486] Key type asymmetric registered
[    1.157486] Asymmetric key parser 'x509' registered
[    1.157486] Block layer SCSI generic (bsg) driver version 0.4 loaded (major 245)
[    1.157486] io scheduler mq-deadline registered
[    1.157486] io scheduler kyber registered
[    1.157486] ioatdma: Intel(R) QuickData Technology Driver 5.00
[    1.157486] Serial: 8250/16550 driver, 8 ports, IRQ sharing enabled
[    1.157486] overflow: 0000 [#1] PREEMPT SMP PTI
[    1.157486] CPU: 0 PID: 1 Comm: swapper/0 Not tainted 6.6.114.1-microsoft-standard-WSL2 #1
[    1.157486] RIP: 0010:_raw_spin_unlock_irqrestore+0x21/0x40
[    1.157486] Code: 90 90 90 90 90 90 90 90 90 f3 0f 1e fa 0f 1f 44 00 00 55 48 89 e5 c6 07 00 0f 1f 00 f7 c6 00 02 00 00 74 06 fb 0f 1f 44 00 00 <65> ff 0d 00 52 fb 7d 74 06 5d c3 cc cc cc cc 0f 1f 44 00 00 5d c3
[    1.157486] RSP: 0000:ffffc9000000fcb0 EFLAGS: 00000206
[    1.157486] RAX: 0000000000000000 RBX: ffffffff83c41ca0 RCX: 0000000000000000
[    1.157486] RDX: 00000000000003f9 RSI: 0000000000000202 RDI: ffffffff83c41ca0
[    1.157486] RBP: ffffc9000000fcb0 R08: ffffffff8323dc50 R09: 0000000000000000
[    1.157486] R10: ffff8880045fa280 R11: ffff8880045fa280 R12: 0000000000000001
[    1.157486] R13: 0000000000000001 R14: 0000000000000202 R15: 0000000000000100
[    1.157486] FS:  0000000000000000(0000) GS:ffff88801f400000(0000) knlGS:0000000000000000
[    1.157486] CS:  0010 DS: 0000 ES: 0000 CR0: 0000000080050033
[    1.157486] CR2: ffff888004000000 CR3: 0000000003232001 CR4: 00000000000706f0
[    1.157486] Call Trace:
[    1.157486]  <TASK>
[    1.157486]  serial8250_config_port+0x4d0/0x1050
[    1.157486]  ? kasprintf+0x52/0x70
[    1.157486]  univ8250_config_port+0xbb/0x140
[    1.157486]  serial_core_register_port+0x2e9/0x810
[    1.157486]  serial_ctrl_register_port+0x12/0x20
[    1.157486]  uart_add_one_port+0x12/0x20
[    1.157486]  serial8250_init+0x154/0x1f0
[    1.157486]  ? __pfx_serial8250_init+0x10/0x10
[    1.157486]  do_one_initcall+0x4e/0x330
[    1.157486]  kernel_init_freeable+0x31e/0x470
[    1.157486]  ? __pfx_kernel_init+0x10/0x10
[    1.157486]  kernel_init+0x1e/0x1c0
[    1.157486]  ret_from_fork+0x41/0x60
[    1.157486]  ? __pfx_kernel_init+0x10/0x10
[    1.157486]  ret_from_fork_asm+0x1b/0x30
[    1.157486]  </TASK>
[    1.157486] Modules linked in:
[    1.157486] ---[ end trace 0000000000000000 ]---
[    1.157486] RIP: 0010:_raw_spin_unlock_irqrestore+0x21/0x40
[    1.157486] Code: 90 90 90 90 90 90 90 90 90 f3 0f 1e fa 0f 1f 44 00 00 55 48 89 e5 c6 07 00 0f 1f 00 f7 c6 00 02 00 00 74 06 fb 0f 1f 44 00 00 <65> ff 0d 00 52 fb 7d 74 06 5d c3 cc cc cc cc 0f 1f 44 00 00 5d c3
[    1.157486] RSP: 0000:ffffc9000000fcb0 EFLAGS: 00000206
[    1.157486] RAX: 0000000000000000 RBX: ffffffff83c41ca0 RCX: 0000000000000000
[    1.157486] RDX: 00000000000003f9 RSI: 0000000000000202 RDI: ffffffff83c41ca0
[    1.157486] RBP: ffffc9000000fcb0 R08: ffffffff8323dc50 R09: 0000000000000000
[    1.157486] R10: ffff8880045fa280 R11: ffff8880045fa280 R12: 0000000000000001
[    1.157486] R13: 0000000000000001 R14: 0000000000000202 R15: 0000000000000100
[    1.157486] FS:  0000000000000000(0000) GS:ffff88801f400000(0000) knlGS:0000000000000000
[    1.157486] CS:  0010 DS: 0000 ES: 0000 CR0: 0000000080050033
[    1.157486] CR2: ffff888004000000 CR3: 0000000003232001 CR4: 00000000000706f0
[    1.157486] Kernel panic - not syncing: Fatal exception
[    1.157486] Kernel Offset: disabled
