

KASLR disabled: 'nokaslr' on cmdline.

[    0.000000] Linux version 6.6.114.1-microsoft-standard-WSL2 (root@507f3e43091d) (gcc (GCC) 13.2.0, GNU ld (GNU Binutils) 2.41) #1 SMP PREEMPT_DYNAMIC Mon Dec  1 20:46:23 UTC 2025
[    0.000000] Command line: console=ttyS0,115200n8 earlyprintk=serial,ttyS0,115200 rdinit=/init nokaslr lpj=14512128 tsc_early_khz=2800000 
[    0.000000] KERNEL supported cpus:
[    0.000000]   Intel GenuineIntel
[    0.000000]   AMD AuthenticAMD
[    0.000000] CPU: vendor_id 'GenuntelineI' unknown, using generic init.
[    0.000000] CPU: Your system may be unstable.
[    0.000000] BIOS-provided physical RAM map:
[    0.000000] BIOS-e820: [mem 0x0000000000000000-0x000000000009efff] usable
[    0.000000] BIOS-e820: [mem 0x000000000009f000-0x00000000000fffff] reserved
[    0.000000] BIOS-e820: [mem 0x0000000000100000-0x000000001fffffff] usable
[    0.000000] printk: bootconsole [earlyser0] enabled
[    0.000000] NX (Execute Disable) protection: active
[    0.000000] APIC: Static calls initialized
[    0.000000] DMI not present or invalid.
[    0.000000] tsc: Detected 2800.000 MHz processor
[    0.000301] last_pfn = 0x20000 max_arch_pfn = 0x400000000
[    0.018201] MTRRs disabled by BIOS
[    0.028884] x86/PAT: Configuration [0-7]: WB  WC  UC- UC  WB  WP  UC- WT  
[    0.052162] RAMDISK: [mem 0x1f387000-0x1fefffff]
[    0.067704] ACPI: Early table checksum verification disabled
[    0.086831] ACPI: RSDP 0x00000000000F0000 000024 (v02 LEMU  )
[    0.106497] ACPI: XSDT 0x00000000000F1000 000044 (v01 LEMU   LEMUVM01 00000001 LEMU 00000001)
[    0.134294] ACPI: FACP 0x00000000000F2000 000114 (v05 LEMU   LEMUVM01 00000001 LEMU 00000001)
[    0.161588] ACPI: DSDT 0x00000000000F4000 0000A9 (v02 LEMU   LEMUVIRT 00000002 INTL 20230628)
[    0.190513] ACPI: DSDT 0x00000000000F4000 0000A9 (v02 LEMU   LEMUVIRT 00000002 INTL 20230628)
[    0.219928] ACPI: MCFG 0x00000000000F6000 00003C (v01 LEMU   LEMUVM01 00000001 LEMU 00000001)
[    0.248675] ACPI: APIC 0x00000000000F8000 000054 (v01 LEMU   LEMUVM01 00000001 LEMU 00000001)
[    0.276836] ACPI: Reserving FACP table memory at [mem 0xf2000-0xf2113]
[    0.298172] ACPI: Reserving DSDT table memory at [mem 0xf4000-0xf40a8]
[    0.320466] ACPI: Reserving DSDT table memory at [mem 0xf4000-0xf40a8]
[    0.342158] ACPI: Reserving MCFG table memory at [mem 0xf6000-0xf603b]
[    0.364318] ACPI: Reserving APIC table memory at [mem 0xf8000-0xf8053]
[    0.387639] No NUMA configuration found
[    0.400092] Faking a node at [mem 0x0000000000000000-0x000000001fffffff]
[    0.423210] NODE_DATA(0) allocated [mem 0x1ffde000-0x1fffffff]
[    0.441985] Zone ranges:
[    0.450281]   DMA32    [mem 0x0000000000001000-0x000000001fffffff]
[    0.469597]   Normal   empty
[    0.478489]   Device   empty
[    0.487858] Movable zone start for each node
[    0.501482] Early memory node ranges
[    0.513024]   node   0: [mem 0x0000000000001000-0x000000000009efff]
[    0.535800]   node   0: [mem 0x0000000000100000-0x000000001fffffff]
[    0.556172] Initmem setup node 0 [mem 0x0000000000001000-0x000000001fffffff]
[    0.578679] On node 0, zone DMA32: 1 pages in unavailable ranges
[    0.587675] On node 0, zone DMA32: 97 pages in unavailable ranges
[    0.610829] IOAPIC[0]: apic_id 1, version 17, address 0xfec00000, GSI 0-23
[    0.652403] ACPI: INT_SRC_OVR (bus 0 bus_irq 0 global_irq 2 dfl dfl)
[    0.675935] ACPI: INT_SRC_OVR (bus 0 bus_irq 8 global_irq 8 dfl dfl)
[    0.698322] ACPI: Using ACPI (MADT) for SMP configuration information
[    0.719955] smpboot: Allowing 1 CPUs, 0 hotplug CPUs
[    0.737211] PM: hibernation: Registered nosave memory: [mem 0x00000000-0x00000fff]
[    0.760950] PM: hibernation: Registered nosave memory: [mem 0x0009f000-0x000fffff]
[    0.784994] [mem 0x20000000-0xffffffff] available for PCI devices
[    0.804610] Booting paravirtualized kernel on bare hardware
[    0.822161] clocksource: refined-jiffies: mask: 0xffffffff max_cycles: 0xffffffff, max_idle_ns: 7645519600211568 ns
[    0.855596] setup_percpu: NR_CPUS:8192 nr_cpumask_bits:1 nr_cpu_ids:1 nr_node_ids:1
[    0.884564] percpu: Embedded 63 pages/cpu s221184 r8192 d28672 u2097152
[    0.909341] Kernel command line: console=ttyS0,115200n8 earlyprintk=serial,ttyS0,115200 rdinit=/init nokaslr lpj=14512128 tsc_early_khz=2800000 
[    0.949939] Unknown kernel command line parameters "nokaslr", will be passed to user space.
[    0.978685] random: crng init done
[    0.990148] Dentry cache hash table entries: 65536 (order: 7, 524288 bytes, linear)
[    1.015913] Inode-cache hash table entries: 32768 (order: 6, 262144 bytes, linear)
[    1.042217] Fallback order for Node 0: 0 
[    1.042257] Built 1 zonelists, mobility grouping on.  Total pages: 128768
[    1.081534] Policy zone: DMA32
[    1.094034] mem auto-init: stack:off, heap alloc:on, heap free:off
[    1.116948] Memory: 211664K/523896K available (20480K kernel code, 3451K rwdata, 13596K rodata, 4480K init, 6224K bss, 70980K reserved, 0K cma-reserved)
[    1.162422] SLUB: HWalign=64, Order=0-3, MinObjects=0, CPUs=1, Nodes=1
[    1.185407] Kernel/User page tables isolation: enabled
Poking KASLR using RDRAND RDTSC...
[    1.213024] ftrace: allocating 55788 entries in 218 pages
[    1.237948] ftrace: allocated 218 pages with 5 groups
[    1.257768] Dynamic Preempt: none
[    1.268251] rcu: Preemptible hierarchical RCU implementation.
[    1.285657] rcu: 	RCU restricting CPUs from NR_CPUS=8192 to nr_cpu_ids=1.
[    1.307682] 	Trampoline variant of Tasks RCU enabled.
[    1.326413] 	Rude variant of Tasks RCU enabled.
[    1.342505] 	Tracing variant of Tasks RCU enabled.
[    1.357521] rcu: RCU calculated value of scheduler-enlistment delay is 25 jiffies.
[    1.381085] rcu: Adjusting geometry for rcu_fanout_leaf=16, nr_cpu_ids=1
[    1.406332] NR_IRQS: 524544, nr_irqs: 256, preallocated irqs: 0
[    1.428475] rcu: srcu_init: Setting srcu_struct sizes based on contention.
[    1.451390] Console: colour dummy device 80x25
[    1.465739] printk: console [ttyS0] enabled
[    1.465739] printk: console [ttyS0] enabled
[    1.492563] printk: bootconsole [earlyser0] disabled
[    1.492563] printk: bootconsole [earlyser0] disabled
[    1.529585] ACPI: Core revision 20230628
[    1.542887] APIC: Switch to symmetric I/O mode setup
[    1.560563] clocksource: tsc-early: mask: 0xffffffffffffffff max_cycles: 0x285c40e2248, max_idle_ns: 440795340634 ns
[    1.604239] Calibrating delay loop (skipped) preset value.. 7256.06 BogoMIPS (lpj=14512128)
[    1.608221] mce: unknown CPU type - not enabling MCE support
[    1.608221] Last level iTLB entries: 4KB 0, 2MB 0, 4MB 0
[    1.608221] Last level dTLB entries: 4KB 0, 2MB 0, 4MB 0, 1GB 0
[    1.608221] Spectre V1 : Mitigation: usercopy/swapgs barriers and __user pointer sanitization
[    1.608221] Spectre V2 : Mitigation: Retpolines
[    1.608221] Spectre V2 : Spectre v2 / SpectreRSB: Filling RSB on context switch and VMEXIT
[    1.608221] Speculative Store Bypass: Vulnerable
[    1.608221] MDS: Vulnerable: Clear CPU buffers attempted, no microcode
[    1.608221] MMIO Stale Data: Unknown: No mitigations
[    1.608221] ------------[ cut here ]------------
[    1.608221] [AVX registers]: struct is 256 bytes, cpu state 7 bytes
[    1.608221] WARNING: CPU: 0 PID: 0 at arch/x86/kernel/fpu/xstate.c:541 fpu__init_system_xstate+0x7d3/0xd60
[    1.608221] Modules linked in:
[    1.608221] CPU: 0 PID: 0 Comm: swapper/0 Not tainted 6.6.114.1-microsoft-standard-WSL2 #1
[    1.608221] RIP: 0010:fpu__init_system_xstate+0x7d3/0xd60
[    1.608221] Code: 80 3d 90 d9 f2 ff 00 75 ab 89 c1 ba 00 01 00 00 48 c7 c6 a6 06 95 82 48 c7 c7 f0 da 9b 82 c6 05 72 d9 f2 ff 01 e8 bd 10 b4 fd <0f> 0b eb 86 41 bc 08 00 00 00 80 3d 52 d9 f2 ff 00 0f 84 d3 04 00
[    1.608221] RSP: 0000:ffffffff83203e10 EFLAGS: 00010286
[    1.608221] RAX: 0000000000000000 RBX: ffffffff83203e74 RCX: c0000000ffffdfff
[    1.608221] RDX: 0000000000000000 RSI: 00000000ffffdfff RDI: 0000000000000001
[    1.608221] RBP: ffffffff83203ea8 R08: 0000000000000000 R09: ffffffff83203c78
[    1.608221] R10: 0000000000000003 R11: ffffffff83353128 R12: 0000000000000002
[    1.608221] R13: 0000000000000000 R14: 0000000000000007 R15: ffffffff83203e74
[    1.608221] FS:  0000000000000000(0000) GS:ffff88801e800000(0000) knlGS:0000000000000000
[    1.608221] CS:  0010 DS: 0000 ES: 0000 CR0: 0000000080050033
[    1.608221] CR2: ffff888004000000 CR3: 0000000003232000 CR4: 00000000000406b0
[    1.608221] Call Trace:
[    1.608221]  <TASK>
[    1.608221]  fpu__init_system+0xec/0x1b0
[    1.608221]  arch_cpu_finalize_init+0xde/0x120
[    1.608221]  start_kernel+0x45f/0x790
[    1.608221]  x86_64_start_reservations+0x25/0x40
[    1.608221]  x86_64_start_kernel+0x7f/0x80
[    1.608221]  secondary_startup_64_no_verify+0x17d/0x18b
[    1.608221]  </TASK>
[    1.608221] ---[ end trace 0000000000000000 ]---
[    1.608221] CPUID[0d, 00]: eax=00000007 ebx=00000340 ecx=00000340 edx=00000000
[    1.608221] CPUID[0d, 01]: eax=00000007 ebx=00000340 ecx=00000340 edx=00000000
[    1.608221] CPUID[0d, 02]: eax=00000007 ebx=00000340 ecx=00000340 edx=00000000
[    1.608221] CPUID[0d, 03]: eax=00000007 ebx=00000340 ecx=00000340 edx=00000000
[    1.608221] CPUID[0d, 04]: eax=00000007 ebx=00000340 ecx=00000340 edx=00000000
[    1.608221] CPUID[0d, 05]: eax=00000007 ebx=00000340 ecx=00000340 edx=00000000
[    1.608221] CPUID[0d, 06]: eax=00000007 ebx=00000340 ecx=00000340 edx=00000000
[    1.608221] CPUID[0d, 07]: eax=00000007 ebx=00000340 ecx=00000340 edx=00000000
[    1.608221] CPUID[0d, 08]: eax=00000007 ebx=00000340 ecx=00000340 edx=00000000
[    1.608221] CPUID[0d, 09]: eax=00000007 ebx=00000340 ecx=00000340 edx=00000000
[    1.608221] CPUID[0d, 0a]: eax=00000007 ebx=00000340 ecx=00000340 edx=00000000
[    1.608221] CPUID[0d, 0b]: eax=00000007 ebx=00000340 ecx=00000340 edx=00000000
[    1.608221] CPUID[0d, 0c]: eax=00000007 ebx=00000340 ecx=00000340 edx=00000000
[    1.608221] CPUID[0d, 0d]: eax=00000007 ebx=00000340 ecx=00000340 edx=00000000
[    1.608221] CPUID[0d, 0e]: eax=00000007 ebx=00000340 ecx=00000340 edx=00000000
[    1.608221] CPUID[0d, 0f]: eax=00000007 ebx=00000340 ecx=00000340 edx=00000000
[    1.608221] CPUID[0d, 10]: eax=00000007 ebx=00000340 ecx=00000340 edx=00000000
[    1.608221] CPUID[0d, 11]: eax=00000007 ebx=00000340 ecx=00000340 edx=00000000
[    1.608221] CPUID[0d, 12]: eax=00000007 ebx=00000340 ecx=00000340 edx=00000000
[    1.608221] CPUID[0d, 13]: eax=00000007 ebx=00000340 ecx=00000340 edx=00000000
[    1.608221] CPUID[0d, 14]: eax=00000007 ebx=00000340 ecx=00000340 edx=00000000
[    1.608221] CPUID[0d, 15]: eax=00000007 ebx=00000340 ecx=00000340 edx=00000000
[    1.608221] CPUID[0d, 16]: eax=00000007 ebx=00000340 ecx=00000340 edx=00000000
[    1.608221] CPUID[0d, 17]: eax=00000007 ebx=00000340 ecx=00000340 edx=00000000
[    1.608221] CPUID[0d, 18]: eax=00000007 ebx=00000340 ecx=00000340 edx=00000000
[    1.608221] CPUID[0d, 19]: eax=00000007 ebx=00000340 ecx=00000340 edx=00000000
[    1.608221] CPUID[0d, 1a]: eax=00000007 ebx=00000340 ecx=00000340 edx=00000000
[    1.608221] CPUID[0d, 1b]: eax=00000007 ebx=00000340 ecx=00000340 edx=00000000
[    1.608221] CPUID[0d, 1c]: eax=00000007 ebx=00000340 ecx=00000340 edx=00000000
[    1.608221] ------------[ cut here ]------------
[    1.608221] XSAVE consistency problem: size 583 != kernel_size 832
[    1.608221] WARNING: CPU: 0 PID: 0 at arch/x86/kernel/fpu/xstate.c:602 fpu__init_system_xstate+0xd53/0xd60
[    1.608221] Modules linked in:
[    1.608221] CPU: 0 PID: 0 Comm: swapper/0 Tainted: G        W          6.6.114.1-microsoft-standard-WSL2 #1
[    1.608221] RIP: 0010:fpu__init_system_xstate+0xd53/0xd60
[    1.608221] Code: 37 f7 ff ff 80 3d 00 d4 f2 ff 00 0f 85 b0 fa ff ff 8b 95 6c ff ff ff 48 c7 c7 38 dc 9b 82 c6 05 e6 d3 f2 ff 01 e8 3d 0b b4 fd <0f> 0b e9 90 fa ff ff e8 b1 d8 a9 fe 90 90 90 90 90 90 90 90 90 90
[    1.608221] RSP: 0000:ffffffff83203e10 EFLAGS: 00010286
[    1.608221] RAX: 0000000000000000 RBX: 0000000000000002 RCX: c0000000ffffdfff
[    1.608221] RDX: 0000000000000000 RSI: 00000000ffffdfff RDI: 0000000000000001
[    1.608221] RBP: ffffffff83203ea8 R08: 0000000000000000 R09: ffffffff83203c78
[    1.608221] R10: 0000000000000003 R11: ffffffff83353128 R12: 0000000000000002
[    1.608221] R13: 0000000000000000 R14: 0000000000000340 R15: ffffffff83203e74
[    1.608221] FS:  0000000000000000(0000) GS:ffff88801e800000(0000) knlGS:0000000000000000
[    1.608221] CS:  0010 DS: 0000 ES: 0000 CR0: 0000000080050033
[    1.608221] CR2: ffff888004000000 CR3: 0000000003232000 CR4: 00000000000406b0
[    1.608221] Call Trace:
[    1.608221]  <TASK>
[    1.608221]  fpu__init_system+0xec/0x1b0
[    1.608221]  arch_cpu_finalize_init+0xde/0x120
[    1.608221]  start_kernel+0x45f/0x790
[    1.608221]  x86_64_start_reservations+0x25/0x40
[    1.608221]  x86_64_start_kernel+0x7f/0x80
[    1.608221]  secondary_startup_64_no_verify+0x17d/0x18b
[    1.608221]  </TASK>
[    1.608221] ---[ end trace 0000000000000000 ]---
[    1.608221] Freeing SMP alternatives memory: 44K
[    1.608221] pid_max: default: 32768 minimum: 301
[    1.608221] LSM: initializing lsm=capability,landlock,yama,safesetid,selinux,integrity
[    1.608221] landlock: Up and running.
[    1.608221] Yama: becoming mindful.
[    1.608221] SELinux:  Initializing.
[    1.608221] Mount-cache hash table entries: 1024 (order: 1, 8192 bytes, linear)
[    1.608221] Mountpoint-cache hash table entries: 1024 (order: 1, 8192 bytes, linear)
[    1.608221] smpboot: CPU0: GenuntelineI 06/8e (family: 0x6, model: 0x8e, stepping: 0x9)
[    1.608414] RCU Tasks: Setting shift to 0 and lim to 1 rcu_task_cb_adjust=1 rcu_task_cpu_ids=1.
[    1.612264] RCU Tasks Rude: Setting shift to 0 and lim to 1 rcu_task_cb_adjust=1 rcu_task_cpu_ids=1.
[    1.616291] RCU Tasks Trace: Setting shift to 0 and lim to 1 rcu_task_cb_adjust=1 rcu_task_cpu_ids=1.
[    1.620260] Performance Events: no PMU driver, software events only.
[    1.624308] signal: max sigframe size: 1440
[    1.628281] rcu: Hierarchical SRCU implementation.
[    1.632226] rcu: 	Max phase no-delay instances is 1000.
[    1.636470] NMI watchdog: Perf NMI watchdog permanently disabled
[    1.640288] smp: Bringing up secondary CPUs ...
[    1.644236] smp: Brought up 1 node, 1 CPU
[    1.648227] smpboot: Max logical packages: 1
[    1.652225] smpboot: Total of 1 processors activated (7256.06 BogoMIPS)
[    1.666006] node 0 deferred pages initialised in 8ms
[    1.668346] devtmpfs: initialized
[    1.672292] x86/mm: Memory block size: 128MB
[    1.676488] clocksource: jiffies: mask: 0xffffffff max_cycles: 0xffffffff, max_idle_ns: 7645041785100000 ns
[    1.680234] futex hash table entries: 256 (order: 2, 16384 bytes, linear)
[    1.684301] pinctrl core: initialized pinctrl subsystem
[    1.688740] NET: Registered PF_NETLINK/PF_ROUTE protocol family
[    1.696520] DMA: preallocated 128 KiB GFP_KERNEL pool for atomic allocations
[    1.700251] DMA: preallocated 128 KiB GFP_KERNEL|GFP_DMA32 pool for atomic allocations
[    1.704291] audit: initializing netlink subsys (disabled)
[    1.708433] thermal_sys: Registered thermal governor 'step_wise'
[    1.708435] thermal_sys: Registered thermal governor 'user_space'
[    1.712249] audit: type=2000 audit(943920000.104:1): state=initialized audit_enabled=0 res=1
[    1.720286] cpuidle: using governor ladder
[    1.724276] cpuidle: using governor menu
[    1.728531] acpiphp: ACPI Hot Plug PCI Controller Driver version: 0.5
[    1.732372] dca service started, version 1.12.1
[    1.736558] PCI: no memory for MCFG entries
[    1.740229] PCI: Using configuration type 1 for base access
[    1.744350] kprobes: kprobe jump-optimization is enabled. All kprobes are optimized if possible.
[    1.776599] HugeTLB: registered 2.00 MiB page size, pre-allocated 0 pages
[    1.780226] HugeTLB: 28 KiB vmemmap can be freed for a 2.00 MiB page
[    1.796404] cryptd: max_cpu_qlen set to 1000
[    1.809812] ACPI: Added _OSI(Module Device)
[    1.812227] ACPI: Added _OSI(Processor Device)
[    1.816227] ACPI: Added _OSI(Processor Aggregator Device)
[    1.820385] ACPI: 1 ACPI AML tables successfully acquired and loaded
[    1.824516] ACPI: _OSC evaluated successfully for all CPUs
[    1.828251] ACPI: Interpreter enabled
[    1.832237] ACPI: PM: (supports S0)
[    1.836238] ACPI: Using IOAPIC for interrupt routing
[    1.840447] PCI: no memory for MCFG entries
[    1.844259] PCI: Using host bridge windows from ACPI; if necessary, use "pci=nocrs" and report a bug
[    1.848226] PCI: Using E820 reservations for host bridge windows
[    1.852609] ACPI: PCI Root Bridge [PCI0] (domain 0000 [bus 00])
[    1.856232] acpi PNP0A08:00: _OSC: OS supports [ASPM ClockPM Segments MSI HPX-Type3]
[    1.860243] acpi PNP0A08:00: _OSC: not requesting OS control; OS requires [ExtendedConfig ASPM ClockPM MSI]
[    1.864235] acpi PNP0A08:00: _OSC: platform retains control of PCIe features (AE_NOT_FOUND)
[    1.868234] acpi PNP0A08:00: fail to add MMCONFIG information, can't access extended configuration space under this bridge
[    1.872291] PCI host bridge to bus 0000:00
[    1.876230] pci_bus 0000:00: root bus resource [mem 0xc0001000-0xc000ffff window]
[    1.880229] pci_bus 0000:00: root bus resource [bus 00]
[    1.884447] pci 0000:00:00.0: [4c4d:0001] type 00 class 0x060000
[    1.890215] pci 0000:00:01.0: [4c4d:4c4d] type 00 class 0x120000
[    1.892673] pci 0000:00:01.0: reg 0x10: [mem 0xc0001000-0xc0001fff]
[    1.903494] iommu: Default domain type: Translated
[    1.904226] iommu: DMA domain TLB invalidation policy: lazy mode
[    1.908373] SCSI subsystem initialized
[    1.912365] pps_core: LinuxPPS API ver. 1 registered
[    1.916226] pps_core: Software ver. 5.3.6 - Copyright 2005-2007 Rodolfo Giometti <giometti@linux.it>
[    1.920238] PTP clock support registered
[    1.924243] EDAC MC: Ver: 3.0.0
[    1.928661] NetLabel: Initializing
[    1.932226] NetLabel:  domain hash size = 128
[    1.936227] NetLabel:  protocols = UNLABELED CIPSOv4 CALIPSO
[    1.940244] NetLabel:  unlabeled traffic allowed by default
[    1.944244] PCI: Using ACPI for IRQ routing
[    1.948704] vgaarb: loaded
[    1.956325] clocksource: Switched to clocksource tsc-early
[    1.976144] VFS: Disk quotas dquot_6.6.0
[    1.990084] VFS: Dquot-cache hash table entries: 512 (order 0, 4096 bytes)
[    2.013571] FS-Cache: Loaded
[    2.028093] pnp: PnP ACPI init
[    2.040563] pnp: PnP ACPI: found 0 devices
[    2.056473] NET: Registered PF_INET protocol family
[    2.076551] IP idents hash table entries: 8192 (order: 4, 65536 bytes, linear)
[    2.104706] tcp_listen_portaddr_hash hash table entries: 256 (order: 0, 4096 bytes, linear)
[    2.135934] Table-perturb hash table entries: 65536 (order: 6, 262144 bytes, linear)
[    2.164419] TCP established hash table entries: 4096 (order: 3, 32768 bytes, linear)
[    2.190458] TCP bind hash table entries: 4096 (order: 5, 131072 bytes, linear)
[    2.214417] TCP: Hash tables configured (established 4096 bind 4096)
[    2.235247] UDP hash table entries: 256 (order: 1, 8192 bytes, linear)
[    2.257594] UDP-Lite hash table entries: 256 (order: 1, 8192 bytes, linear)
[    2.281906] NET: Registered PF_UNIX/PF_LOCAL protocol family
[    2.302556] NET: Registered PF_XDP protocol family
[    2.318990] pci_bus 0000:00: resource 4 [mem 0xc0001000-0xc000ffff window]
[    2.342251] PCI: CLS 0 bytes, default 64
[    2.355620] platform rtc_cmos: registered platform RTC device (no PNP device found)
[    2.381934] Trying to unpack rootfs image as initramfs...
[    2.405659] Initialise system trusted keyrings
[    2.420631] Key type blacklist registered
[    2.440220] workingset: timestamp_bits=36 max_order=17 bucket_order=0
[    2.484435] squashfs: version 4.0 (2009/01/31) Phillip Lougher
[    2.509405] fuse: init (API version 7.39)
[    2.540334] SGI XFS with ACLs, security attributes, realtime, verbose warnings, quota, no debug enabled
[    2.596347] 9p: Installing v9fs 9p2000 file system support
[    2.650369] Key type asymmetric registered
[    2.670102] Asymmetric key parser 'x509' registered
[    2.688865] Block layer SCSI generic (bsg) driver version 0.4 loaded (major 245)
[    2.732307] io scheduler mq-deadline registered
[    2.759515] io scheduler kyber registered
[    2.793068] ioatdma: Intel(R) QuickData Technology Driver 5.00
[    2.828246] Serial: 8250/16550 driver, 8 ports, IRQ sharing enabled
[    2.851269] serial8250: ttyS0 at I/O 0x3f8 (irq = 4, base_baud = 115200) is a 16550A
[    2.900960] Linux agpgart interface v0.103
[    2.928180] AMD-Vi: AMD IOMMUv2 functionality not available on this system - This is not a bug.
[    2.963330] ACPI: bus type drm_connector registered
[    3.014189] brd: module loaded
[    3.041984] loop: module loaded
[    3.055039] Loading iSCSI transport class v2.0-870.
[    3.087922] Freeing initrd memory: 11748K
[    3.106893] rdac: device handler registered
[    3.121579] Microchip SmartPQI Driver (v2.1.24-046)
[    3.139713] VMware PVSCSI driver - version 1.0.7.0-k
[    3.160529] hv_vmbus: registering driver hv_storvsc
[    3.185144] PPP generic driver version 2.4.2
[    3.204386] VMware vmxnet3 virtual NIC driver - version 1.7.0.0-k-NAPI
[    3.234764] hv_vmbus: registering driver hv_netvsc
[    3.251908] Fusion MPT base driver 3.04.20
[    3.266395] Copyright (c) 1999-2008 LSI Corporation
[    3.283381] Fusion MPT SPI Host driver 3.04.20
[    3.299382] Fusion MPT SAS Host driver 3.04.20
[    3.314283] Fusion MPT misc device (ioctl) driver 3.04.20
[    3.333992] mptctl: Registered with Fusion MPT base driver
[    3.357529] mptctl: /dev/mptctl @ (major,minor=10,220)
[    3.375309] i8042: PNP: No PS/2 controller found.
[    3.393766] hv_vmbus: registering driver hyperv_keyboard
[    3.414836] rtc_cmos rtc_cmos: only 24-hr supported
[    3.432928] device-mapper: core: CONFIG_IMA_DISABLE_HTABLE is disabled. Duplicate IMA measurements will not be recorded in the IMA log.
[    3.477804] device-mapper: uevent: version 1.0.3
[    3.494617] device-mapper: ioctl: 4.48.0-ioctl (2023-03-01) initialised: dm-devel@redhat.com
[    3.526813] hv_utils: Registering HyperV Utility Driver
[    3.556195] hv_vmbus: registering driver hv_utils
[    3.573630] hv_vmbus: registering driver hv_balloon
[    3.593613] hv_vmbus: registering driver dxgkrnl
[    3.614301] misc dxg: dxgk: dxg_drv_init: vmbus_driver_register failed: -19
[    3.638640] drop_monitor: Initializing network drop monitor service
[    3.687949] NET: Registered PF_INET6 protocol family
[    3.709582] Segment Routing with IPv6
[    3.725219] In-situ OAM (IOAM) with IPv6
[    3.750610] NET: Registered PF_PACKET protocol family
[    3.772595] 9pnet: Installing 9P2000 support
[    3.793221] NET: Registered PF_VSOCK protocol family
[    3.810722] mce: Unable to init MCE device (rc: -5)
[    3.827807] microcode: no support for this CPU vendor
[    3.846655] IPI shorthand broadcast: enabled
[    3.862452] sched_clock: Marking stable (3708362778, 153032405)->(7316095943, -3454700760)
[    3.892145] registered taskstats version 1
[    3.908524] Loading compiled-in X.509 certificates
[    3.927020] ima: No TPM chip found, activating TPM-bypass!
[    3.948464] ima: Allocated hash algorithm: sha256
[    3.966219] ima: No architecture policies found
[    4.028512] RAS: Correctable Errors collector initialized.
[    4.058182] clk: Disabling unused clocks
[    4.078890] Freeing unused decrypted memory: 2028K
[    4.101914] Freeing unused kernel image (initmem) memory: 4480K
[    4.129869] clocksource: Long readout interval, skipping watchdog check: cs_nsec: 1556906898 wd_nsec: 512032000
[    4.167765] Write protecting the kernel read-only data: 34816k
[    4.188695] Freeing unused kernel image (rodata/data gap) memory: 740K
[    4.223980] Run /init as init process
[    4.338217] Kernel panic - not syncing: Attempted to kill init! exitcode=0x00000000
[    4.365896] CPU: 0 PID: 1 Comm: sh Tainted: G        W          6.6.114.1-microsoft-standard-WSL2 #1
[    4.400579] Call Trace:
[    4.408706]  <TASK>
[    4.415526]  dump_stack_lvl+0x4c/0x70
[    4.427427]  dump_stack+0x14/0x20
[    4.439733]  panic+0x179/0x330
[    4.450131]  do_exit+0x9ac/0xb30
[    4.460401]  do_group_exit+0x39/0x90
[    4.472164]  __x64_sys_exit_group+0x1c/0x20
[    4.486552]  x64_sys_call+0x183b/0x1c90
[    4.499548]  do_syscall_64+0x5a/0xb0
[    4.511271]  ? syscall_exit_to_user_mode+0x2f/0x50
[    4.527472]  ? x64_sys_call+0x1c50/0x1c90
[    4.541284]  ? do_syscall_64+0x66/0xb0
[    4.554078]  ? folio_add_file_rmap_range+0x121/0x1a0
[    4.570210]  ? set_ptes.isra.0+0x17/0x90
[    4.582698]  ? __alloc_pages+0x1e2/0x340
[    4.595472]  ? avc_has_extended_perms+0x18f/0x4e0
[    4.610846]  ? selinux_file_permission+0x117/0x150
[    4.626720]  ? vfs_read+0x1b5/0x300
[    4.638027]  ? ksys_read+0x6f/0xf0
[    4.650790]  ? syscall_exit_to_user_mode+0x2f/0x50
[    4.666164]  ? x64_sys_call+0x15d3/0x1c90
[    4.679236]  ? do_syscall_64+0x66/0xb0
[    4.693371]  ? selinux_file_ioctl+0xb1/0x160
[    4.707924]  ? selinux_file_ioctl+0xb1/0x160
[    4.723728]  ? __x64_sys_ioctl+0x9f/0xe0
[    4.739530]  ? syscall_exit_to_user_mode+0x2f/0x50
[    4.756087]  ? x64_sys_call+0x17c2/0x1c90
[    4.769007]  ? do_syscall_64+0x66/0xb0
[    4.781439]  entry_SYSCALL_64_after_hwframe+0x78/0xe2
[    4.797537] RIP: 0033:0x7085b154dbce
[    4.809455] Code: 8b 76 28 48 89 c7 e9 45 42 00 00 64 48 8b 04 25 00 00 00 00 48 8b b0 a8 00 00 00 e9 bf ff ff ff 48 63 ff b8 e7 00 00 00 0f 05 <ba> 3c 00 00 00 48 89 d0 0f 05 eb f9 48 83 ec 38 bf 06 00 00 00 e8
[    4.872234] RSP: 002b:00007fff60b86128 EFLAGS: 00000206 ORIG_RAX: 00000000000000e7
[    4.897650] RAX: ffffffffffffffda RBX: 00007085b151c050 RCX: 00007085b154dbce
[    4.920622] RDX: 00007085b15d3880 RSI: 0000000000000000 RDI: 0000000000000000
[    4.943909] RBP: 000062f43c6e2adc R08: 00007085b15d0ac0 R09: 0000000000000002
[    4.967493] R10: 0000000000000001 R11: 0000000000000206 R12: 00007fff60b86400
[    4.990953] R13: 00007fff60b86408 R14: 0000000000000000 R15: 00007fff60b863f0
[    5.027668]  </TASK>
[    5.036171] Kernel Offset: disabled
