

KASLR disabled: 'nokaslr' on cmdline.

[    0.000000] Linux version 6.6.114.1-microsoft-standard-WSL2 (root@507f3e43091d) (gcc (GCC) 13.2.0, GNU ld (GNU Binutils) 2.41) #1 SMP PREEMPT_DYNAMIC Mon Dec  1 20:46:23 UTC 2025
[    0.000000] Command line: console=ttyS0,115200n8 earlyprintk=serial,ttyS0,115200 rdinit=/init nokaslr lpj=14512128 tsc_early_khz=2800000 
[    0.000000] KERNEL supported cpus:
[    0.000000]   Intel GenuineIntel
[    0.000000]   AMD AuthenticAMD
[    0.000000] CPU: vendor_id 'GenuntelineI' unknown, using generic init.
[    0.000000] CPU: Your system may be unstable.
[    0.000000] BIOS-provided physical RAM map:
[    0.000000] BIOS-e820: [mem 0x0000000000000000-0x000000000009efff] usable
[    0.000000] BIOS-e820: [mem 0x000000000009f000-0x00000000000fffff] reserved
[    0.000000] BIOS-e820: [mem 0x0000000000100000-0x000000001fffffff] usable
[    0.000000] printk: bootconsole [earlyser0] enabled
[    0.000000] NX (Execute Disable) protection: active
[    0.000000] APIC: Static calls initialized
[    0.000000] DMI not present or invalid.
[    0.000000] tsc: Detected 2800.000 MHz processor
[    0.000423] last_pfn = 0x20000 max_arch_pfn = 0x400000000
[    0.022385] MTRRs disabled by BIOS
[    0.034892] x86/PAT: Configuration [0-7]: WB  WC  UC- UC  WB  WP  UC- WT  
[    0.064241] RAMDISK: [mem 0x1f388000-0x1fefffff]
[    0.084486] ACPI: Early table checksum verification disabled
[    0.109019] ACPI: RSDP 0x00000000000F0000 000024 (v02 LEMU  )
[    0.129810] ACPI: XSDT 0x00000000000F1000 000044 (v01 LEMU   LEMUVM01 00000001 LEMU 00000001)
[    0.161938] ACPI: FACP 0x00000000000F2000 000114 (v05 LEMU   LEMUVM01 00000001 LEMU 00000001)
[    0.194340] ACPI: DSDT 0x00000000000F4000 0000A9 (v02 LEMU   LEMUVIRT 00000002 INTL 20230628)
[    0.227930] ACPI: DSDT 0x00000000000F4000 0000A9 (v02 LEMU   LEMUVIRT 00000002 INTL 20230628)
[    0.261130] ACPI: MCFG 0x00000000000F6000 00003C (v01 LEMU   LEMUVM01 00000001 LEMU 00000001)
[    0.294001] ACPI: APIC 0x00000000000F8000 000054 (v01 LEMU   LEMUVM01 00000001 LEMU 00000001)
[    0.335272] ACPI: Reserving FACP table memory at [mem 0xf2000-0xf2113]
[    0.368691] ACPI: Reserving DSDT table memory at [mem 0xf4000-0xf40a8]
[    0.397250] ACPI: Reserving DSDT table memory at [mem 0xf4000-0xf40a8]
[    0.422037] ACPI: Reserving MCFG table memory at [mem 0xf6000-0xf603b]
[    0.447087] ACPI: Reserving APIC table memory at [mem 0xf8000-0xf8053]
[    0.474012] No NUMA configuration found
[    0.489743] Faking a node at [mem 0x0000000000000000-0x000000001fffffff]
[    0.514698] NODE_DATA(0) allocated [mem 0x1ffde000-0x1fffffff]
[    0.540252] Zone ranges:
[    0.551632]   DMA32    [mem 0x0000000000001000-0x000000001fffffff]
[    0.587092]   Normal   empty
[    0.598339]   Device   empty
[    0.609939] Movable zone start for each node
[    0.628695] Early memory node ranges
[    0.644539]   node   0: [mem 0x0000000000001000-0x000000000009efff]
[    0.669767]   node   0: [mem 0x0000000000100000-0x000000001fffffff]
[    0.693447] Initmem setup node 0 [mem 0x0000000000001000-0x000000001fffffff]
[    0.720761] On node 0, zone DMA32: 1 pages in unavailable ranges
[    0.729713] On node 0, zone DMA32: 97 pages in unavailable ranges
[    0.754777] IOAPIC[0]: apic_id 1, version 17, address 0xfec00000, GSI 0-23
[    0.806879] ACPI: INT_SRC_OVR (bus 0 bus_irq 0 global_irq 2 dfl dfl)
[    0.830155] ACPI: INT_SRC_OVR (bus 0 bus_irq 8 global_irq 8 dfl dfl)
[    0.855630] ACPI: Using ACPI (MADT) for SMP configuration information
[    0.880810] smpboot: Allowing 1 CPUs, 0 hotplug CPUs
[    0.899975] PM: hibernation: Registered nosave memory: [mem 0x00000000-0x00000fff]
[    0.926886] PM: hibernation: Registered nosave memory: [mem 0x0009f000-0x000fffff]
[    0.954380] [mem 0x20000000-0xffffffff] available for PCI devices
[    0.978008] Booting paravirtualized kernel on bare hardware
[    0.997693] clocksource: refined-jiffies: mask: 0xffffffff max_cycles: 0xffffffff, max_idle_ns: 7645519600211568 ns
[    1.036702] setup_percpu: NR_CPUS:8192 nr_cpumask_bits:1 nr_cpu_ids:1 nr_node_ids:1
[    1.069863] percpu: Embedded 63 pages/cpu s221184 r8192 d28672 u2097152
[    1.092955] Kernel command line: console=ttyS0,115200n8 earlyprintk=serial,ttyS0,115200 rdinit=/init nokaslr lpj=14512128 tsc_early_khz=2800000 
[    1.143936] Unknown kernel command line parameters "nokaslr", will be passed to user space.
[    1.179302] random: crng init done
[    1.193728] Dentry cache hash table entries: 65536 (order: 7, 524288 bytes, linear)
[    1.223895] Inode-cache hash table entries: 32768 (order: 6, 262144 bytes, linear)
[    1.252773] Fallback order for Node 0: 0 
[    1.252797] Built 1 zonelists, mobility grouping on.  Total pages: 128768
[    1.292242] Policy zone: DMA32
[    1.302178] mem auto-init: stack:off, heap alloc:on, heap free:off
[    1.325859] Memory: 211664K/523896K available (20480K kernel code, 3451K rwdata, 13596K rodata, 4480K init, 6224K bss, 70976K reserved, 0K cma-reserved)
[    1.375619] SLUB: HWalign=64, Order=0-3, MinObjects=0, CPUs=1, Nodes=1
[    1.399925] Kernel/User page tables isolation: enabled
Poking KASLR using RDRAND RDTSC...
[    1.429623] ftrace: allocating 55788 entries in 218 pages
[    1.456175] ftrace: allocated 218 pages with 5 groups
[    1.476046] Dynamic Preempt: none
[    1.487259] rcu: Preemptible hierarchical RCU implementation.
[    1.510051] rcu: 	RCU restricting CPUs from NR_CPUS=8192 to nr_cpu_ids=1.
[    1.534199] 	Trampoline variant of Tasks RCU enabled.
[    1.552377] 	Rude variant of Tasks RCU enabled.
[    1.569040] 	Tracing variant of Tasks RCU enabled.
[    1.586335] rcu: RCU calculated value of scheduler-enlistment delay is 25 jiffies.
[    1.614631] rcu: Adjusting geometry for rcu_fanout_leaf=16, nr_cpu_ids=1
[    1.640949] NR_IRQS: 524544, nr_irqs: 256, preallocated irqs: 0
[    1.662923] rcu: srcu_init: Setting srcu_struct sizes based on contention.
[    1.686962] Console: colour dummy device 80x25
[    1.702176] printk: console [ttyS0] enabled
[    1.702176] printk: console [ttyS0] enabled
[    1.731289] printk: bootconsole [earlyser0] disabled
[    1.731289] printk: bootconsole [earlyser0] disabled
[    1.767441] ACPI: Core revision 20230628
[    1.781726] APIC: Switch to symmetric I/O mode setup
[    1.799507] clocksource: tsc-early: mask: 0xffffffffffffffff max_cycles: 0x285c40e2248, max_idle_ns: 440795340634 ns
[    1.839586] Calibrating delay loop (skipped) preset value.. 7256.06 BogoMIPS (lpj=14512128)
[    1.843581] mce: unknown CPU type - not enabling MCE support
[    1.843581] Last level iTLB entries: 4KB 0, 2MB 0, 4MB 0
[    1.843581] Last level dTLB entries: 4KB 0, 2MB 0, 4MB 0, 1GB 0
[    1.843581] Spectre V1 : Mitigation: usercopy/swapgs barriers and __user pointer sanitization
[    1.843581] Spectre V2 : Mitigation: Retpolines
[    1.843581] Spectre V2 : Spectre v2 / SpectreRSB: Filling RSB on context switch and VMEXIT
[    1.843581] Speculative Store Bypass: Vulnerable
[    1.843581] MDS: Vulnerable: Clear CPU buffers attempted, no microcode
[    1.843581] MMIO Stale Data: Unknown: No mitigations
[    1.843581] ------------[ cut here ]------------
[    1.843581] [AVX registers]: struct is 256 bytes, cpu state 7 bytes
[    1.843581] WARNING: CPU: 0 PID: 0 at arch/x86/kernel/fpu/xstate.c:541 fpu__init_system_xstate+0x7d3/0xd60
[    1.843581] Modules linked in:
[    1.843581] CPU: 0 PID: 0 Comm: swapper/0 Not tainted 6.6.114.1-microsoft-standard-WSL2 #1
[    1.843581] RIP: 0010:fpu__init_system_xstate+0x7d3/0xd60
[    1.843581] Code: 80 3d 90 d9 f2 ff 00 75 ab 89 c1 ba 00 01 00 00 48 c7 c6 a6 06 95 82 48 c7 c7 f0 da 9b 82 c6 05 72 d9 f2 ff 01 e8 bd 10 b4 fd <0f> 0b eb 86 41 bc 08 00 00 00 80 3d 52 d9 f2 ff 00 0f 84 d3 04 00
[    1.843581] RSP: 0000:ffffffff83203e10 EFLAGS: 00010286
[    1.843581] RAX: 0000000000000000 RBX: ffffffff83203e74 RCX: c0000000ffffdfff
[    1.843581] RDX: 0000000000000000 RSI: 00000000ffffdfff RDI: 0000000000000001
[    1.843581] RBP: ffffffff83203ea8 R08: 0000000000000000 R09: ffffffff83203c78
[    1.843581] R10: 0000000000000003 R11: ffffffff83353128 R12: 0000000000000002
[    1.843581] R13: 0000000000000000 R14: 0000000000000007 R15: ffffffff83203e74
[    1.843581] FS:  0000000000000000(0000) GS:ffff88801e800000(0000) knlGS:0000000000000000
[    1.843581] CS:  0010 DS: 0000 ES: 0000 CR0: 0000000080050033
[    1.843581] CR2: ffff888004000000 CR3: 0000000003232000 CR4: 00000000000406b0
[    1.843581] Call Trace:
[    1.843581]  <TASK>
[    1.843581]  fpu__init_system+0xec/0x1b0
[    1.843581]  arch_cpu_finalize_init+0xde/0x120
[    1.843581]  start_kernel+0x45f/0x790
[    1.843581]  x86_64_start_reservations+0x25/0x40
[    1.843581]  x86_64_start_kernel+0x7f/0x80
[    1.843581]  secondary_startup_64_no_verify+0x17d/0x18b
[    1.843581]  </TASK>
[    1.843581] ---[ end trace 0000000000000000 ]---
[    1.843581] CPUID[0d, 00]: eax=00000007 ebx=00000340 ecx=00000340 edx=00000000
[    1.843581] CPUID[0d, 01]: eax=00000007 ebx=00000340 ecx=00000340 edx=00000000
[    1.843581] CPUID[0d, 02]: eax=00000007 ebx=00000340 ecx=00000340 edx=00000000
[    1.843581] CPUID[0d, 03]: eax=00000007 ebx=00000340 ecx=00000340 edx=00000000
[    1.843581] CPUID[0d, 04]: eax=00000007 ebx=00000340 ecx=00000340 edx=00000000
[    1.843581] CPUID[0d, 05]: eax=00000007 ebx=00000340 ecx=00000340 edx=00000000
[    1.843581] CPUID[0d, 06]: eax=00000007 ebx=00000340 ecx=00000340 edx=00000000
[    1.843581] CPUID[0d, 07]: eax=00000007 ebx=00000340 ecx=00000340 edx=00000000
[    1.843581] CPUID[0d, 08]: eax=00000007 ebx=00000340 ecx=00000340 edx=00000000
[    1.843581] CPUID[0d, 09]: eax=00000007 ebx=00000340 ecx=00000340 edx=00000000
[    1.843581] CPUID[0d, 0a]: eax=00000007 ebx=00000340 ecx=00000340 edx=00000000
[    1.843581] CPUID[0d, 0b]: eax=00000007 ebx=00000340 ecx=00000340 edx=00000000
[    1.843581] CPUID[0d, 0c]: eax=00000007 ebx=00000340 ecx=00000340 edx=00000000
[    1.843581] CPUID[0d, 0d]: eax=00000007 ebx=00000340 ecx=00000340 edx=00000000
[    1.843581] CPUID[0d, 0e]: eax=00000007 ebx=00000340 ecx=00000340 edx=00000000
[    1.843581] CPUID[0d, 0f]: eax=00000007 ebx=00000340 ecx=00000340 edx=00000000
[    1.843581] CPUID[0d, 10]: eax=00000007 ebx=00000340 ecx=00000340 edx=00000000
[    1.843581] CPUID[0d, 11]: eax=00000007 ebx=00000340 ecx=00000340 edx=00000000
[    1.843581] CPUID[0d, 12]: eax=00000007 ebx=00000340 ecx=00000340 edx=00000000
[    1.843581] CPUID[0d, 13]: eax=00000007 ebx=00000340 ecx=00000340 edx=00000000
[    1.843581] CPUID[0d, 14]: eax=00000007 ebx=00000340 ecx=00000340 edx=00000000
[    1.843581] CPUID[0d, 15]: eax=00000007 ebx=00000340 ecx=00000340 edx=00000000
[    1.843581] CPUID[0d, 16]: eax=00000007 ebx=00000340 ecx=00000340 edx=00000000
[    1.843581] CPUID[0d, 17]: eax=00000007 ebx=00000340 ecx=00000340 edx=00000000
[    1.843581] CPUID[0d, 18]: eax=00000007 ebx=00000340 ecx=00000340 edx=00000000
[    1.843581] CPUID[0d, 19]: eax=00000007 ebx=00000340 ecx=00000340 edx=00000000
[    1.843581] CPUID[0d, 1a]: eax=00000007 ebx=00000340 ecx=00000340 edx=00000000
[    1.843581] CPUID[0d, 1b]: eax=00000007 ebx=00000340 ecx=00000340 edx=00000000
[    1.843581] CPUID[0d, 1c]: eax=00000007 ebx=00000340 ecx=00000340 edx=00000000
[    1.843581] ------------[ cut here ]------------
[    1.843581] XSAVE consistency problem: size 583 != kernel_size 832
[    1.843581] WARNING: CPU: 0 PID: 0 at arch/x86/kernel/fpu/xstate.c:602 fpu__init_system_xstate+0xd53/0xd60
[    1.843581] Modules linked in:
[    1.843581] CPU: 0 PID: 0 Comm: swapper/0 Tainted: G        W          6.6.114.1-microsoft-standard-WSL2 #1
[    1.843581] RIP: 0010:fpu__init_system_xstate+0xd53/0xd60
[    1.843581] Code: 37 f7 ff ff 80 3d 00 d4 f2 ff 00 0f 85 b0 fa ff ff 8b 95 6c ff ff ff 48 c7 c7 38 dc 9b 82 c6 05 e6 d3 f2 ff 01 e8 3d 0b b4 fd <0f> 0b e9 90 fa ff ff e8 b1 d8 a9 fe 90 90 90 90 90 90 90 90 90 90
[    1.843581] RSP: 0000:ffffffff83203e10 EFLAGS: 00010286
[    1.843581] RAX: 0000000000000000 RBX: 0000000000000002 RCX: c0000000ffffdfff
[    1.843581] RDX: 0000000000000000 RSI: 00000000ffffdfff RDI: 0000000000000001
[    1.843581] RBP: ffffffff83203ea8 R08: 0000000000000000 R09: ffffffff83203c78
[    1.843581] R10: 0000000000000003 R11: ffffffff83353128 R12: 0000000000000002
[    1.843581] R13: 0000000000000000 R14: 0000000000000340 R15: ffffffff83203e74
[    1.843581] FS:  0000000000000000(0000) GS:ffff88801e800000(0000) knlGS:0000000000000000
[    1.843581] CS:  0010 DS: 0000 ES: 0000 CR0: 0000000080050033
[    1.843581] CR2: ffff888004000000 CR3: 0000000003232000 CR4: 00000000000406b0
[    1.843581] Call Trace:
[    1.843581]  <TASK>
[    1.843581]  fpu__init_system+0xec/0x1b0
[    1.843581]  arch_cpu_finalize_init+0xde/0x120
[    1.843581]  start_kernel+0x45f/0x790
[    1.843581]  x86_64_start_reservations+0x25/0x40
[    1.843581]  x86_64_start_kernel+0x7f/0x80
[    1.843581]  secondary_startup_64_no_verify+0x17d/0x18b
[    1.843581]  </TASK>
[    1.843581] ---[ end trace 0000000000000000 ]---
[    1.843581] Freeing SMP alternatives memory: 44K
[    1.843581] pid_max: default: 32768 minimum: 301
[    1.843581] LSM: initializing lsm=capability,landlock,yama,safesetid,selinux,integrity
[    1.843581] landlock: Up and running.
[    1.843581] Yama: becoming mindful.
[    1.843581] SELinux:  Initializing.
[    1.843581] Mount-cache hash table entries: 1024 (order: 1, 8192 bytes, linear)
[    1.843581] Mountpoint-cache hash table entries: 1024 (order: 1, 8192 bytes, linear)
[    1.843581] smpboot: CPU0: GenuntelineI 06/8e (family: 0x6, model: 0x8e, stepping: 0x9)
[    1.843758] RCU Tasks: Setting shift to 0 and lim to 1 rcu_task_cb_adjust=1 rcu_task_cpu_ids=1.
[    1.847753] RCU Tasks Rude: Setting shift to 0 and lim to 1 rcu_task_cb_adjust=1 rcu_task_cpu_ids=1.
[    1.851625] RCU Tasks Trace: Setting shift to 0 and lim to 1 rcu_task_cb_adjust=1 rcu_task_cpu_ids=1.
[    1.855755] Performance Events: no PMU driver, software events only.
[    1.859684] signal: max sigframe size: 1440
[    1.863658] rcu: Hierarchical SRCU implementation.
[    1.867586] rcu: 	Max phase no-delay instances is 1000.
[    1.871926] NMI watchdog: Perf NMI watchdog permanently disabled
[    1.875656] smp: Bringing up secondary CPUs ...
[    1.879613] smp: Brought up 1 node, 1 CPU
[    1.883587] smpboot: Max logical packages: 1
[    1.887587] smpboot: Total of 1 processors activated (7256.06 BogoMIPS)
[    1.901215] node 0 deferred pages initialised in 8ms
[    1.903730] devtmpfs: initialized
[    1.907665] x86/mm: Memory block size: 128MB
[    1.911906] clocksource: jiffies: mask: 0xffffffff max_cycles: 0xffffffff, max_idle_ns: 7645041785100000 ns
[    1.915619] futex hash table entries: 256 (order: 2, 16384 bytes, linear)
[    1.919712] pinctrl core: initialized pinctrl subsystem
[    1.924458] NET: Registered PF_NETLINK/PF_ROUTE protocol family
[    1.927657] DMA: preallocated 128 KiB GFP_KERNEL pool for atomic allocations
[    1.931608] DMA: preallocated 128 KiB GFP_KERNEL|GFP_DMA32 pool for atomic allocations
[    1.935612] audit: initializing netlink subsys (disabled)
[    1.939695] thermal_sys: Registered thermal governor 'step_wise'
[    1.939697] thermal_sys: Registered thermal governor 'user_space'
[    1.943609] audit: type=2000 audit(943920000.100:1): state=initialized audit_enabled=0 res=1
[    1.955688] cpuidle: using governor ladder
[    1.959625] cpuidle: using governor menu
[    1.963843] acpiphp: ACPI Hot Plug PCI Controller Driver version: 0.5
[    1.967716] dca service started, version 1.12.1
[    1.971954] PCI: no memory for MCFG entries
[    1.975588] PCI: Using configuration type 1 for base access
[    1.979707] kprobes: kprobe jump-optimization is enabled. All kprobes are optimized if possible.
[    2.011728] HugeTLB: registered 2.00 MiB page size, pre-allocated 0 pages
[    2.015587] HugeTLB: 28 KiB vmemmap can be freed for a 2.00 MiB page
[    2.031771] cryptd: max_cpu_qlen set to 1000
[    2.042433] ACPI: Added _OSI(Module Device)
[    2.043587] ACPI: Added _OSI(Processor Device)
[    2.047588] ACPI: Added _OSI(Processor Aggregator Device)
[    2.051616] ACPI: 1 ACPI AML tables successfully acquired and loaded
[    2.055657] ACPI: _OSC evaluated successfully for all CPUs
[    2.059615] ACPI: Interpreter enabled
[    2.063593] ACPI: PM: (supports S0)
[    2.067587] ACPI: Using IOAPIC for interrupt routing
[    2.071606] PCI: no memory for MCFG entries
[    2.075603] PCI: Using host bridge windows from ACPI; if necessary, use "pci=nocrs" and report a bug
[    2.079596] PCI: Using E820 reservations for host bridge windows
[    2.084041] ACPI: PCI Root Bridge [PCI0] (domain 0000 [bus 00])
[    2.087710] acpi PNP0A08:00: _OSC: OS supports [ASPM ClockPM Segments MSI HPX-Type3]
[    2.091593] acpi PNP0A08:00: _OSC: not requesting OS control; OS requires [ExtendedConfig ASPM ClockPM MSI]
[    2.095617] acpi PNP0A08:00: _OSC: platform retains control of PCIe features (AE_NOT_FOUND)
[    2.099625] acpi PNP0A08:00: fail to add MMCONFIG information, can't access extended configuration space under this bridge
[    2.103844] PCI host bridge to bus 0000:00
[    2.107590] pci_bus 0000:00: root bus resource [mem 0xc0001000-0xc000ffff window]
[    2.111589] pci_bus 0000:00: root bus resource [bus 00]
[    2.115768] pci 0000:00:00.0: [4c4d:0001] type 00 class 0x060000
[    2.121580] pci 0000:00:01.0: [4c4d:4c4d] type 00 class 0x120000
[    2.124016] pci 0000:00:01.0: reg 0x10: [mem 0xc0001000-0xc0001fff]
[    2.132487] iommu: Default domain type: Translated
[    2.135590] iommu: DMA domain TLB invalidation policy: lazy mode
[    2.139687] SCSI subsystem initialized
[    2.143662] pps_core: LinuxPPS API ver. 1 registered
[    2.147586] pps_core: Software ver. 5.3.6 - Copyright 2005-2007 Rodolfo Giometti <giometti@linux.it>
[    2.151597] PTP clock support registered
[    2.155603] EDAC MC: Ver: 3.0.0
[    2.159937] NetLabel: Initializing
[    2.163586] NetLabel:  domain hash size = 128
[    2.167586] NetLabel:  protocols = UNLABELED CIPSOv4 CALIPSO
[    2.171604] NetLabel:  unlabeled traffic allowed by default
[    2.175588] PCI: Using ACPI for IRQ routing
[    2.179813] vgaarb: loaded
[    2.183695] clocksource: Switched to clocksource tsc-early
[    2.212706] VFS: Disk quotas dquot_6.6.0
[    2.230714] VFS: Dquot-cache hash table entries: 512 (order 0, 4096 bytes)
[    2.256490] FS-Cache: Loaded
[    2.268070] pnp: PnP ACPI init
[    2.279138] pnp: PnP ACPI: found 0 devices
[    2.293561] NET: Registered PF_INET protocol family
[    2.312489] IP idents hash table entries: 8192 (order: 4, 65536 bytes, linear)
[    2.338731] tcp_listen_portaddr_hash hash table entries: 256 (order: 0, 4096 bytes, linear)
[    2.366940] Table-perturb hash table entries: 65536 (order: 6, 262144 bytes, linear)
[    2.393717] TCP established hash table entries: 4096 (order: 3, 32768 bytes, linear)
[    2.424337] TCP bind hash table entries: 4096 (order: 5, 131072 bytes, linear)
[    2.450784] TCP: Hash tables configured (established 4096 bind 4096)
[    2.472917] UDP hash table entries: 256 (order: 1, 8192 bytes, linear)
[    2.496404] UDP-Lite hash table entries: 256 (order: 1, 8192 bytes, linear)
[    2.522575] NET: Registered PF_UNIX/PF_LOCAL protocol family
[    2.545958] NET: Registered PF_XDP protocol family
[    2.565161] pci_bus 0000:00: resource 4 [mem 0xc0001000-0xc000ffff window]
[    2.591234] PCI: CLS 0 bytes, default 64
[    2.605948] platform rtc_cmos: registered platform RTC device (no PNP device found)
[    2.635269] Trying to unpack rootfs image as initramfs...
[    2.653889] Initialise system trusted keyrings
[    2.669597] Key type blacklist registered
[    2.696844] workingset: timestamp_bits=36 max_order=17 bucket_order=0
[    2.729074] squashfs: version 4.0 (2009/01/31) Phillip Lougher
[    2.753566] fuse: init (API version 7.39)
[    2.784927] SGI XFS with ACLs, security attributes, realtime, verbose warnings, quota, no debug enabled
[    2.848920] 9p: Installing v9fs 9p2000 file system support
[    2.894026] Key type asymmetric registered
[    2.909874] Asymmetric key parser 'x509' registered
[    2.927185] Block layer SCSI generic (bsg) driver version 0.4 loaded (major 245)
[    2.972859] io scheduler mq-deadline registered
[    2.991872] io scheduler kyber registered
[    3.032912] ioatdma: Intel(R) QuickData Technology Driver 5.00
[    3.072837] Serial: 8250/16550 driver, 8 ports, IRQ sharing enabled
[    3.097461] serial8250: ttyS0 at I/O 0x3f8 (irq = 4, base_baud = 115200) is a 16550A
[    3.149585] Linux agpgart interface v0.103
[    3.165775] AMD-Vi: AMD IOMMUv2 functionality not available on this system - This is not a bug.
[    3.199075] ACPI: bus type drm_connector registered
[    3.241856] brd: module loaded
[    3.265794] loop: module loaded
[    3.280099] Loading iSCSI transport class v2.0-870.
[    3.316957] rdac: device handler registered
[    3.345018] Microchip SmartPQI Driver (v2.1.24-046)
[    3.363834] VMware PVSCSI driver - version 1.0.7.0-k
[    3.383004] hv_vmbus: registering driver hv_storvsc
[    3.406102] Freeing initrd memory: 11744K
[    3.426365] PPP generic driver version 2.4.2
[    3.445264] VMware vmxnet3 virtual NIC driver - version 1.7.0.0-k-NAPI
[    3.471711] hv_vmbus: registering driver hv_netvsc
[    3.489844] Fusion MPT base driver 3.04.20
[    3.504027] Copyright (c) 1999-2008 LSI Corporation
[    3.521856] Fusion MPT SPI Host driver 3.04.20
[    3.537956] Fusion MPT SAS Host driver 3.04.20
[    3.555021] Fusion MPT misc device (ioctl) driver 3.04.20
[    3.573735] mptctl: Registered with Fusion MPT base driver
[    3.594279] mptctl: /dev/mptctl @ (major,minor=10,220)
[    3.612156] i8042: PNP: No PS/2 controller found.
[    3.628959] hv_vmbus: registering driver hyperv_keyboard
[    3.649043] rtc_cmos rtc_cmos: only 24-hr supported
[    3.665348] device-mapper: core: CONFIG_IMA_DISABLE_HTABLE is disabled. Duplicate IMA measurements will not be recorded in the IMA log.
[    3.707955] device-mapper: uevent: version 1.0.3
[    3.725524] device-mapper: ioctl: 4.48.0-ioctl (2023-03-01) initialised: dm-devel@redhat.com
[    3.757012] hv_utils: Registering HyperV Utility Driver
[    3.778737] hv_vmbus: registering driver hv_utils
[    3.794520] hv_vmbus: registering driver hv_balloon
[    3.812529] hv_vmbus: registering driver dxgkrnl
[    3.830619] misc dxg: dxgk: dxg_drv_init: vmbus_driver_register failed: -19
[    3.855616] drop_monitor: Initializing network drop monitor service
[    3.895668] NET: Registered PF_INET6 protocol family
[    3.915177] Segment Routing with IPv6
[    3.928242] In-situ OAM (IOAM) with IPv6
[    3.941857] NET: Registered PF_PACKET protocol family
[    3.958417] 9pnet: Installing 9P2000 support
[    3.973098] NET: Registered PF_VSOCK protocol family
[    3.991870] mce: Unable to init MCE device (rc: -5)
[    4.011723] microcode: no support for this CPU vendor
[    4.032320] IPI shorthand broadcast: enabled
[    4.049993] sched_clock: Marking stable (3896225255, 152684557)->(7793266580, -3744356768)
[    4.087972] registered taskstats version 1
[    4.103447] Loading compiled-in X.509 certificates
[    4.124309] ima: No TPM chip found, activating TPM-bypass!
[    4.145935] ima: Allocated hash algorithm: sha256
[    4.162890] ima: No architecture policies found
[    4.222703] RAS: Correctable Errors collector initialized.
[    4.246526] clk: Disabling unused clocks
[    4.262000] Freeing unused decrypted memory: 2028K
[    4.282151] clocksource: Long readout interval, skipping watchdog check: cs_nsec: 1449360533 wd_nsec: 512032000
[    4.322409] Freeing unused kernel image (initmem) memory: 4480K
[    4.349640] Write protecting the kernel read-only data: 34816k
[    4.374543] Freeing unused kernel image (rodata/data gap) memory: 740K
[    4.398586] Run /init as init process
[    4.805344] clocksource: tsc: mask: 0xffffffffffffffff max_cycles: 0x285c40e2248, max_idle_ns: 440795340634 ns
[    4.844090] clocksource: Switched to clocksource tsc
