

KASLR disabled: 'nokaslr' on cmdline.

[    0.000000] Linux version 6.6.114.1-microsoft-standard-WSL2 (root@507f3e43091d) (gcc (GCC) 13.2.0, GNU ld (GNU Binutils) 2.41) #1 SMP PREEMPT_DYNAMIC Mon Dec  1 20:46:23 UTC 2025
[    0.000000] Command line: console=ttyS0,115200n8 earlyprintk=serial,ttyS0,115200 rdinit=/init nokaslr lpj=14512128 tsc_early_khz=2800000 
[    0.000000] KERNEL supported cpus:
[    0.000000]   Intel GenuineIntel
[    0.000000]   AMD AuthenticAMD
[    0.000000] CPU: vendor_id 'GenuntelineI' unknown, using generic init.
[    0.000000] CPU: Your system may be unstable.
[    0.000000] BIOS-provided physical RAM map:
[    0.000000] BIOS-e820: [mem 0x0000000000000000-0x000000000009efff] usable
[    0.000000] BIOS-e820: [mem 0x000000000009f000-0x00000000000fffff] reserved
[    0.000000] BIOS-e820: [mem 0x0000000000100000-0x000000001fffffff] usable
[    0.000000] printk: bootconsole [earlyser0] enabled
[    0.000000] NX (Execute Disable) protection: active
[    0.000000] APIC: Static calls initialized
[    0.000000] DMI not present or invalid.
[    0.000000] tsc: Detected 2800.000 MHz processor
[    0.000329] last_pfn = 0x20000 max_arch_pfn = 0x400000000
[    0.020437] MTRRs disabled by BIOS
[    0.033592] x86/PAT: Configuration [0-7]: WB  WC  UC- UC  WB  WP  UC- WT  
[    0.058787] RAMDISK: [mem 0x1fde1000-0x1fefffff]
[    0.074717] ACPI: Early table checksum verification disabled
[    0.095803] ACPI: RSDP 0x00000000000F0000 000024 (v02 LEMU  )
[    0.115799] ACPI: XSDT 0x00000000000F1000 000044 (v01 LEMU   LEMUVM01 00000001 LEMU 00000001)
[    0.147724] ACPI: FACP 0x00000000000F2000 000114 (v05 LEMU   LEMUVM01 00000001 LEMU 00000001)
[    0.179357] ACPI: DSDT 0x00000000000F4000 0000A9 (v02 LEMU   LEMUVIRT 00000002 INTL 20230628)
[    0.210258] ACPI: DSDT 0x00000000000F4000 0000A9 (v02 LEMU   LEMUVIRT 00000002 INTL 20230628)
[    0.243538] ACPI: MCFG 0x00000000000F6000 00003C (v01 LEMU   LEMUVM01 00000001 LEMU 00000001)
[    0.280008] ACPI: APIC 0x00000000000F8000 000054 (v01 LEMU   LEMUVM01 00000001 LEMU 00000001)
[    0.324890] ACPI: Reserving FACP table memory at [mem 0xf2000-0xf2113]
[    0.352496] ACPI: Reserving DSDT table memory at [mem 0xf4000-0xf40a8]
[    0.375745] ACPI: Reserving DSDT table memory at [mem 0xf4000-0xf40a8]
[    0.399827] ACPI: Reserving MCFG table memory at [mem 0xf6000-0xf603b]
[    0.425786] ACPI: Reserving APIC table memory at [mem 0xf8000-0xf8053]
[    0.448754] No NUMA configuration found
[    0.462716] Faking a node at [mem 0x0000000000000000-0x000000001fffffff]
[    0.484141] NODE_DATA(0) allocated [mem 0x1ffde000-0x1fffffff]
[    0.507362] Zone ranges:
[    0.516335]   DMA32    [mem 0x0000000000001000-0x000000001fffffff]
[    0.536856]   Normal   empty
[    0.546813]   Device   empty
[    0.557122] Movable zone start for each node
[    0.571426] Early memory node ranges
[    0.584730]   node   0: [mem 0x0000000000001000-0x000000000009efff]
[    0.607968]   node   0: [mem 0x0000000000100000-0x000000001fffffff]
[    0.630702] Initmem setup node 0 [mem 0x0000000000001000-0x000000001fffffff]
[    0.654989] On node 0, zone DMA32: 1 pages in unavailable ranges
[    0.663651] On node 0, zone DMA32: 97 pages in unavailable ranges
[    0.690382] IOAPIC[0]: apic_id 1, version 17, address 0xfec00000, GSI 0-23
[    0.741252] ACPI: INT_SRC_OVR (bus 0 bus_irq 0 global_irq 2 dfl dfl)
[    0.765612] ACPI: INT_SRC_OVR (bus 0 bus_irq 8 global_irq 8 dfl dfl)
[    0.790099] ACPI: Using ACPI (MADT) for SMP configuration information
[    0.814540] smpboot: Allowing 1 CPUs, 0 hotplug CPUs
[    0.834848] PM: hibernation: Registered nosave memory: [mem 0x00000000-0x00000fff]
[    0.863628] PM: hibernation: Registered nosave memory: [mem 0x0009f000-0x000fffff]
[    0.898398] [mem 0x20000000-0xffffffff] available for PCI devices
[    0.922829] Booting paravirtualized kernel on bare hardware
[    0.944083] clocksource: refined-jiffies: mask: 0xffffffff max_cycles: 0xffffffff, max_idle_ns: 7645519600211568 ns
[    0.985540] setup_percpu: NR_CPUS:8192 nr_cpumask_bits:1 nr_cpu_ids:1 nr_node_ids:1
[    1.021963] percpu: Embedded 63 pages/cpu s221184 r8192 d28672 u2097152
[    1.050161] Kernel command line: console=ttyS0,115200n8 earlyprintk=serial,ttyS0,115200 rdinit=/init nokaslr lpj=14512128 tsc_early_khz=2800000 
[    1.097758] Unknown kernel command line parameters "nokaslr", will be passed to user space.
[    1.126701] random: crng init done
[    1.139611] Dentry cache hash table entries: 65536 (order: 7, 524288 bytes, linear)
[    1.167987] Inode-cache hash table entries: 32768 (order: 6, 262144 bytes, linear)
[    1.195284] Fallback order for Node 0: 0 
[    1.195287] Built 1 zonelists, mobility grouping on.  Total pages: 128768
[    1.233854] Policy zone: DMA32
[    1.245737] mem auto-init: stack:off, heap alloc:on, heap free:off
[    1.271079] Memory: 211664K/523896K available (20480K kernel code, 3451K rwdata, 13596K rodata, 4480K init, 6224K bss, 60380K reserved, 0K cma-reserved)
[    1.329195] SLUB: HWalign=64, Order=0-3, MinObjects=0, CPUs=1, Nodes=1
[    1.351982] Kernel/User page tables isolation: enabled
Poking KASLR using RDRAND RDTSC...
[    1.380529] ftrace: allocating 55788 entries in 218 pages
[    1.407747] ftrace: allocated 218 pages with 5 groups
[    1.427965] Dynamic Preempt: none
[    1.440001] rcu: Preemptible hierarchical RCU implementation.
[    1.459137] rcu: 	RCU restricting CPUs from NR_CPUS=8192 to nr_cpu_ids=1.
[    1.483584] 	Trampoline variant of Tasks RCU enabled.
[    1.502262] 	Rude variant of Tasks RCU enabled.
[    1.517567] 	Tracing variant of Tasks RCU enabled.
[    1.534161] rcu: RCU calculated value of scheduler-enlistment delay is 25 jiffies.
[    1.562832] rcu: Adjusting geometry for rcu_fanout_leaf=16, nr_cpu_ids=1
[    1.589996] NR_IRQS: 524544, nr_irqs: 256, preallocated irqs: 0
[    1.613003] rcu: srcu_init: Setting srcu_struct sizes based on contention.
[    1.640368] Console: colour dummy device 80x25
[    1.656026] printk: console [ttyS0] enabled
[    1.656026] printk: console [ttyS0] enabled
[    1.688065] printk: bootconsole [earlyser0] disabled
[    1.688065] printk: bootconsole [earlyser0] disabled
[    1.726052] ACPI: Core revision 20230628
[    1.739734] APIC: Switch to symmetric I/O mode setup
[    1.757119] clocksource: tsc-early: mask: 0xffffffffffffffff max_cycles: 0x285c40e2248, max_idle_ns: 440795340634 ns
[    1.797993] Calibrating delay loop (skipped) preset value.. 7256.06 BogoMIPS (lpj=14512128)
[    1.801988] mce: unknown CPU type - not enabling MCE support
[    1.801988] Last level iTLB entries: 4KB 0, 2MB 0, 4MB 0
[    1.801988] Last level dTLB entries: 4KB 0, 2MB 0, 4MB 0, 1GB 0
[    1.801988] Spectre V1 : Mitigation: usercopy/swapgs barriers and __user pointer sanitization
[    1.801988] Spectre V2 : Mitigation: Retpolines
[    1.801988] Spectre V2 : Spectre v2 / SpectreRSB: Filling RSB on context switch and VMEXIT
[    1.801988] Speculative Store Bypass: Vulnerable
[    1.801988] MDS: Vulnerable: Clear CPU buffers attempted, no microcode
[    1.801988] MMIO Stale Data: Unknown: No mitigations
[    1.801988] ------------[ cut here ]------------
[    1.801988] [AVX registers]: struct is 256 bytes, cpu state 7 bytes
[    1.801988] WARNING: CPU: 0 PID: 0 at arch/x86/kernel/fpu/xstate.c:541 fpu__init_system_xstate+0x7d3/0xd60
[    1.801988] Modules linked in:
[    1.801988] CPU: 0 PID: 0 Comm: swapper/0 Not tainted 6.6.114.1-microsoft-standard-WSL2 #1
[    1.801988] RIP: 0010:fpu__init_system_xstate+0x7d3/0xd60
[    1.801988] Code: 80 3d 90 d9 f2 ff 00 75 ab 89 c1 ba 00 01 00 00 48 c7 c6 a6 06 95 82 48 c7 c7 f0 da 9b 82 c6 05 72 d9 f2 ff 01 e8 bd 10 b4 fd <0f> 0b eb 86 41 bc 08 00 00 00 80 3d 52 d9 f2 ff 00 0f 84 d3 04 00
[    1.801988] RSP: 0000:ffffffff83203e10 EFLAGS: 00010286
[    1.801988] RAX: 0000000000000000 RBX: ffffffff83203e74 RCX: c0000000ffffdfff
[    1.801988] RDX: 0000000000000000 RSI: 00000000ffffdfff RDI: 0000000000000001
[    1.801988] RBP: ffffffff83203ea8 R08: 0000000000000000 R09: ffffffff83203c78
[    1.801988] R10: 0000000000000003 R11: ffffffff83353128 R12: 0000000000000002
[    1.801988] R13: 0000000000000000 R14: 0000000000000007 R15: ffffffff83203e74
[    1.801988] FS:  0000000000000000(0000) GS:ffff88801f200000(0000) knlGS:0000000000000000
[    1.801988] CS:  0010 DS: 0000 ES: 0000 CR0: 0000000080050033
[    1.801988] CR2: ffff888004000000 CR3: 0000000003232000 CR4: 00000000000406b0
[    1.801988] Call Trace:
[    1.801988]  <TASK>
[    1.801988]  fpu__init_system+0xec/0x1b0
[    1.801988]  arch_cpu_finalize_init+0xde/0x120
[    1.801988]  start_kernel+0x45f/0x790
[    1.801988]  x86_64_start_reservations+0x25/0x40
[    1.801988]  x86_64_start_kernel+0x7f/0x80
[    1.801988]  secondary_startup_64_no_verify+0x17d/0x18b
[    1.801988]  </TASK>
[    1.801988] ---[ end trace 0000000000000000 ]---
[    1.801988] CPUID[0d, 00]: eax=00000007 ebx=00000340 ecx=00000340 edx=00000000
[    1.801988] CPUID[0d, 01]: eax=00000007 ebx=00000340 ecx=00000340 edx=00000000
[    1.801988] CPUID[0d, 02]: eax=00000007 ebx=00000340 ecx=00000340 edx=00000000
[    1.801988] CPUID[0d, 03]: eax=00000007 ebx=00000340 ecx=00000340 edx=00000000
[    1.801988] CPUID[0d, 04]: eax=00000007 ebx=00000340 ecx=00000340 edx=00000000
[    1.801988] CPUID[0d, 05]: eax=00000007 ebx=00000340 ecx=00000340 edx=00000000
[    1.801988] CPUID[0d, 06]: eax=00000007 ebx=00000340 ecx=00000340 edx=00000000
[    1.801988] CPUID[0d, 07]: eax=00000007 ebx=00000340 ecx=00000340 edx=00000000
[    1.801988] CPUID[0d, 08]: eax=00000007 ebx=00000340 ecx=00000340 edx=00000000
[    1.801988] CPUID[0d, 09]: eax=00000007 ebx=00000340 ecx=00000340 edx=00000000
[    1.801988] CPUID[0d, 0a]: eax=00000007 ebx=00000340 ecx=00000340 edx=00000000
[    1.801988] CPUID[0d, 0b]: eax=00000007 ebx=00000340 ecx=00000340 edx=00000000
[    1.801988] CPUID[0d, 0c]: eax=00000007 ebx=00000340 ecx=00000340 edx=00000000
[    1.801988] CPUID[0d, 0d]: eax=00000007 ebx=00000340 ecx=00000340 edx=00000000
[    1.801988] CPUID[0d, 0e]: eax=00000007 ebx=00000340 ecx=00000340 edx=00000000
[    1.801988] CPUID[0d, 0f]: eax=00000007 ebx=00000340 ecx=00000340 edx=00000000
[    1.801988] CPUID[0d, 10]: eax=00000007 ebx=00000340 ecx=00000340 edx=00000000
[    1.801988] CPUID[0d, 11]: eax=00000007 ebx=00000340 ecx=00000340 edx=00000000
[    1.801988] CPUID[0d, 12]: eax=00000007 ebx=00000340 ecx=00000340 edx=00000000
[    1.801988] CPUID[0d, 13]: eax=00000007 ebx=00000340 ecx=00000340 edx=00000000
[    1.801988] CPUID[0d, 14]: eax=00000007 ebx=00000340 ecx=00000340 edx=00000000
[    1.801988] CPUID[0d, 15]: eax=00000007 ebx=00000340 ecx=00000340 edx=00000000
[    1.801988] CPUID[0d, 16]: eax=00000007 ebx=00000340 ecx=00000340 edx=00000000
[    1.801988] CPUID[0d, 17]: eax=00000007 ebx=00000340 ecx=00000340 edx=00000000
[    1.801988] CPUID[0d, 18]: eax=00000007 ebx=00000340 ecx=00000340 edx=00000000
[    1.801988] CPUID[0d, 19]: eax=00000007 ebx=00000340 ecx=00000340 edx=00000000
[    1.801988] CPUID[0d, 1a]: eax=00000007 ebx=00000340 ecx=00000340 edx=00000000
[    1.801988] CPUID[0d, 1b]: eax=00000007 ebx=00000340 ecx=00000340 edx=00000000
[    1.801988] CPUID[0d, 1c]: eax=00000007 ebx=00000340 ecx=00000340 edx=00000000
[    1.801988] ------------[ cut here ]------------
[    1.801988] XSAVE consistency problem: size 583 != kernel_size 832
[    1.801988] WARNING: CPU: 0 PID: 0 at arch/x86/kernel/fpu/xstate.c:602 fpu__init_system_xstate+0xd53/0xd60
[    1.801988] Modules linked in:
[    1.801988] CPU: 0 PID: 0 Comm: swapper/0 Tainted: G        W          6.6.114.1-microsoft-standard-WSL2 #1
[    1.801988] RIP: 0010:fpu__init_system_xstate+0xd53/0xd60
[    1.801988] Code: 37 f7 ff ff 80 3d 00 d4 f2 ff 00 0f 85 b0 fa ff ff 8b 95 6c ff ff ff 48 c7 c7 38 dc 9b 82 c6 05 e6 d3 f2 ff 01 e8 3d 0b b4 fd <0f> 0b e9 90 fa ff ff e8 b1 d8 a9 fe 90 90 90 90 90 90 90 90 90 90
[    1.801988] RSP: 0000:ffffffff83203e10 EFLAGS: 00010286
[    1.801988] RAX: 0000000000000000 RBX: 0000000000000002 RCX: c0000000ffffdfff
[    1.801988] RDX: 0000000000000000 RSI: 00000000ffffdfff RDI: 0000000000000001
[    1.801988] RBP: ffffffff83203ea8 R08: 0000000000000000 R09: ffffffff83203c78
[    1.801988] R10: 0000000000000003 R11: ffffffff83353128 R12: 0000000000000002
[    1.801988] R13: 0000000000000000 R14: 0000000000000340 R15: ffffffff83203e74
[    1.801988] FS:  0000000000000000(0000) GS:ffff88801f200000(0000) knlGS:0000000000000000
[    1.801988] CS:  0010 DS: 0000 ES: 0000 CR0: 0000000080050033
[    1.801988] CR2: ffff888004000000 CR3: 0000000003232000 CR4: 00000000000406b0
[    1.801988] Call Trace:
[    1.801988]  <TASK>
[    1.801988]  fpu__init_system+0xec/0x1b0
[    1.801988]  arch_cpu_finalize_init+0xde/0x120
[    1.801988]  start_kernel+0x45f/0x790
[    1.801988]  x86_64_start_reservations+0x25/0x40
[    1.801988]  x86_64_start_kernel+0x7f/0x80
[    1.801988]  secondary_startup_64_no_verify+0x17d/0x18b
[    1.801988]  </TASK>
[    1.801988] ---[ end trace 0000000000000000 ]---
[    1.801988] Freeing SMP alternatives memory: 44K
[    1.801988] pid_max: default: 32768 minimum: 301
[    1.801988] LSM: initializing lsm=capability,landlock,yama,safesetid,selinux,integrity
[    1.801988] landlock: Up and running.
[    1.801988] Yama: becoming mindful.
[    1.801988] SELinux:  Initializing.
[    1.801988] Mount-cache hash table entries: 1024 (order: 1, 8192 bytes, linear)
[    1.801988] Mountpoint-cache hash table entries: 1024 (order: 1, 8192 bytes, linear)
[    1.801988] smpboot: CPU0: GenuntelineI 06/8e (family: 0x6, model: 0x8e, stepping: 0x9)
[    1.802138] RCU Tasks: Setting shift to 0 and lim to 1 rcu_task_cb_adjust=1 rcu_task_cpu_ids=1.
[    1.806159] RCU Tasks Rude: Setting shift to 0 and lim to 1 rcu_task_cb_adjust=1 rcu_task_cpu_ids=1.
[    1.810071] RCU Tasks Trace: Setting shift to 0 and lim to 1 rcu_task_cb_adjust=1 rcu_task_cpu_ids=1.
[    1.814072] Performance Events: no PMU driver, software events only.
[    1.818136] signal: max sigframe size: 1440
[    1.822081] rcu: Hierarchical SRCU implementation.
[    1.825993] rcu: 	Max phase no-delay instances is 1000.
[    1.830237] NMI watchdog: Perf NMI watchdog permanently disabled
[    1.834055] smp: Bringing up secondary CPUs ...
[    1.838005] smp: Brought up 1 node, 1 CPU
[    1.841995] smpboot: Max logical packages: 1
[    1.845996] smpboot: Total of 1 processors activated (7256.06 BogoMIPS)
[    1.862443] node 0 deferred pages initialised in 12ms
[    1.866152] devtmpfs: initialized
[    1.870068] x86/mm: Memory block size: 128MB
[    1.874305] clocksource: jiffies: mask: 0xffffffff max_cycles: 0xffffffff, max_idle_ns: 7645041785100000 ns
[    1.878004] futex hash table entries: 256 (order: 2, 16384 bytes, linear)
[    1.882118] pinctrl core: initialized pinctrl subsystem
[    1.886914] NET: Registered PF_NETLINK/PF_ROUTE protocol family
[    1.890152] DMA: preallocated 128 KiB GFP_KERNEL pool for atomic allocations
[    1.894011] DMA: preallocated 128 KiB GFP_KERNEL|GFP_DMA32 pool for atomic allocations
[    1.898030] audit: initializing netlink subsys (disabled)
[    1.902120] thermal_sys: Registered thermal governor 'step_wise'
[    1.902122] thermal_sys: Registered thermal governor 'user_space'
[    1.906186] audit: type=2000 audit(943920000.104:1): state=initialized audit_enabled=0 res=1
[    1.914009] cpuidle: using governor ladder
[    1.918061] cpuidle: using governor menu
[    1.922246] acpiphp: ACPI Hot Plug PCI Controller Driver version: 0.5
[    1.926202] dca service started, version 1.12.1
[    1.930331] PCI: no memory for MCFG entries
[    1.934026] PCI: Using configuration type 1 for base access
[    1.938377] kprobes: kprobe jump-optimization is enabled. All kprobes are optimized if possible.
[    1.974004] HugeTLB: registered 2.00 MiB page size, pre-allocated 0 pages
[    1.978006] HugeTLB: 28 KiB vmemmap can be freed for a 2.00 MiB page
[    1.997782] cryptd: max_cpu_qlen set to 1000
[    1.998219] ACPI: Added _OSI(Module Device)
[    2.001994] ACPI: Added _OSI(Processor Device)
[    2.005995] ACPI: Added _OSI(Processor Aggregator Device)
[    2.010027] ACPI: 1 ACPI AML tables successfully acquired and loaded
[    2.014066] ACPI: _OSC evaluated successfully for all CPUs
[    2.018064] ACPI: Interpreter enabled
[    2.022034] ACPI: PM: (supports S0)
[    2.025997] ACPI: Using IOAPIC for interrupt routing
[    2.030141] PCI: no memory for MCFG entries
[    2.034013] PCI: Using host bridge windows from ACPI; if necessary, use "pci=nocrs" and report a bug
[    2.038004] PCI: Using E820 reservations for host bridge windows
[    2.042372] ACPI: PCI Root Bridge [PCI0] (domain 0000 [bus 00])
[    2.045999] acpi PNP0A08:00: _OSC: OS supports [ASPM ClockPM Segments MSI HPX-Type3]
[    2.050037] acpi PNP0A08:00: _OSC: not requesting OS control; OS requires [ExtendedConfig ASPM ClockPM MSI]
[    2.054083] acpi PNP0A08:00: _OSC: platform retains control of PCIe features (AE_NOT_FOUND)
[    2.058022] acpi PNP0A08:00: fail to add MMCONFIG information, can't access extended configuration space under this bridge
[    2.062260] PCI host bridge to bus 0000:00
[    2.070034] pci_bus 0000:00: root bus resource [mem 0xc0001000-0xc000ffff window]
[    2.074039] pci_bus 0000:00: root bus resource [bus 00]
[    2.078277] pci 0000:00:00.0: [4c4d:0001] type 00 class 0x060000
[    2.087747] pci 0000:00:01.0: [4c4d:4c4d] type 00 class 0x120000
[    2.090442] pci 0000:00:01.0: reg 0x10: [mem 0xc0001000-0xc0001fff]
[    2.101685] iommu: Default domain type: Translated
[    2.102002] iommu: DMA domain TLB invalidation policy: lazy mode
[    2.110704] SCSI subsystem initialized
[    2.114114] pps_core: LinuxPPS API ver. 1 registered
[    2.121996] pps_core: Software ver. 5.3.6 - Copyright 2005-2007 Rodolfo Giometti <giometti@linux.it>
[    2.126093] PTP clock support registered
[    2.130040] EDAC MC: Ver: 3.0.0
[    2.134604] NetLabel: Initializing
[    2.137993] NetLabel:  domain hash size = 128
[    2.141994] NetLabel:  protocols = UNLABELED CIPSOv4 CALIPSO
[    2.146029] NetLabel:  unlabeled traffic allowed by default
[    2.150014] PCI: Using ACPI for IRQ routing
[    2.154467] vgaarb: loaded
[    2.158119] clocksource: Switched to clocksource tsc-early
[    2.176566] VFS: Disk quotas dquot_6.6.0
[    2.191426] VFS: Dquot-cache hash table entries: 512 (order 0, 4096 bytes)
[    2.218141] FS-Cache: Loaded
[    2.228433] pnp: PnP ACPI init
[    2.241319] pnp: PnP ACPI: found 0 devices
[    2.258070] NET: Registered PF_INET protocol family
[    2.276935] IP idents hash table entries: 8192 (order: 4, 65536 bytes, linear)
[    2.302314] tcp_listen_portaddr_hash hash table entries: 256 (order: 0, 4096 bytes, linear)
[    2.331954] Table-perturb hash table entries: 65536 (order: 6, 262144 bytes, linear)
[    2.359557] TCP established hash table entries: 4096 (order: 3, 32768 bytes, linear)
[    2.386707] TCP bind hash table entries: 4096 (order: 5, 131072 bytes, linear)
[    2.412062] TCP: Hash tables configured (established 4096 bind 4096)
[    2.434803] UDP hash table entries: 256 (order: 1, 8192 bytes, linear)
[    2.458247] UDP-Lite hash table entries: 256 (order: 1, 8192 bytes, linear)
[    2.485907] NET: Registered PF_UNIX/PF_LOCAL protocol family
[    2.505630] NET: Registered PF_XDP protocol family
[    2.522161] pci_bus 0000:00: resource 4 [mem 0xc0001000-0xc000ffff window]
[    2.546499] PCI: CLS 0 bytes, default 64
[    2.560177] platform rtc_cmos: registered platform RTC device (no PNP device found)
[    2.590687] Trying to unpack rootfs image as initramfs...
[    2.610247] Initialise system trusted keyrings
[    2.624876] Key type blacklist registered
[    2.654126] workingset: timestamp_bits=36 max_order=17 bucket_order=0
[    2.679815] Freeing initrd memory: 1148K
[    2.698655] squashfs: version 4.0 (2009/01/31) Phillip Lougher
[    2.731772] fuse: init (API version 7.39)
[    2.750611] SGI XFS with ACLs, security attributes, realtime, verbose warnings, quota, no debug enabled
[    2.788605] 9p: Installing v9fs 9p2000 file system support
[    2.816593] Key type asymmetric registered
[    2.831515] Asymmetric key parser 'x509' registered
[    2.850504] Block layer SCSI generic (bsg) driver version 0.4 loaded (major 245)
[    2.878496] io scheduler mq-deadline registered
[    2.894820] io scheduler kyber registered
[    2.911892] ioatdma: Intel(R) QuickData Technology Driver 5.00
[    2.934179] Serial: 8250/16550 driver, 8 ports, IRQ sharing enabled
[    2.955958] serial8250: ttyS0 at I/O 0x3f8 (irq = 4, base_baud = 115200) is a 16550A
[    2.984350] Linux agpgart interface v0.103
[    2.998814] AMD-Vi: AMD IOMMUv2 functionality not available on this system - This is not a bug.
[    3.030155] ACPI: bus type drm_connector registered
[    3.049179] brd: module loaded
[    3.060626] loop: module loaded
[    3.071759] Loading iSCSI transport class v2.0-870.
[    3.089122] rdac: device handler registered
[    3.104132] Microchip SmartPQI Driver (v2.1.24-046)
[    3.121339] VMware PVSCSI driver - version 1.0.7.0-k
[    3.138697] hv_vmbus: registering driver hv_storvsc
[    3.157037] PPP generic driver version 2.4.2
[    3.171373] VMware vmxnet3 virtual NIC driver - version 1.7.0.0-k-NAPI
[    3.193009] hv_vmbus: registering driver hv_netvsc
[    3.210210] Fusion MPT base driver 3.04.20
[    3.225126] Copyright (c) 1999-2008 LSI Corporation
[    3.241584] Fusion MPT SPI Host driver 3.04.20
[    3.257563] Fusion MPT SAS Host driver 3.04.20
[    3.273623] Fusion MPT misc device (ioctl) driver 3.04.20
[    3.292683] mptctl: Registered with Fusion MPT base driver
[    3.311282] mptctl: /dev/mptctl @ (major,minor=10,220)
[    3.330271] i8042: PNP: No PS/2 controller found.
[    3.348115] hv_vmbus: registering driver hyperv_keyboard
[    3.368333] rtc_cmos rtc_cmos: only 24-hr supported
[    3.385156] device-mapper: core: CONFIG_IMA_DISABLE_HTABLE is disabled. Duplicate IMA measurements will not be recorded in the IMA log.
[    3.427207] device-mapper: uevent: version 1.0.3
[    3.444202] device-mapper: ioctl: 4.48.0-ioctl (2023-03-01) initialised: dm-devel@redhat.com
[    3.474111] hv_utils: Registering HyperV Utility Driver
[    3.492675] hv_vmbus: registering driver hv_utils
[    3.509125] hv_vmbus: registering driver hv_balloon
[    3.527283] hv_vmbus: registering driver dxgkrnl
[    3.547673] misc dxg: dxgk: dxg_drv_init: vmbus_driver_register failed: -19
[    3.577192] drop_monitor: Initializing network drop monitor service
[    3.618287] NET: Registered PF_INET6 protocol family
[    3.636205] Segment Routing with IPv6
[    3.650335] In-situ OAM (IOAM) with IPv6
[    3.665135] NET: Registered PF_PACKET protocol family
[    3.684286] 9pnet: Installing 9P2000 support
[    3.699421] NET: Registered PF_VSOCK protocol family
[    3.717225] mce: Unable to init MCE device (rc: -5)
[    3.735628] microcode: no support for this CPU vendor
[    3.753760] IPI shorthand broadcast: enabled
[    3.769568] sched_clock: Marking stable (3610747983, 157661459)->(7567246102, -3798836660)
[    3.800301] registered taskstats version 1
[    3.815091] Loading compiled-in X.509 certificates
[    3.834722] ima: No TPM chip found, activating TPM-bypass!
[    3.857005] ima: Allocated hash algorithm: sha256
[    3.873436] ima: No architecture policies found
[    3.933390] RAS: Correctable Errors collector initialized.
[    3.955573] clk: Disabling unused clocks
[    3.972579] Freeing unused decrypted memory: 2028K
[    3.991686] Freeing unused kernel image (initmem) memory: 4480K
[    4.013737] Write protecting the kernel read-only data: 34816k
[    4.034020] Freeing unused kernel image (rodata/data gap) memory: 740K
[    4.057540] Run /init as init process
[    4.075685] Kernel panic - not syncing: Attempted to kill init! exitcode=0x00000000
[    4.106132] CPU: 0 PID: 1 Comm: sh Tainted: G        W          6.6.114.1-microsoft-standard-WSL2 #1
[    4.141521] Call Trace:
[    4.149645]  <TASK>
[    4.157421]  dump_stack_lvl+0x4c/0x70
[    4.173083]  dump_stack+0x14/0x20
[    4.185741]  panic+0x179/0x330
[    4.196899]  do_exit+0x9ac/0xb30
[    4.209091]  do_group_exit+0x39/0x90
[    4.223240]  __x64_sys_exit_group+0x1c/0x20
[    4.237889]  x64_sys_call+0x183b/0x1c90
[    4.252554]  do_syscall_64+0x5a/0xb0
[    4.265408]  ? syscall_exit_to_user_mode+0x2f/0x50
[    4.283242]  ? x64_sys_call+0x15d3/0x1c90
[    4.299342]  ? do_syscall_64+0x66/0xb0
[    4.312822]  ? syscall_exit_to_user_mode+0x2f/0x50
[    4.331543]  ? x64_sys_call+0x1922/0x1c90
[    4.347583]  ? do_syscall_64+0x66/0xb0
[    4.365029]  ? syscall_exit_to_user_mode+0x2f/0x50
[    4.383055]  ? x64_sys_call+0x1922/0x1c90
[    4.400441]  ? do_syscall_64+0x66/0xb0
[    4.413998]  ? do_user_addr_fault+0x32d/0x610
[    4.430844]  ? irqentry_exit_to_user_mode+0x12/0x20
[    4.448817]  ? irqentry_exit+0x3f/0x50
[    4.461791]  ? exc_page_fault+0x87/0x160
[    4.475519]  entry_SYSCALL_64_after_hwframe+0x78/0xe2
[    4.496782] RIP: 0033:0x4474cd
[    4.509197] Code: 66 2e 0f 1f 84 00 00 00 00 00 0f 1f 00 f3 0f 1e fa 48 c7 c6 e0 ff ff ff ba e7 00 00 00 eb 07 66 0f 1f 44 00 00 f4 89 d0 0f 05 <48> 3d 00 f0 ff ff 76 f3 f7 d8 64 89 06 eb ec 0f 1f 40 00 f3 0f 1e
[    4.605882] RSP: 002b:00007ffcc0c32768 EFLAGS: 00000246 ORIG_RAX: 00000000000000e7
[    4.636688] RAX: ffffffffffffffda RBX: 000000002bceb940 RCX: 00000000004474cd
[    4.662238] RDX: 00000000000000e7 RSI: ffffffffffffffe0 RDI: 0000000000000000
[    4.688232] RBP: 00007ffcc0c32860 R08: 00007ffcc0c32780 R09: 000000002bcec8f0
[    4.714460] R10: 0000000000000008 R11: 0000000000000246 R12: 00007ffcc0c32b70
[    4.741995] R13: 00007ffcc0c32b70 R14: 00000000005fc848 R15: 0000000000000000
[    4.767998]  </TASK>
[    4.776412] Kernel Offset: disabled
