

KASLR disabled: 'nokaslr' on cmdline.

[    0.000000] Linux version 6.6.114.1-microsoft-standard-WSL2 (root@507f3e43091d) (gcc (GCC) 13.2.0, GNU ld (GNU Binutils) 2.41) #1 SMP PREEMPT_DYNAMIC Mon Dec  1 20:46:23 UTC 2025
[    0.000000] Command line: console=ttyS0,115200n8 earlyprintk=serial,ttyS0,115200 rdinit=/init nokaslr lpj=14512128 tsc_early_khz=2800000 
[    0.000000] KERNEL supported cpus:
[    0.000000]   Intel GenuineIntel
[    0.000000]   AMD AuthenticAMD
[    0.000000] CPU: vendor_id 'GenuntelineI' unknown, using generic init.
[    0.000000] CPU: Your system may be unstable.
[    0.000000] BIOS-provided physical RAM map:
[    0.000000] BIOS-e820: [mem 0x0000000000000000-0x000000000009efff] usable
[    0.000000] BIOS-e820: [mem 0x000000000009f000-0x00000000000fffff] reserved
[    0.000000] BIOS-e820: [mem 0x0000000000100000-0x000000001fffffff] usable
[    0.000000] printk: bootconsole [earlyser0] enabled
[    0.000000] NX (Execute Disable) protection: active
[    0.000000] APIC: Static calls initialized
[    0.000000] DMI not present or invalid.
[    0.000000] tsc: Detected 2800.000 MHz processor
[    0.000399] last_pfn = 0x20000 max_arch_pfn = 0x400000000
[    0.019636] MTRRs disabled by BIOS
[    0.032040] x86/PAT: Configuration [0-7]: WB  WC  UC- UC  WB  WP  UC- WT  
[    0.056626] RAMDISK: [mem 0x1f387000-0x1fefffff]
[    0.077778] ACPI: Early table checksum verification disabled
[    0.102022] ACPI: RSDP 0x00000000000F0000 000024 (v02 LEMU  )
[    0.127959] ACPI: XSDT 0x00000000000F1000 000044 (v01 LEMU   LEMUVM01 00000001 LEMU 00000001)
[    0.159917] ACPI: FACP 0x00000000000F2000 000114 (v05 LEMU   LEMUVM01 00000001 LEMU 00000001)
[    0.189427] ACPI: DSDT 0x00000000000F4000 0000A9 (v02 LEMU   LEMUVIRT 00000002 INTL 20230628)
[    0.220322] ACPI: DSDT 0x00000000000F4000 0000A9 (v02 LEMU   LEMUVIRT 00000002 INTL 20230628)
[    0.250519] ACPI: MCFG 0x00000000000F6000 00003C (v01 LEMU   LEMUVM01 00000001 LEMU 00000001)
[    0.279514] ACPI: APIC 0x00000000000F8000 000054 (v01 LEMU   LEMUVM01 00000001 LEMU 00000001)
[    0.308596] ACPI: Reserving FACP table memory at [mem 0xf2000-0xf2113]
[    0.330840] ACPI: Reserving DSDT table memory at [mem 0xf4000-0xf40a8]
[    0.353538] ACPI: Reserving DSDT table memory at [mem 0xf4000-0xf40a8]
[    0.375454] ACPI: Reserving MCFG table memory at [mem 0xf6000-0xf603b]
[    0.397854] ACPI: Reserving APIC table memory at [mem 0xf8000-0xf8053]
[    0.422753] No NUMA configuration found
[    0.437186] Faking a node at [mem 0x0000000000000000-0x000000001fffffff]
[    0.461978] NODE_DATA(0) allocated [mem 0x1ffde000-0x1fffffff]
[    0.483192] Zone ranges:
[    0.490850]   DMA32    [mem 0x0000000000001000-0x000000001fffffff]
[    0.514584]   Normal   empty
[    0.525212]   Device   empty
[    0.535045] Movable zone start for each node
[    0.552206] Early memory node ranges
[    0.565688]   node   0: [mem 0x0000000000001000-0x000000000009efff]
[    0.592145]   node   0: [mem 0x0000000000100000-0x000000001fffffff]
[    0.616161] Initmem setup node 0 [mem 0x0000000000001000-0x000000001fffffff]
[    0.644704] On node 0, zone DMA32: 1 pages in unavailable ranges
[    0.652785] On node 0, zone DMA32: 97 pages in unavailable ranges
[    0.677868] IOAPIC[0]: apic_id 1, version 17, address 0xfec00000, GSI 0-23
[    0.725829] ACPI: INT_SRC_OVR (bus 0 bus_irq 0 global_irq 2 dfl dfl)
[    0.750495] ACPI: INT_SRC_OVR (bus 0 bus_irq 8 global_irq 8 dfl dfl)
[    0.775873] ACPI: Using ACPI (MADT) for SMP configuration information
[    0.800010] smpboot: Allowing 1 CPUs, 0 hotplug CPUs
[    0.817580] PM: hibernation: Registered nosave memory: [mem 0x00000000-0x00000fff]
[    0.843630] PM: hibernation: Registered nosave memory: [mem 0x0009f000-0x000fffff]
[    0.869709] [mem 0x20000000-0xffffffff] available for PCI devices
[    0.893652] Booting paravirtualized kernel on bare hardware
[    0.913651] clocksource: refined-jiffies: mask: 0xffffffff max_cycles: 0xffffffff, max_idle_ns: 7645519600211568 ns
[    0.955286] setup_percpu: NR_CPUS:8192 nr_cpumask_bits:1 nr_cpu_ids:1 nr_node_ids:1
[    0.990004] percpu: Embedded 63 pages/cpu s221184 r8192 d28672 u2097152
[    1.016881] Kernel command line: console=ttyS0,115200n8 earlyprintk=serial,ttyS0,115200 rdinit=/init nokaslr lpj=14512128 tsc_early_khz=2800000 
[    1.065293] Unknown kernel command line parameters "nokaslr", will be passed to user space.
[    1.095695] random: crng init done
[    1.108883] Dentry cache hash table entries: 65536 (order: 7, 524288 bytes, linear)
[    1.136213] Inode-cache hash table entries: 32768 (order: 6, 262144 bytes, linear)
[    1.169374] Fallback order for Node 0: 0 
[    1.169378] Built 1 zonelists, mobility grouping on.  Total pages: 128768
[    1.207282] Policy zone: DMA32
[    1.218609] mem auto-init: stack:off, heap alloc:on, heap free:off
[    1.241291] Memory: 211664K/523896K available (20480K kernel code, 3451K rwdata, 13596K rodata, 4480K init, 6224K bss, 70980K reserved, 0K cma-reserved)
[    1.292465] SLUB: HWalign=64, Order=0-3, MinObjects=0, CPUs=1, Nodes=1
[    1.317862] Kernel/User page tables isolation: enabled
Poking KASLR using RDRAND RDTSC...
[    1.351084] ftrace: allocating 55788 entries in 218 pages
[    1.376869] ftrace: allocated 218 pages with 5 groups
[    1.400039] Dynamic Preempt: none
[    1.413976] rcu: Preemptible hierarchical RCU implementation.
[    1.434110] rcu: 	RCU restricting CPUs from NR_CPUS=8192 to nr_cpu_ids=1.
[    1.458301] 	Trampoline variant of Tasks RCU enabled.
[    1.476823] 	Rude variant of Tasks RCU enabled.
[    1.493457] 	Tracing variant of Tasks RCU enabled.
[    1.509829] rcu: RCU calculated value of scheduler-enlistment delay is 25 jiffies.
[    1.541006] rcu: Adjusting geometry for rcu_fanout_leaf=16, nr_cpu_ids=1
[    1.569345] NR_IRQS: 524544, nr_irqs: 256, preallocated irqs: 0
[    1.594550] rcu: srcu_init: Setting srcu_struct sizes based on contention.
[    1.624609] Console: colour dummy device 80x25
[    1.641174] printk: console [ttyS0] enabled
[    1.641174] printk: console [ttyS0] enabled
[    1.672903] printk: bootconsole [earlyser0] disabled
[    1.672903] printk: bootconsole [earlyser0] disabled
[    1.710636] ACPI: Core revision 20230628
[    1.725121] APIC: Switch to symmetric I/O mode setup
[    1.742098] clocksource: tsc-early: mask: 0xffffffffffffffff max_cycles: 0x285c40e2248, max_idle_ns: 440795340634 ns
[    1.778909] Calibrating delay loop (skipped) preset value.. 7256.06 BogoMIPS (lpj=14512128)
[    1.782905] mce: unknown CPU type - not enabling MCE support
[    1.782905] Last level iTLB entries: 4KB 0, 2MB 0, 4MB 0
[    1.782905] Last level dTLB entries: 4KB 0, 2MB 0, 4MB 0, 1GB 0
[    1.782905] Spectre V1 : Mitigation: usercopy/swapgs barriers and __user pointer sanitization
[    1.782905] Spectre V2 : Mitigation: Retpolines
[    1.782905] Spectre V2 : Spectre v2 / SpectreRSB: Filling RSB on context switch and VMEXIT
[    1.782905] Speculative Store Bypass: Vulnerable
[    1.782905] MDS: Vulnerable: Clear CPU buffers attempted, no microcode
[    1.782905] MMIO Stale Data: Unknown: No mitigations
[    1.782905] ------------[ cut here ]------------
[    1.782905] [AVX registers]: struct is 256 bytes, cpu state 7 bytes
[    1.782905] WARNING: CPU: 0 PID: 0 at arch/x86/kernel/fpu/xstate.c:541 fpu__init_system_xstate+0x7d3/0xd60
[    1.782905] Modules linked in:
[    1.782905] CPU: 0 PID: 0 Comm: swapper/0 Not tainted 6.6.114.1-microsoft-standard-WSL2 #1
[    1.782905] RIP: 0010:fpu__init_system_xstate+0x7d3/0xd60
[    1.782905] Code: 80 3d 90 d9 f2 ff 00 75 ab 89 c1 ba 00 01 00 00 48 c7 c6 a6 06 95 82 48 c7 c7 f0 da 9b 82 c6 05 72 d9 f2 ff 01 e8 bd 10 b4 fd <0f> 0b eb 86 41 bc 08 00 00 00 80 3d 52 d9 f2 ff 00 0f 84 d3 04 00
[    1.782905] RSP: 0000:ffffffff83203e10 EFLAGS: 00010286
[    1.782905] RAX: 0000000000000000 RBX: ffffffff83203e74 RCX: c0000000ffffdfff
[    1.782905] RDX: 0000000000000000 RSI: 00000000ffffdfff RDI: 0000000000000001
[    1.782905] RBP: ffffffff83203ea8 R08: 0000000000000000 R09: ffffffff83203c78
[    1.782905] R10: 0000000000000003 R11: ffffffff83353128 R12: 0000000000000002
[    1.782905] R13: 0000000000000000 R14: 0000000000000007 R15: ffffffff83203e74
[    1.782905] FS:  0000000000000000(0000) GS:ffff88801e800000(0000) knlGS:0000000000000000
[    1.782905] CS:  0010 DS: 0000 ES: 0000 CR0: 0000000080050033
[    1.782905] CR2: ffff888004000000 CR3: 0000000003232000 CR4: 00000000000406b0
[    1.782905] Call Trace:
[    1.782905]  <TASK>
[    1.782905]  fpu__init_system+0xec/0x1b0
[    1.782905]  arch_cpu_finalize_init+0xde/0x120
[    1.782905]  start_kernel+0x45f/0x790
[    1.782905]  x86_64_start_reservations+0x25/0x40
[    1.782905]  x86_64_start_kernel+0x7f/0x80
[    1.782905]  secondary_startup_64_no_verify+0x17d/0x18b
[    1.782905]  </TASK>
[    1.782905] ---[ end trace 0000000000000000 ]---
[    1.782905] CPUID[0d, 00]: eax=00000007 ebx=00000340 ecx=00000340 edx=00000000
[    1.782905] CPUID[0d, 01]: eax=00000007 ebx=00000340 ecx=00000340 edx=00000000
[    1.782905] CPUID[0d, 02]: eax=00000007 ebx=00000340 ecx=00000340 edx=00000000
[    1.782905] CPUID[0d, 03]: eax=00000007 ebx=00000340 ecx=00000340 edx=00000000
[    1.782905] CPUID[0d, 04]: eax=00000007 ebx=00000340 ecx=00000340 edx=00000000
[    1.782905] CPUID[0d, 05]: eax=00000007 ebx=00000340 ecx=00000340 edx=00000000
[    1.782905] CPUID[0d, 06]: eax=00000007 ebx=00000340 ecx=00000340 edx=00000000
[    1.782905] CPUID[0d, 07]: eax=00000007 ebx=00000340 ecx=00000340 edx=00000000
[    1.782905] CPUID[0d, 08]: eax=00000007 ebx=00000340 ecx=00000340 edx=00000000
[    1.782905] CPUID[0d, 09]: eax=00000007 ebx=00000340 ecx=00000340 edx=00000000
[    1.782905] CPUID[0d, 0a]: eax=00000007 ebx=00000340 ecx=00000340 edx=00000000
[    1.782905] CPUID[0d, 0b]: eax=00000007 ebx=00000340 ecx=00000340 edx=00000000
[    1.782905] CPUID[0d, 0c]: eax=00000007 ebx=00000340 ecx=00000340 edx=00000000
[    1.782905] CPUID[0d, 0d]: eax=00000007 ebx=00000340 ecx=00000340 edx=00000000
[    1.782905] CPUID[0d, 0e]: eax=00000007 ebx=00000340 ecx=00000340 edx=00000000
[    1.782905] CPUID[0d, 0f]: eax=00000007 ebx=00000340 ecx=00000340 edx=00000000
[    1.782905] CPUID[0d, 10]: eax=00000007 ebx=00000340 ecx=00000340 edx=00000000
[    1.782905] CPUID[0d, 11]: eax=00000007 ebx=00000340 ecx=00000340 edx=00000000
[    1.782905] CPUID[0d, 12]: eax=00000007 ebx=00000340 ecx=00000340 edx=00000000
[    1.782905] CPUID[0d, 13]: eax=00000007 ebx=00000340 ecx=00000340 edx=00000000
[    1.782905] CPUID[0d, 14]: eax=00000007 ebx=00000340 ecx=00000340 edx=00000000
[    1.782905] CPUID[0d, 15]: eax=00000007 ebx=00000340 ecx=00000340 edx=00000000
[    1.782905] CPUID[0d, 16]: eax=00000007 ebx=00000340 ecx=00000340 edx=00000000
[    1.782905] CPUID[0d, 17]: eax=00000007 ebx=00000340 ecx=00000340 edx=00000000
[    1.782905] CPUID[0d, 18]: eax=00000007 ebx=00000340 ecx=00000340 edx=00000000
[    1.782905] CPUID[0d, 19]: eax=00000007 ebx=00000340 ecx=00000340 edx=00000000
[    1.782905] CPUID[0d, 1a]: eax=00000007 ebx=00000340 ecx=00000340 edx=00000000
[    1.782905] CPUID[0d, 1b]: eax=00000007 ebx=00000340 ecx=00000340 edx=00000000
[    1.782905] CPUID[0d, 1c]: eax=00000007 ebx=00000340 ecx=00000340 edx=00000000
[    1.782905] ------------[ cut here ]------------
[    1.782905] XSAVE consistency problem: size 583 != kernel_size 832
[    1.782905] WARNING: CPU: 0 PID: 0 at arch/x86/kernel/fpu/xstate.c:602 fpu__init_system_xstate+0xd53/0xd60
[    1.782905] Modules linked in:
[    1.782905] CPU: 0 PID: 0 Comm: swapper/0 Tainted: G        W          6.6.114.1-microsoft-standard-WSL2 #1
[    1.782905] RIP: 0010:fpu__init_system_xstate+0xd53/0xd60
[    1.782905] Code: 37 f7 ff ff 80 3d 00 d4 f2 ff 00 0f 85 b0 fa ff ff 8b 95 6c ff ff ff 48 c7 c7 38 dc 9b 82 c6 05 e6 d3 f2 ff 01 e8 3d 0b b4 fd <0f> 0b e9 90 fa ff ff e8 b1 d8 a9 fe 90 90 90 90 90 90 90 90 90 90
[    1.782905] RSP: 0000:ffffffff83203e10 EFLAGS: 00010286
[    1.782905] RAX: 0000000000000000 RBX: 0000000000000002 RCX: c0000000ffffdfff
[    1.782905] RDX: 0000000000000000 RSI: 00000000ffffdfff RDI: 0000000000000001
[    1.782905] RBP: ffffffff83203ea8 R08: 0000000000000000 R09: ffffffff83203c78
[    1.782905] R10: 0000000000000003 R11: ffffffff83353128 R12: 0000000000000002
[    1.782905] R13: 0000000000000000 R14: 0000000000000340 R15: ffffffff83203e74
[    1.782905] FS:  0000000000000000(0000) GS:ffff88801e800000(0000) knlGS:0000000000000000
[    1.782905] CS:  0010 DS: 0000 ES: 0000 CR0: 0000000080050033
[    1.782905] CR2: ffff888004000000 CR3: 0000000003232000 CR4: 00000000000406b0
[    1.782905] Call Trace:
[    1.782905]  <TASK>
[    1.782905]  fpu__init_system+0xec/0x1b0
[    1.782905]  arch_cpu_finalize_init+0xde/0x120
[    1.782905]  start_kernel+0x45f/0x790
[    1.782905]  x86_64_start_reservations+0x25/0x40
[    1.782905]  x86_64_start_kernel+0x7f/0x80
[    1.782905]  secondary_startup_64_no_verify+0x17d/0x18b
[    1.782905]  </TASK>
[    1.782905] ---[ end trace 0000000000000000 ]---
[    1.782905] Freeing SMP alternatives memory: 44K
[    1.782905] pid_max: default: 32768 minimum: 301
[    1.782905] LSM: initializing lsm=capability,landlock,yama,safesetid,selinux,integrity
[    1.782905] landlock: Up and running.
[    1.782905] Yama: becoming mindful.
[    1.782905] SELinux:  Initializing.
[    1.782905] Mount-cache hash table entries: 1024 (order: 1, 8192 bytes, linear)
[    1.782905] Mountpoint-cache hash table entries: 1024 (order: 1, 8192 bytes, linear)
[    1.782905] smpboot: CPU0: GenuntelineI 06/8e (family: 0x6, model: 0x8e, stepping: 0x9)
[    1.783205] RCU Tasks: Setting shift to 0 and lim to 1 rcu_task_cb_adjust=1 rcu_task_cpu_ids=1.
[    1.786948] RCU Tasks Rude: Setting shift to 0 and lim to 1 rcu_task_cb_adjust=1 rcu_task_cpu_ids=1.
[    1.790942] RCU Tasks Trace: Setting shift to 0 and lim to 1 rcu_task_cb_adjust=1 rcu_task_cpu_ids=1.
[    1.794973] Performance Events: no PMU driver, software events only.
[    1.799003] signal: max sigframe size: 1440
[    1.802983] rcu: Hierarchical SRCU implementation.
[    1.806910] rcu: 	Max phase no-delay instances is 1000.
[    1.811197] NMI watchdog: Perf NMI watchdog permanently disabled
[    1.814972] smp: Bringing up secondary CPUs ...
[    1.822989] smp: Brought up 1 node, 1 CPU
[    1.826913] smpboot: Max logical packages: 1
[    1.830925] smpboot: Total of 1 processors activated (7256.06 BogoMIPS)
[    1.844623] node 0 deferred pages initialised in 8ms
[    1.847230] devtmpfs: initialized
[    1.850987] x86/mm: Memory block size: 128MB
[    1.855234] clocksource: jiffies: mask: 0xffffffff max_cycles: 0xffffffff, max_idle_ns: 7645041785100000 ns
[    1.858919] futex hash table entries: 256 (order: 2, 16384 bytes, linear)
[    1.863207] pinctrl core: initialized pinctrl subsystem
[    1.871440] NET: Registered PF_NETLINK/PF_ROUTE protocol family
[    1.874987] DMA: preallocated 128 KiB GFP_KERNEL pool for atomic allocations
[    1.878934] DMA: preallocated 128 KiB GFP_KERNEL|GFP_DMA32 pool for atomic allocations
[    1.882951] audit: initializing netlink subsys (disabled)
[    1.887053] thermal_sys: Registered thermal governor 'step_wise'
[    1.887055] thermal_sys: Registered thermal governor 'user_space'
[    1.891098] audit: type=2000 audit(943920000.108:1): state=initialized audit_enabled=0 res=1
[    1.898955] cpuidle: using governor ladder
[    1.902933] cpuidle: using governor menu
[    1.907190] acpiphp: ACPI Hot Plug PCI Controller Driver version: 0.5
[    1.910999] dca service started, version 1.12.1
[    1.915383] PCI: no memory for MCFG entries
[    1.918919] PCI: Using configuration type 1 for base access
[    1.923310] kprobes: kprobe jump-optimization is enabled. All kprobes are optimized if possible.
[    1.954968] HugeTLB: registered 2.00 MiB page size, pre-allocated 0 pages
[    1.958910] HugeTLB: 28 KiB vmemmap can be freed for a 2.00 MiB page
[    1.975140] cryptd: max_cpu_qlen set to 1000
[    1.985855] ACPI: Added _OSI(Module Device)
[    1.986911] ACPI: Added _OSI(Processor Device)
[    1.990911] ACPI: Added _OSI(Processor Aggregator Device)
[    1.994939] ACPI: 1 ACPI AML tables successfully acquired and loaded
[    1.998983] ACPI: _OSC evaluated successfully for all CPUs
[    2.002938] ACPI: Interpreter enabled
[    2.006916] ACPI: PM: (supports S0)
[    2.010910] ACPI: Using IOAPIC for interrupt routing
[    2.014929] PCI: no memory for MCFG entries
[    2.018928] PCI: Using host bridge windows from ACPI; if necessary, use "pci=nocrs" and report a bug
[    2.022921] PCI: Using E820 reservations for host bridge windows
[    2.027666] ACPI: PCI Root Bridge [PCI0] (domain 0000 [bus 00])
[    2.030919] acpi PNP0A08:00: _OSC: OS supports [ASPM ClockPM Segments MSI HPX-Type3]
[    2.034952] acpi PNP0A08:00: _OSC: not requesting OS control; OS requires [ExtendedConfig ASPM ClockPM MSI]
[    2.039015] acpi PNP0A08:00: _OSC: platform retains control of PCIe features (AE_NOT_FOUND)
[    2.042994] acpi PNP0A08:00: fail to add MMCONFIG information, can't access extended configuration space under this bridge
[    2.050949] PCI host bridge to bus 0000:00
[    2.054914] pci_bus 0000:00: root bus resource [mem 0xc0001000-0xc000ffff window]
[    2.058913] pci_bus 0000:00: root bus resource [bus 00]
[    2.063132] pci 0000:00:00.0: [4c4d:0001] type 00 class 0x060000
[    2.071846] pci 0000:00:01.0: [4c4d:4c4d] type 00 class 0x120000
[    2.075314] pci 0000:00:01.0: reg 0x10: [mem 0xc0001000-0xc0001fff]
[    2.084768] iommu: Default domain type: Translated
[    2.086910] iommu: DMA domain TLB invalidation policy: lazy mode
[    2.091057] SCSI subsystem initialized
[    2.095006] pps_core: LinuxPPS API ver. 1 registered
[    2.098910] pps_core: Software ver. 5.3.6 - Copyright 2005-2007 Rodolfo Giometti <giometti@linux.it>
[    2.102922] PTP clock support registered
[    2.106926] EDAC MC: Ver: 3.0.0
[    2.111331] NetLabel: Initializing
[    2.114910] NetLabel:  domain hash size = 128
[    2.118910] NetLabel:  protocols = UNLABELED CIPSOv4 CALIPSO
[    2.122927] NetLabel:  unlabeled traffic allowed by default
[    2.126911] PCI: Using ACPI for IRQ routing
[    2.131124] vgaarb: loaded
[    2.135019] clocksource: Switched to clocksource tsc-early
[    2.153188] VFS: Disk quotas dquot_6.6.0
[    2.168417] VFS: Dquot-cache hash table entries: 512 (order 0, 4096 bytes)
[    2.191779] FS-Cache: Loaded
[    2.202028] pnp: PnP ACPI init
[    2.212726] pnp: PnP ACPI: found 0 devices
[    2.228144] NET: Registered PF_INET protocol family
[    2.247164] IP idents hash table entries: 8192 (order: 4, 65536 bytes, linear)
[    2.271505] tcp_listen_portaddr_hash hash table entries: 256 (order: 0, 4096 bytes, linear)
[    2.300580] Table-perturb hash table entries: 65536 (order: 6, 262144 bytes, linear)
[    2.327585] TCP established hash table entries: 4096 (order: 3, 32768 bytes, linear)
[    2.358080] TCP bind hash table entries: 4096 (order: 5, 131072 bytes, linear)
[    2.385096] TCP: Hash tables configured (established 4096 bind 4096)
[    2.408048] UDP hash table entries: 256 (order: 1, 8192 bytes, linear)
[    2.434753] UDP-Lite hash table entries: 256 (order: 1, 8192 bytes, linear)
[    2.459472] NET: Registered PF_UNIX/PF_LOCAL protocol family
[    2.478648] NET: Registered PF_XDP protocol family
[    2.494685] pci_bus 0000:00: resource 4 [mem 0xc0001000-0xc000ffff window]
[    2.518986] PCI: CLS 0 bytes, default 64
[    2.533391] platform rtc_cmos: registered platform RTC device (no PNP device found)
[    2.562711] Trying to unpack rootfs image as initramfs...
[    2.582242] Initialise system trusted keyrings
[    2.598352] Key type blacklist registered
[    2.625316] workingset: timestamp_bits=36 max_order=17 bucket_order=0
[    2.657520] squashfs: version 4.0 (2009/01/31) Phillip Lougher
[    2.679398] fuse: init (API version 7.39)
[    2.713249] SGI XFS with ACLs, security attributes, realtime, verbose warnings, quota, no debug enabled
[    2.781465] 9p: Installing v9fs 9p2000 file system support
[    2.838996] Key type asymmetric registered
[    2.857392] Asymmetric key parser 'x509' registered
[    2.875038] Block layer SCSI generic (bsg) driver version 0.4 loaded (major 245)
[    2.921217] io scheduler mq-deadline registered
[    2.941529] io scheduler kyber registered
[    2.974345] ioatdma: Intel(R) QuickData Technology Driver 5.00
[    3.009242] Serial: 8250/16550 driver, 8 ports, IRQ sharing enabled
[    3.034996] serial8250: ttyS0 at I/O 0x3f8 (irq = 4, base_baud = 115200) is a 16550A
[    3.090351] Linux agpgart interface v0.103
[    3.105839] AMD-Vi: AMD IOMMUv2 functionality not available on this system - This is not a bug.
[    3.138544] ACPI: bus type drm_connector registered
[    3.187462] brd: module loaded
[    3.215244] Freeing initrd memory: 11748K
[    3.236587] loop: module loaded
[    3.249534] Loading iSCSI transport class v2.0-870.
[    3.266472] rdac: device handler registered
[    3.282874] Microchip SmartPQI Driver (v2.1.24-046)
[    3.301563] VMware PVSCSI driver - version 1.0.7.0-k
[    3.320269] hv_vmbus: registering driver hv_storvsc
[    3.338108] PPP generic driver version 2.4.2
[    3.353589] VMware vmxnet3 virtual NIC driver - version 1.7.0.0-k-NAPI
[    3.379779] hv_vmbus: registering driver hv_netvsc
[    3.398686] Fusion MPT base driver 3.04.20
[    3.417003] Copyright (c) 1999-2008 LSI Corporation
[    3.437741] Fusion MPT SPI Host driver 3.04.20
[    3.459632] Fusion MPT SAS Host driver 3.04.20
[    3.484586] Fusion MPT misc device (ioctl) driver 3.04.20
[    3.512668] mptctl: Registered with Fusion MPT base driver
[    3.532815] mptctl: /dev/mptctl @ (major,minor=10,220)
[    3.552390] i8042: PNP: No PS/2 controller found.
[    3.568888] hv_vmbus: registering driver hyperv_keyboard
[    3.589240] rtc_cmos rtc_cmos: only 24-hr supported
[    3.606498] device-mapper: core: CONFIG_IMA_DISABLE_HTABLE is disabled. Duplicate IMA measurements will not be recorded in the IMA log.
[    3.653104] device-mapper: uevent: version 1.0.3
[    3.669653] device-mapper: ioctl: 4.48.0-ioctl (2023-03-01) initialised: dm-devel@redhat.com
[    3.701643] hv_utils: Registering HyperV Utility Driver
[    3.721999] hv_vmbus: registering driver hv_utils
[    3.738883] hv_vmbus: registering driver hv_balloon
[    3.755502] hv_vmbus: registering driver dxgkrnl
[    3.773205] misc dxg: dxgk: dxg_drv_init: vmbus_driver_register failed: -19
[    3.797410] drop_monitor: Initializing network drop monitor service
[    3.838327] NET: Registered PF_INET6 protocol family
[    3.857698] Segment Routing with IPv6
[    3.871997] In-situ OAM (IOAM) with IPv6
[    3.886876] NET: Registered PF_PACKET protocol family
[    3.906827] 9pnet: Installing 9P2000 support
[    3.922789] NET: Registered PF_VSOCK protocol family
[    3.944734] mce: Unable to init MCE device (rc: -5)
[    3.965798] microcode: no support for this CPU vendor
[    3.987694] IPI shorthand broadcast: enabled
[    4.004440] sched_clock: Marking stable (3848675835, 154576421)->(7730694762, -3727442506)
[    4.040906] registered taskstats version 1
[    4.056302] Loading compiled-in X.509 certificates
[    4.077233] ima: No TPM chip found, activating TPM-bypass!
[    4.098807] ima: Allocated hash algorithm: sha256
[    4.116724] ima: No architecture policies found
[    4.176127] RAS: Correctable Errors collector initialized.
[    4.201031] clk: Disabling unused clocks
[    4.216885] Freeing unused decrypted memory: 2028K
[    4.236540] Freeing unused kernel image (initmem) memory: 4480K
[    4.258363] Write protecting the kernel read-only data: 34816k
[    4.281593] Freeing unused kernel image (rodata/data gap) memory: 740K
[    4.305688] clocksource: Long readout interval, skipping watchdog check: cs_nsec: 1556353896 wd_nsec: 512032000
[    4.343237] Run /init as init process
[    4.461090] Kernel panic - not syncing: Attempted to kill init! exitcode=0x00000000
[    4.496325] CPU: 0 PID: 1 Comm: busybox Tainted: G        W          6.6.114.1-microsoft-standard-WSL2 #1
[    4.534070] Call Trace:
[    4.543360]  <TASK>
[    4.550999]  dump_stack_lvl+0x4c/0x70
[    4.563927]  dump_stack+0x14/0x20
[    4.576454]  panic+0x179/0x330
[    4.588317]  do_exit+0x9ac/0xb30
[    4.600262]  do_group_exit+0x39/0x90
[    4.611743]  __x64_sys_exit_group+0x1c/0x20
[    4.625990]  x64_sys_call+0x183b/0x1c90
[    4.639643]  do_syscall_64+0x5a/0xb0
[    4.651205]  ? do_iter_write+0x94/0x210
[    4.664358]  ? vfs_writev+0xd3/0x170
[    4.676281]  ? do_writev+0x79/0x150
[    4.688328]  ? syscall_exit_to_user_mode+0x2f/0x50
[    4.705763]  ? x64_sys_call+0x1c50/0x1c90
[    4.722172]  ? do_syscall_64+0x66/0xb0
[    4.737569]  ? do_user_addr_fault+0x32d/0x610
[    4.757381]  ? irqentry_exit_to_user_mode+0x12/0x20
[    4.777750]  ? irqentry_exit+0x3f/0x50
[    4.791990]  ? exc_page_fault+0x87/0x160
[    4.806543]  entry_SYSCALL_64_after_hwframe+0x78/0xe2
[    4.830026] RIP: 0033:0x76f762d2abce
[    4.843010] Code: 8b 76 28 48 89 c7 e9 45 42 00 00 64 48 8b 04 25 00 00 00 00 48 8b b0 a8 00 00 00 e9 bf ff ff ff 48 63 ff b8 e7 00 00 00 0f 05 <ba> 3c 00 00 00 48 89 d0 0f 05 eb f9 48 83 ec 38 bf 06 00 00 00 e8
[    4.912910] RSP: 002b:00007fff81d8f658 EFLAGS: 00000206 ORIG_RAX: 00000000000000e7
[    4.942918] RAX: ffffffffffffffda RBX: 000076f762cf9050 RCX: 000076f762d2abce
[    4.970452] RDX: 000076f762db0880 RSI: 0000000000000000 RDI: 0000000000000000
[    4.995038] RBP: 00005bb9b1073adc R08: 000076f762dadac0 R09: 0000000000000002
[    5.018237] R10: 0000000000000001 R11: 0000000000000206 R12: 00007fff81d8f988
[    5.045353] R13: 00007fff81d8f990 R14: 0000000000000000 R15: 00007fff81d8f970
[    5.071093]  </TASK>
[    5.079334] Kernel Offset: disabled
