[    0.000000] Linux version 6.6.114.1-microsoft-standard-WSL2 (root@507f3e43091d) (gcc (GCC) 13.2.0, GNU ld (GNU Binutils) 2.41) #1 SMP PREEMPT_DYNAMIC Mon Dec  1 20:46:23 UTC 2025
[    0.000000] Command line: console=ttyS0,115200n8 earlyprintk=serial,ttyS0,115200 rdinit=/init tsc=reliable clocksource=tsc hpet=off highres=off nohz=off 
[    0.000000] KERNEL supported cpus:
[    0.000000]   Intel GenuineIntel
[    0.000000]   AMD AuthenticAMD
[    0.000000] Intel Spectre v2 broken microcode detected; disabling Speculation Control
[    0.000000] Disabled fast string operations
[    0.000000] BIOS-provided physical RAM map:
[    0.000000] BIOS-e820: [mem 0x0000000000000000-0x000000000009efff] usable
[    0.000000] BIOS-e820: [mem 0x000000000009f000-0x00000000000fffff] reserved
[    0.000000] BIOS-e820: [mem 0x0000000000100000-0x000000001fffffff] usable
[    0.000000] printk: bootconsole [earlyser0] enabled
[    0.000000] NX (Execute Disable) protection: active
[    0.000000] APIC: Static calls initialized
[    0.000000] DMI not present or invalid.
[    0.000000] last_pfn = 0x20000 max_arch_pfn = 0x400000000
[    0.000000] MTRRs disabled by BIOS
[    0.000000] x86/PAT: Configuration [0-7]: WB  WC  UC- UC  WB  WP  UC- WT  
Memory KASLR using RDRAND RDTSC...
[    0.000000] Using GB pages for direct mapping
[    0.000000] RAMDISK: [mem 0x1fee1000-0x1fffffff]
[    0.000000] ACPI: Early table checksum verification disabled
[    0.000000] ACPI BIOS Error (bug): A valid RSDP was not found (20230628/tbxfroot-222)
[    0.000000] No NUMA configuration found
[    0.000000] Faking a node at [mem 0x0000000000000000-0x000000001fffffff]
[    0.000000] NODE_DATA(0) allocated [mem 0x1febf000-0x1fee0fff]
[    0.000000] Zone ranges:
[    0.000000]   DMA32    [mem 0x0000000000001000-0x000000001fffffff]
[    0.000000]   Normal   empty
[    0.000000]   Device   empty
[    0.000000] Movable zone start for each node
[    0.000000] Early memory node ranges
[    0.000000]   node   0: [mem 0x0000000000001000-0x000000000009efff]
[    0.000000]   node   0: [mem 0x0000000000100000-0x000000001fffffff]
[    0.000000] Initmem setup node 0 [mem 0x0000000000001000-0x000000001fffffff]
[    0.000000] On node 0, zone DMA32: 1 pages in unavailable ranges
[    0.000000] On node 0, zone DMA32: 97 pages in unavailable ranges
[    0.000000] smpboot: Allowing 1 CPUs, 0 hotplug CPUs
[    0.000000] PM: hibernation: Registered nosave memory: [mem 0x00000000-0x00000fff]
[    0.000000] PM: hibernation: Registered nosave memory: [mem 0x0009f000-0x000fffff]
[    0.000000] [mem 0x20000000-0xffffffff] available for PCI devices
[    0.000000] Booting paravirtualized kernel on bare hardware
[    0.000000] clocksource: refined-jiffies: mask: 0xffffffff max_cycles: 0xffffffff, max_idle_ns: 7645519600211568 ns
[    0.000000] setup_percpu: NR_CPUS:8192 nr_cpumask_bits:1 nr_cpu_ids:1 nr_node_ids:1
[    0.000000] percpu: Embedded 63 pages/cpu s221184 r8192 d28672 u2097152
[    0.000000] Kernel command line: console=ttyS0,115200n8 earlyprintk=serial,ttyS0,115200 rdinit=/init tsc=reliable clocksource=tsc hpet=off highres=off nohz=off 
[    0.000000] random: crng init done
[    0.000000] Dentry cache hash table entries: 65536 (order: 7, 524288 bytes, linear)
[    0.000000] Inode-cache hash table entries: 32768 (order: 6, 262144 bytes, linear)
[    0.000000] Fallback order for Node 0: 0 
[    0.000000] Built 1 zonelists, mobility grouping on.  Total pages: 128768
[    0.000000] Policy zone: DMA32
[    0.000000] mem auto-init: stack:off, heap alloc:on, heap free:off
[    0.000000] Memory: 211660K/523896K available (20480K kernel code, 3451K rwdata, 13596K rodata, 4480K init, 6224K bss, 60376K reserved, 0K cma-reserved)
[    0.000000] SLUB: HWalign=64, Order=0-3, MinObjects=0, CPUs=1, Nodes=1
[    0.000000] Kernel/User page tables isolation: enabled
Poking KASLR using RDRAND RDTSC...
[    0.000000] ftrace: allocating 55788 entries in 218 pages
[    0.000000] ftrace: allocated 218 pages with 5 groups
[    0.000000] Dynamic Preempt: none
[    0.000000] rcu: Preemptible hierarchical RCU implementation.
[    0.000000] rcu: 	RCU restricting CPUs from NR_CPUS=8192 to nr_cpu_ids=1.
[    0.000000] 	Trampoline variant of Tasks RCU enabled.
[    0.000000] 	Rude variant of Tasks RCU enabled.
[    0.000000] 	Tracing variant of Tasks RCU enabled.
[    0.000000] rcu: RCU calculated value of scheduler-enlistment delay is 25 jiffies.
[    0.000000] rcu: Adjusting geometry for rcu_fanout_leaf=16, nr_cpu_ids=1
[    0.000000] NR_IRQS: 524544, nr_irqs: 32, preallocated irqs: 16
[    0.000000] rcu: srcu_init: Setting srcu_struct sizes based on contention.
[    0.000000] Console: colour dummy device 80x25
[    0.000000] printk: console [ttyS0] enabled
[    0.000000] printk: console [ttyS0] enabled
[    0.000000] printk: bootconsole [earlyser0] disabled
[    0.000000] printk: bootconsole [earlyser0] disabled
[    0.000000] APIC: ACPI MADT or MP tables are not detected
[    0.004000] APIC: Switch to virtual wire mode setup with no configuration
[    0.012000] Not enabling interrupt remapping due to skipped IO-APIC setup
[    0.020000] tsc: Unable to calibrate against PIT
[    0.028000] tsc: No reference (HPET/PMTIMER) available
[    0.036000] tsc: Marking TSC unstable due to could not calculate TSC khz
[    0.044000] Calibrating delay loop... 7524.35 BogoMIPS (lpj=15048704)
[    0.092000] Disabled fast string operations
[    0.100000] x86/cpu: User Mode Instruction Prevention (UMIP) activated
[    0.108000] Last level iTLB entries: 4KB 64, 2MB 8, 4MB 8
[    0.116000] Last level dTLB entries: 4KB 64, 2MB 32, 4MB 32, 1GB 4
[    0.124000] Spectre V1 : Mitigation: usercopy/swapgs barriers and __user pointer sanitization
[    0.132000] Spectre V2 : Mitigation: Retpolines
[    0.140000] Spectre V2 : Spectre v2 / SpectreRSB: Filling RSB on context switch and VMEXIT
[    0.148000] RETBleed: WARNING: Spectre v2 mitigation leaves CPU vulnerable to RETBleed attacks, data leaks possible!
[    0.156000] RETBleed: Vulnerable
[    0.164000] Speculative Store Bypass: Vulnerable
[    0.172000] MDS: Mitigation: Clear CPU buffers
[    0.180000] MMIO Stale Data: Mitigation: Clear CPU buffers
[    0.188000] SRBDS: Vulnerable: No microcode
[    0.196000] GDS: Vulnerable: No microcode
[    0.204000] x86/fpu: Supporting XSAVE feature 0x001: 'x87 floating point registers'
[    0.212000] x86/fpu: Supporting XSAVE feature 0x002: 'SSE registers'
[    0.220000] x86/fpu: Supporting XSAVE feature 0x004: 'AVX registers'
[    0.228000] x86/fpu: xstate_offset[2]:  576, xstate_sizes[2]:  256
[    0.236000] x86/fpu: Enabled xstate features 0x7, context size is 832 bytes, using 'compacted' format.
[    0.268000] Freeing SMP alternatives memory: 44K
[    0.276000] pid_max: default: 32768 minimum: 301
[    0.284000] LSM: initializing lsm=capability,landlock,yama,safesetid,selinux,integrity
[    0.292000] landlock: Up and running.
[    0.300000] Yama: becoming mindful.
[    0.308000] SELinux:  Initializing.
[    0.316000] Mount-cache hash table entries: 1024 (order: 1, 8192 bytes, linear)
[    0.324000] Mountpoint-cache hash table entries: 1024 (order: 1, 8192 bytes, linear)
[    0.332000] smpboot: CPU 0 Converting physical 3 to logical package 0
[    0.340000] smpboot: SMP disabled
[    0.348000] RCU Tasks: Setting shift to 0 and lim to 1 rcu_task_cb_adjust=1 rcu_task_cpu_ids=1.
[    0.356000] RCU Tasks Rude: Setting shift to 0 and lim to 1 rcu_task_cb_adjust=1 rcu_task_cpu_ids=1.
[    0.364000] RCU Tasks Trace: Setting shift to 0 and lim to 1 rcu_task_cb_adjust=1 rcu_task_cpu_ids=1.
[    0.372000] Performance Events: Skylake events, 32-deep LBR, full-width counters, Intel PMU driver.
[    0.380000] ... version:                2
[    0.388000] ... bit width:              48
[    0.396000] ... generic registers:      4
[    0.404000] ... value mask:             0000ffffffffffff
[    0.412000] ... max period:             00007fffffffffff
[    0.420000] ... fixed-purpose events:   3
[    0.428000] ... event mask:             000000070000000f
[    0.444000] signal: max sigframe size: 1776
[    0.452000] rcu: Hierarchical SRCU implementation.
[    0.460000] rcu: 	Max phase no-delay instances is 1000.
[    0.468000] NMI watchdog: Enabled. Permanently consumes one hw-PMU counter.
[    0.476000] smp: Bringing up secondary CPUs ...
[    0.484000] smp: Brought up 1 node, 1 CPU
[    0.492000] smpboot: Max logical packages: 1
[    0.500000] smpboot: Total of 1 processors activated (7524.35 BogoMIPS)
[    0.520000] node 0 deferred pages initialised in 12ms
[    0.528000] devtmpfs: initialized
[    0.536000] x86/mm: Memory block size: 128MB
[    0.544000] clocksource: jiffies: mask: 0xffffffff max_cycles: 0xffffffff, max_idle_ns: 7645041785100000 ns
[    0.552000] futex hash table entries: 256 (order: 2, 16384 bytes, linear)
[    0.560000] pinctrl core: initialized pinctrl subsystem
[    0.568000] NET: Registered PF_NETLINK/PF_ROUTE protocol family
[    0.576000] DMA: preallocated 128 KiB GFP_KERNEL pool for atomic allocations
[    0.584000] DMA: preallocated 128 KiB GFP_KERNEL|GFP_DMA32 pool for atomic allocations
[    0.592000] audit: initializing netlink subsys (disabled)
[    0.600000] thermal_sys: Registered thermal governor 'step_wise'
[    0.600000] thermal_sys: Registered thermal governor 'user_space'
[    0.608000] audit: type=2000 audit(943920000.600:1): state=initialized audit_enabled=0 res=1
[    0.624000] cpuidle: using governor ladder
[    0.632000] dca service started, version 1.12.1
[    0.644000] PCI: Fatal: No config space access function found
[    0.656000] kprobes: kprobe jump-optimization is enabled. All kprobes are optimized if possible.
[    0.692000] HugeTLB: registered 1.00 GiB page size, pre-allocated 0 pages
[    0.700000] HugeTLB: 16380 KiB vmemmap can be freed for a 1.00 GiB page
[    0.708000] HugeTLB: registered 2.00 MiB page size, pre-allocated 0 pages
[    0.716000] HugeTLB: 28 KiB vmemmap can be freed for a 2.00 MiB page
[    0.740000] cryptd: max_cpu_qlen set to 1000
[    0.760000] ACPI: Interpreter disabled.
[    0.768000] iommu: Default domain type: Translated
[    0.776000] iommu: DMA domain TLB invalidation policy: lazy mode
[    0.784000] SCSI subsystem initialized
[    0.792000] pps_core: LinuxPPS API ver. 1 registered
[    0.800000] pps_core: Software ver. 5.3.6 - Copyright 2005-2007 Rodolfo Giometti <giometti@linux.it>
[    0.808000] PTP clock support registered
[    0.816000] EDAC MC: Ver: 3.0.0
[    0.824000] NetLabel: Initializing
[    0.832000] NetLabel:  domain hash size = 128
[    0.836000] NetLabel:  protocols = UNLABELED CIPSOv4 CALIPSO
[    0.844000] NetLabel:  unlabeled traffic allowed by default
[    0.852000] PCI: System does not support PCI
[    0.860000] vgaarb: loaded
[    0.868000] clocksource: Switched to clocksource refined-jiffies
[    0.876000] VFS: Disk quotas dquot_6.6.0
[    0.884001] VFS: Dquot-cache hash table entries: 512 (order 0, 4096 bytes)
[    0.892001] FS-Cache: Loaded
[    0.900002] pnp: PnP ACPI: disabled
[    0.912002] NET: Registered PF_INET protocol family
[    0.920003] IP idents hash table entries: 8192 (order: 4, 65536 bytes, linear)
[    0.928003] tcp_listen_portaddr_hash hash table entries: 256 (order: 0, 4096 bytes, linear)
[    0.936004] Table-perturb hash table entries: 65536 (order: 6, 262144 bytes, linear)
[    0.944004] TCP established hash table entries: 4096 (order: 3, 32768 bytes, linear)
[    0.952005] TCP bind hash table entries: 4096 (order: 5, 131072 bytes, linear)
[    0.960005] TCP: Hash tables configured (established 4096 bind 4096)
[    0.968006] UDP hash table entries: 256 (order: 1, 8192 bytes, linear)
[    0.976006] UDP-Lite hash table entries: 256 (order: 1, 8192 bytes, linear)
[    0.984007] NET: Registered PF_UNIX/PF_LOCAL protocol family
[    0.992007] NET: Registered PF_XDP protocol family
[    1.004008] PCI: CLS 0 bytes, default 64
[    1.012009] Trying to unpack rootfs image as initramfs...
[    1.024009] RAPL PMU: API unit is 2^-32 Joules, 0 fixed counters, 10737418240 ms ovfl timer
[    1.032010] unchecked MSR access error: WRMSR to 0xe01 (tried to write 0x000000002000001f) at rIP: 0xffffffff9309b4d8 (native_write_msr+0x8/0x30)
[    1.040010] Call Trace:
[    1.048011]  <TASK>
[    1.056011]  ? skl_uncore_msr_init_box+0x48/0x60
[    1.064012]  uncore_box_ref.part.0+0xa6/0xd0
[    1.072012]  uncore_event_cpu_online+0x63/0x150
[    1.080013]  cpuhp_invoke_callback+0x138/0x490
[    1.088013]  ? __schedule+0x3bb/0xaa0
[    1.096014]  ? __pfx_smpboot_thread_fn+0x10/0x10
[    1.104014]  cpuhp_thread_fun+0xe6/0x180
[    1.112015]  smpboot_thread_fn+0xe7/0x1e0
[    1.120015]  kthread+0xf6/0x130
[    1.128016]  ? __pfx_kthread+0x10/0x10
[    1.136016]  ret_from_fork+0x41/0x60
[    1.144017]  ? __pfx_kthread+0x10/0x10
[    1.152017]  ret_from_fork_asm+0x1b/0x30
[    1.156018]  </TASK>
[    1.184019] Freeing initrd memory: 1148K
[    1.192020] platform rtc_cmos: registered platform RTC device (no PNP device found)
[    1.200020] Initialise system trusted keyrings
[    1.208021] Key type blacklist registered
[    1.216021] workingset: timestamp_bits=36 max_order=17 bucket_order=0
[    1.224022] squashfs: version 4.0 (2009/01/31) Phillip Lougher
[    1.232022] fuse: init (API version 7.39)
[    1.240023] SGI XFS with ACLs, security attributes, realtime, verbose warnings, quota, no debug enabled
[    1.252024] 9p: Installing v9fs 9p2000 file system support
[    1.268025] Key type asymmetric registered
[    1.276025] Asymmetric key parser 'x509' registered
[    1.284026] Block layer SCSI generic (bsg) driver version 0.4 loaded (major 245)
[    1.292026] io scheduler mq-deadline registered
[    1.300027] io scheduler kyber registered
[    1.308027] ioatdma: Intel(R) QuickData Technology Driver 5.00
[    1.316028] Serial: 8250/16550 driver, 8 ports, IRQ sharing enabled
[    1.324028] serial8250: ttyS0 at I/O 0x3f8 (irq = 4, base_baud = 115200) is a 16550A
[    1.332029] Linux agpgart interface v0.103
[    1.340029] AMD-Vi: AMD IOMMUv2 functionality not available on this system - This is not a bug.
[    1.352030] brd: module loaded
[    1.364031] loop: module loaded
[    1.372031] Loading iSCSI transport class v2.0-870.
[    1.380032] rdac: device handler registered
[    1.388032] Microchip SmartPQI Driver (v2.1.24-046)
[    1.396033] VMware PVSCSI driver - version 1.0.7.0-k
[    1.404033] hv_vmbus: registering driver hv_storvsc
[    1.416034] PPP generic driver version 2.4.2
[    1.424034] VMware vmxnet3 virtual NIC driver - version 1.7.0.0-k-NAPI
[    1.432035] hv_vmbus: registering driver hv_netvsc
[    1.440035] Fusion MPT base driver 3.04.20
[    1.448036] Copyright (c) 1999-2008 LSI Corporation
[    1.456036] Fusion MPT SPI Host driver 3.04.20
[    1.464037] Fusion MPT SAS Host driver 3.04.20
[    1.472037] Fusion MPT misc device (ioctl) driver 3.04.20
[    1.480038] mptctl: Registered with Fusion MPT base driver
[    1.488038] mptctl: /dev/mptctl @ (major,minor=10,220)
[    1.496039] i8042: PNP: No PS/2 controller found.
[    1.504039] i8042: Probing ports directly.
[    1.520040] i8042: Can't read CTR while initializing i8042
[    1.528041] i8042: probe of i8042 failed with error -5
[    1.536041] hv_vmbus: registering driver hyperv_keyboard
[    1.548042] rtc_cmos rtc_cmos: only 24-hr supported
[    1.556043] device-mapper: core: CONFIG_IMA_DISABLE_HTABLE is disabled. Duplicate IMA measurements will not be recorded in the IMA log.
[    1.564043] device-mapper: uevent: version 1.0.3
[    1.572044] device-mapper: ioctl: 4.48.0-ioctl (2023-03-01) initialised: dm-devel@redhat.com
[    1.580044] intel_pstate: CPU model not supported
[    1.588045] hv_utils: Registering HyperV Utility Driver
[    1.596045] hv_vmbus: registering driver hv_utils
[    1.604046] hv_vmbus: registering driver hv_balloon
[    1.612046] hv_vmbus: registering driver dxgkrnl
[    1.620047] misc dxg: dxgk: dxg_drv_init: vmbus_driver_register failed: -19
[    1.628047] drop_monitor: Initializing network drop monitor service
[    1.656049] NET: Registered PF_INET6 protocol family
[    1.664049] Segment Routing with IPv6
[    1.672050] In-situ OAM (IOAM) with IPv6
[    1.680050] NET: Registered PF_PACKET protocol family
[    1.692051] 9pnet: Installing 9P2000 support
[    1.700052] NET: Registered PF_VSOCK protocol family
[    1.708052] microcode: Current revision: 0x00000001
[    1.716053] microcode: Microcode Update Driver: v2.2.
[    1.716053] IPI shorthand broadcast: enabled
[    1.732054] AVX2 version of gcm_enc/dec engaged.
[    1.740054] AES CTR mode by8 optimization enabled
[    1.748055] registered taskstats version 1
[    1.756055] Loading compiled-in X.509 certificates
[    1.764056] ima: No TPM chip found, activating TPM-bypass!
[    1.772056] ima: Allocated hash algorithm: sha256
[    1.780057] ima: No architecture policies found
[    1.848061] RAS: Correctable Errors collector initialized.
[    1.856061] Unstable clock detected, switching default tracing clock to "global"
[    1.856061] If you want to keep using the local clock, then add:
[    1.856061]   "trace_clock=local"
[    1.856061] on the kernel command line
[    1.864062] clk: Disabling unused clocks
[    1.876063] Freeing unused decrypted memory: 2028K
[    1.884063] Freeing unused kernel image (initmem) memory: 4480K
[    1.892064] Write protecting the kernel read-only data: 34816k
[    1.904064] Freeing unused kernel image (rodata/data gap) memory: 740K
[    1.912065] Run /init as init process

==============================================
B1: banner start
 mini-KVM Linux 已启动！
B2: banner done
 你在 Windows 宿主机上，我跑在我们的
 KVM 虚拟机里（纯手写 VMM LEMU）。
B3: mounting
mount: mounting sysfs on /sys failed: Device or resource busy
B4: mounted, starting shell
==============================================


BusyBox v1.36.1 (Ubuntu 1:1.36.1-6ubuntu3.1) built-in shell (ash)
Enter 'help' for a list of built-in commands.

sh: can't access tty; job control turned off
~ # [6nls
bin   dev   init  proc  root  sys   tmp
~ # [6ncd root
/root # [6nls
/root # [6ncd /
~ # [6nls
bin   dev   init  proc  root  sys   tmp
~ # [6ncd[J[Jmkdir home
~ # [6nls
bin   dev   home  init  proc  root  sys   tmp
~ # [6ncd home
/home # [6nls
/home # [6ncd [J[J[Jping
BusyBox v1.36.1 (Ubuntu 1:1.36.1-6ubuntu3.1) multi-call binary.

Usage: ping [OPTIONS] HOST

Send ICMP ECHO_REQUESTs to HOST

	-4,-6		Force IP or IPv6 name resolution
	-c CNT		Send only CNT pings
	-s SIZE		Send SIZE data bytes in packets (default 56)
	-i SECS		Interval
	-A		Ping as soon as reply is received
	-t TTL		Set TTL
	-I IFACE/IP	Source interface or IP address
	-W SEC		Seconds to wait for the first response (default 10)
			(after all -c CNT packets are sent)
	-w SEC		Seconds until ping exits (default:infinite)
			(can exit earlier with -c CNT)
	-q		Quiet, only display output at start/finish
	-p HEXBYTE	Payload pattern
/home # [6n