

KASLR disabled: 'nokaslr' on cmdline.

[    0.000000] Linux version 6.6.114.1-microsoft-standard-WSL2 (root@507f3e43091d) (gcc (GCC) 13.2.0, GNU ld (GNU Binutils) 2.41) #1 SMP PREEMPT_DYNAMIC Mon Dec  1 20:46:23 UTC 2025
[    0.000000] Command line: console=ttyS0,115200n8 earlyprintk=serial,ttyS0,115200 rdinit=/init nokaslr lpj=14512128 tsc_early_khz=2800000 
[    0.000000] KERNEL supported cpus:
[    0.000000]   Intel GenuineIntel
[    0.000000]   AMD AuthenticAMD
[    0.000000] CPU: vendor_id 'GenuntelineI' unknown, using generic init.
[    0.000000] CPU: Your system may be unstable.
[    0.000000] BIOS-provided physical RAM map:
[    0.000000] BIOS-e820: [mem 0x0000000000000000-0x000000000009efff] usable
[    0.000000] BIOS-e820: [mem 0x000000000009f000-0x00000000000fffff] reserved
[    0.000000] BIOS-e820: [mem 0x0000000000100000-0x000000001fffffff] usable
[    0.000000] printk: bootconsole [earlyser0] enabled
[    0.000000] NX (Execute Disable) protection: active
[    0.000000] APIC: Static calls initialized
[    0.000000] DMI not present or invalid.
[    0.000000] tsc: Detected 2800.000 MHz processor
[    0.000296] last_pfn = 0x20000 max_arch_pfn = 0x400000000
[    0.021185] MTRRs disabled by BIOS
[    0.034281] x86/PAT: Configuration [0-7]: WB  WC  UC- UC  WB  WP  UC- WT  
[    0.065744] RAMDISK: [mem 0x1f387000-0x1fefffff]
[    0.084694] ACPI: Early table checksum verification disabled
[    0.106834] ACPI: RSDP 0x00000000000F0000 000024 (v02 LEMU  )
[    0.133754] ACPI: XSDT 0x00000000000F1000 000044 (v01 LEMU   LEMUVM01 00000001 LEMU 00000001)
[    0.168782] ACPI: FACP 0x00000000000F2000 000114 (v05 LEMU   LEMUVM01 00000001 LEMU 00000001)
[    0.200799] ACPI: DSDT 0x00000000000F4000 0000A9 (v02 LEMU   LEMUVIRT 00000002 INTL 20230628)
[    0.233437] ACPI: DSDT 0x00000000000F4000 0000A9 (v02 LEMU   LEMUVIRT 00000002 INTL 20230628)
[    0.265888] ACPI: MCFG 0x00000000000F6000 00003C (v01 LEMU   LEMUVM01 00000001 LEMU 00000001)
[    0.298278] ACPI: APIC 0x00000000000F8000 000054 (v01 LEMU   LEMUVM01 00000001 LEMU 00000001)
[    0.328822] ACPI: Reserving FACP table memory at [mem 0xf2000-0xf2113]
[    0.356248] ACPI: Reserving DSDT table memory at [mem 0xf4000-0xf40a8]
[    0.379787] ACPI: Reserving DSDT table memory at [mem 0xf4000-0xf40a8]
[    0.404008] ACPI: Reserving MCFG table memory at [mem 0xf6000-0xf603b]
[    0.428356] ACPI: Reserving APIC table memory at [mem 0xf8000-0xf8053]
[    0.454282] No NUMA configuration found
[    0.470527] Faking a node at [mem 0x0000000000000000-0x000000001fffffff]
[    0.495269] NODE_DATA(0) allocated [mem 0x1ffde000-0x1fffffff]
[    0.518155] Zone ranges:
[    0.526267]   DMA32    [mem 0x0000000000001000-0x000000001fffffff]
[    0.550240]   Normal   empty
[    0.562051]   Device   empty
[    0.573154] Movable zone start for each node
[    0.590662] Early memory node ranges
[    0.604164]   node   0: [mem 0x0000000000001000-0x000000000009efff]
[    0.628003]   node   0: [mem 0x0000000000100000-0x000000001fffffff]
[    0.651081] Initmem setup node 0 [mem 0x0000000000001000-0x000000001fffffff]
[    0.680270] On node 0, zone DMA32: 1 pages in unavailable ranges
[    0.688962] On node 0, zone DMA32: 97 pages in unavailable ranges
[    0.720682] IOAPIC[0]: apic_id 1, version 17, address 0xfec00000, GSI 0-23
[    0.782081] ACPI: INT_SRC_OVR (bus 0 bus_irq 0 global_irq 2 dfl dfl)
[    0.808906] ACPI: INT_SRC_OVR (bus 0 bus_irq 8 global_irq 8 dfl dfl)
[    0.831586] ACPI: Using ACPI (MADT) for SMP configuration information
[    0.861384] smpboot: Allowing 1 CPUs, 0 hotplug CPUs
[    0.879467] PM: hibernation: Registered nosave memory: [mem 0x00000000-0x00000fff]
[    0.911604] PM: hibernation: Registered nosave memory: [mem 0x0009f000-0x000fffff]
[    0.941761] [mem 0x20000000-0xffffffff] available for PCI devices
[    0.964873] Booting paravirtualized kernel on bare hardware
[    0.989390] clocksource: refined-jiffies: mask: 0xffffffff max_cycles: 0xffffffff, max_idle_ns: 7645519600211568 ns
[    1.028092] setup_percpu: NR_CPUS:8192 nr_cpumask_bits:1 nr_cpu_ids:1 nr_node_ids:1
[    1.061362] percpu: Embedded 63 pages/cpu s221184 r8192 d28672 u2097152
[    1.090288] Kernel command line: console=ttyS0,115200n8 earlyprintk=serial,ttyS0,115200 rdinit=/init nokaslr lpj=14512128 tsc_early_khz=2800000 
[    1.136188] Unknown kernel command line parameters "nokaslr", will be passed to user space.
[    1.166062] random: crng init done
[    1.179508] Dentry cache hash table entries: 65536 (order: 7, 524288 bytes, linear)
[    1.206990] Inode-cache hash table entries: 32768 (order: 6, 262144 bytes, linear)
[    1.235304] Fallback order for Node 0: 0 
[    1.235307] Built 1 zonelists, mobility grouping on.  Total pages: 128768
[    1.273195] Policy zone: DMA32
[    1.286465] mem auto-init: stack:off, heap alloc:on, heap free:off
[    1.311373] Memory: 211664K/523896K available (20480K kernel code, 3451K rwdata, 13596K rodata, 4480K init, 6224K bss, 70980K reserved, 0K cma-reserved)
[    1.360011] SLUB: HWalign=64, Order=0-3, MinObjects=0, CPUs=1, Nodes=1
[    1.382124] Kernel/User page tables isolation: enabled
Poking KASLR using RDRAND RDTSC...
[    1.410587] ftrace: allocating 55788 entries in 218 pages
[    1.437258] ftrace: allocated 218 pages with 5 groups
[    1.459989] Dynamic Preempt: none
[    1.472555] rcu: Preemptible hierarchical RCU implementation.
[    1.498219] rcu: 	RCU restricting CPUs from NR_CPUS=8192 to nr_cpu_ids=1.
[    1.524702] 	Trampoline variant of Tasks RCU enabled.
[    1.541789] 	Rude variant of Tasks RCU enabled.
[    1.558432] 	Tracing variant of Tasks RCU enabled.
[    1.583013] rcu: RCU calculated value of scheduler-enlistment delay is 25 jiffies.
[    1.613819] rcu: Adjusting geometry for rcu_fanout_leaf=16, nr_cpu_ids=1
[    1.642618] NR_IRQS: 524544, nr_irqs: 256, preallocated irqs: 0
[    1.667113] rcu: srcu_init: Setting srcu_struct sizes based on contention.
[    1.690995] Console: colour dummy device 80x25
[    1.706125] printk: console [ttyS0] enabled
[    1.706125] printk: console [ttyS0] enabled
[    1.734410] printk: bootconsole [earlyser0] disabled
[    1.734410] printk: bootconsole [earlyser0] disabled
[    1.768468] ACPI: Core revision 20230628
[    1.782487] APIC: Switch to symmetric I/O mode setup
[    1.800360] clocksource: tsc-early: mask: 0xffffffffffffffff max_cycles: 0x285c40e2248, max_idle_ns: 440795340634 ns
[    1.838204] Calibrating delay loop (skipped) preset value.. 7256.06 BogoMIPS (lpj=14512128)
[    1.842188] mce: unknown CPU type - not enabling MCE support
[    1.842188] Last level iTLB entries: 4KB 0, 2MB 0, 4MB 0
[    1.842188] Last level dTLB entries: 4KB 0, 2MB 0, 4MB 0, 1GB 0
[    1.842188] Spectre V1 : Mitigation: usercopy/swapgs barriers and __user pointer sanitization
[    1.842188] Spectre V2 : Mitigation: Retpolines
[    1.842188] Spectre V2 : Spectre v2 / SpectreRSB: Filling RSB on context switch and VMEXIT
[    1.842188] Speculative Store Bypass: Vulnerable
[    1.842188] MDS: Vulnerable: Clear CPU buffers attempted, no microcode
[    1.842188] MMIO Stale Data: Unknown: No mitigations
[    1.842188] ------------[ cut here ]------------
[    1.842188] [AVX registers]: struct is 256 bytes, cpu state 7 bytes
[    1.842188] WARNING: CPU: 0 PID: 0 at arch/x86/kernel/fpu/xstate.c:541 fpu__init_system_xstate+0x7d3/0xd60
[    1.842188] Modules linked in:
[    1.842188] CPU: 0 PID: 0 Comm: swapper/0 Not tainted 6.6.114.1-microsoft-standard-WSL2 #1
[    1.842188] RIP: 0010:fpu__init_system_xstate+0x7d3/0xd60
[    1.842188] Code: 80 3d 90 d9 f2 ff 00 75 ab 89 c1 ba 00 01 00 00 48 c7 c6 a6 06 95 82 48 c7 c7 f0 da 9b 82 c6 05 72 d9 f2 ff 01 e8 bd 10 b4 fd <0f> 0b eb 86 41 bc 08 00 00 00 80 3d 52 d9 f2 ff 00 0f 84 d3 04 00
[    1.842188] RSP: 0000:ffffffff83203e10 EFLAGS: 00010286
[    1.842188] RAX: 0000000000000000 RBX: ffffffff83203e74 RCX: c0000000ffffdfff
[    1.842188] RDX: 0000000000000000 RSI: 00000000ffffdfff RDI: 0000000000000001
[    1.842188] RBP: ffffffff83203ea8 R08: 0000000000000000 R09: ffffffff83203c78
[    1.842188] R10: 0000000000000003 R11: ffffffff83353128 R12: 0000000000000002
[    1.842188] R13: 0000000000000000 R14: 0000000000000007 R15: ffffffff83203e74
[    1.842188] FS:  0000000000000000(0000) GS:ffff88801e800000(0000) knlGS:0000000000000000
[    1.842188] CS:  0010 DS: 0000 ES: 0000 CR0: 0000000080050033
[    1.842188] CR2: ffff888004000000 CR3: 0000000003232000 CR4: 00000000000406b0
[    1.842188] Call Trace:
[    1.842188]  <TASK>
[    1.842188]  fpu__init_system+0xec/0x1b0
[    1.842188]  arch_cpu_finalize_init+0xde/0x120
[    1.842188]  start_kernel+0x45f/0x790
[    1.842188]  x86_64_start_reservations+0x25/0x40
[    1.842188]  x86_64_start_kernel+0x7f/0x80
[    1.842188]  secondary_startup_64_no_verify+0x17d/0x18b
[    1.842188]  </TASK>
[    1.842188] ---[ end trace 0000000000000000 ]---
[    1.842188] CPUID[0d, 00]: eax=00000007 ebx=00000340 ecx=00000340 edx=00000000
[    1.842188] CPUID[0d, 01]: eax=00000007 ebx=00000340 ecx=00000340 edx=00000000
[    1.842188] CPUID[0d, 02]: eax=00000007 ebx=00000340 ecx=00000340 edx=00000000
[    1.842188] CPUID[0d, 03]: eax=00000007 ebx=00000340 ecx=00000340 edx=00000000
[    1.842188] CPUID[0d, 04]: eax=00000007 ebx=00000340 ecx=00000340 edx=00000000
[    1.842188] CPUID[0d, 05]: eax=00000007 ebx=00000340 ecx=00000340 edx=00000000
[    1.842188] CPUID[0d, 06]: eax=00000007 ebx=00000340 ecx=00000340 edx=00000000
[    1.842188] CPUID[0d, 07]: eax=00000007 ebx=00000340 ecx=00000340 edx=00000000
[    1.842188] CPUID[0d, 08]: eax=00000007 ebx=00000340 ecx=00000340 edx=00000000
[    1.842188] CPUID[0d, 09]: eax=00000007 ebx=00000340 ecx=00000340 edx=00000000
[    1.842188] CPUID[0d, 0a]: eax=00000007 ebx=00000340 ecx=00000340 edx=00000000
[    1.842188] CPUID[0d, 0b]: eax=00000007 ebx=00000340 ecx=00000340 edx=00000000
[    1.842188] CPUID[0d, 0c]: eax=00000007 ebx=00000340 ecx=00000340 edx=00000000
[    1.842188] CPUID[0d, 0d]: eax=00000007 ebx=00000340 ecx=00000340 edx=00000000
[    1.842188] CPUID[0d, 0e]: eax=00000007 ebx=00000340 ecx=00000340 edx=00000000
[    1.842188] CPUID[0d, 0f]: eax=00000007 ebx=00000340 ecx=00000340 edx=00000000
[    1.842188] CPUID[0d, 10]: eax=00000007 ebx=00000340 ecx=00000340 edx=00000000
[    1.842188] CPUID[0d, 11]: eax=00000007 ebx=00000340 ecx=00000340 edx=00000000
[    1.842188] CPUID[0d, 12]: eax=00000007 ebx=00000340 ecx=00000340 edx=00000000
[    1.842188] CPUID[0d, 13]: eax=00000007 ebx=00000340 ecx=00000340 edx=00000000
[    1.842188] CPUID[0d, 14]: eax=00000007 ebx=00000340 ecx=00000340 edx=00000000
[    1.842188] CPUID[0d, 15]: eax=00000007 ebx=00000340 ecx=00000340 edx=00000000
[    1.842188] CPUID[0d, 16]: eax=00000007 ebx=00000340 ecx=00000340 edx=00000000
[    1.842188] CPUID[0d, 17]: eax=00000007 ebx=00000340 ecx=00000340 edx=00000000
[    1.842188] CPUID[0d, 18]: eax=00000007 ebx=00000340 ecx=00000340 edx=00000000
[    1.842188] CPUID[0d, 19]: eax=00000007 ebx=00000340 ecx=00000340 edx=00000000
[    1.842188] CPUID[0d, 1a]: eax=00000007 ebx=00000340 ecx=00000340 edx=00000000
[    1.842188] CPUID[0d, 1b]: eax=00000007 ebx=00000340 ecx=00000340 edx=00000000
[    1.842188] CPUID[0d, 1c]: eax=00000007 ebx=00000340 ecx=00000340 edx=00000000
[    1.842188] ------------[ cut here ]------------
[    1.842188] XSAVE consistency problem: size 583 != kernel_size 832
[    1.842188] WARNING: CPU: 0 PID: 0 at arch/x86/kernel/fpu/xstate.c:602 fpu__init_system_xstate+0xd53/0xd60
[    1.842188] Modules linked in:
[    1.842188] CPU: 0 PID: 0 Comm: swapper/0 Tainted: G        W          6.6.114.1-microsoft-standard-WSL2 #1
[    1.842188] RIP: 0010:fpu__init_system_xstate+0xd53/0xd60
[    1.842188] Code: 37 f7 ff ff 80 3d 00 d4 f2 ff 00 0f 85 b0 fa ff ff 8b 95 6c ff ff ff 48 c7 c7 38 dc 9b 82 c6 05 e6 d3 f2 ff 01 e8 3d 0b b4 fd <0f> 0b e9 90 fa ff ff e8 b1 d8 a9 fe 90 90 90 90 90 90 90 90 90 90
[    1.842188] RSP: 0000:ffffffff83203e10 EFLAGS: 00010286
[    1.842188] RAX: 0000000000000000 RBX: 0000000000000002 RCX: c0000000ffffdfff
[    1.842188] RDX: 0000000000000000 RSI: 00000000ffffdfff RDI: 0000000000000001
[    1.842188] RBP: ffffffff83203ea8 R08: 0000000000000000 R09: ffffffff83203c78
[    1.842188] R10: 0000000000000003 R11: ffffffff83353128 R12: 0000000000000002
[    1.842188] R13: 0000000000000000 R14: 0000000000000340 R15: ffffffff83203e74
[    1.842188] FS:  0000000000000000(0000) GS:ffff88801e800000(0000) knlGS:0000000000000000
[    1.842188] CS:  0010 DS: 0000 ES: 0000 CR0: 0000000080050033
[    1.842188] CR2: ffff888004000000 CR3: 0000000003232000 CR4: 00000000000406b0
[    1.842188] Call Trace:
[    1.842188]  <TASK>
[    1.842188]  fpu__init_system+0xec/0x1b0
[    1.842188]  arch_cpu_finalize_init+0xde/0x120
[    1.842188]  start_kernel+0x45f/0x790
[    1.842188]  x86_64_start_reservations+0x25/0x40
[    1.842188]  x86_64_start_kernel+0x7f/0x80
[    1.842188]  secondary_startup_64_no_verify+0x17d/0x18b
[    1.842188]  </TASK>
[    1.842188] ---[ end trace 0000000000000000 ]---
[    1.842188] Freeing SMP alternatives memory: 44K
[    1.842188] pid_max: default: 32768 minimum: 301
[    1.842188] LSM: initializing lsm=capability,landlock,yama,safesetid,selinux,integrity
[    1.842188] landlock: Up and running.
[    1.842188] Yama: becoming mindful.
[    1.842188] SELinux:  Initializing.
[    1.842188] Mount-cache hash table entries: 1024 (order: 1, 8192 bytes, linear)
[    1.842188] Mountpoint-cache hash table entries: 1024 (order: 1, 8192 bytes, linear)
[    1.842188] smpboot: CPU0: GenuntelineI 06/8e (family: 0x6, model: 0x8e, stepping: 0x9)
[    1.842525] RCU Tasks: Setting shift to 0 and lim to 1 rcu_task_cb_adjust=1 rcu_task_cpu_ids=1.
[    1.846231] RCU Tasks Rude: Setting shift to 0 and lim to 1 rcu_task_cb_adjust=1 rcu_task_cpu_ids=1.
[    1.850227] RCU Tasks Trace: Setting shift to 0 and lim to 1 rcu_task_cb_adjust=1 rcu_task_cpu_ids=1.
[    1.854245] Performance Events: no PMU driver, software events only.
[    1.858323] signal: max sigframe size: 1440
[    1.862266] rcu: Hierarchical SRCU implementation.
[    1.866203] rcu: 	Max phase no-delay instances is 1000.
[    1.870636] NMI watchdog: Perf NMI watchdog permanently disabled
[    1.874241] smp: Bringing up secondary CPUs ...
[    1.878235] smp: Brought up 1 node, 1 CPU
[    1.882195] smpboot: Max logical packages: 1
[    1.886194] smpboot: Total of 1 processors activated (7256.06 BogoMIPS)
[    1.901557] node 0 deferred pages initialised in 8ms
[    1.902443] devtmpfs: initialized
[    1.906292] x86/mm: Memory block size: 128MB
[    1.910759] clocksource: jiffies: mask: 0xffffffff max_cycles: 0xffffffff, max_idle_ns: 7645041785100000 ns
[    1.914265] futex hash table entries: 256 (order: 2, 16384 bytes, linear)
[    1.918426] pinctrl core: initialized pinctrl subsystem
[    1.922821] NET: Registered PF_NETLINK/PF_ROUTE protocol family
[    1.926278] DMA: preallocated 128 KiB GFP_KERNEL pool for atomic allocations
[    1.930216] DMA: preallocated 128 KiB GFP_KERNEL|GFP_DMA32 pool for atomic allocations
[    1.934234] audit: initializing netlink subsys (disabled)
[    1.938315] thermal_sys: Registered thermal governor 'step_wise'
[    1.938317] thermal_sys: Registered thermal governor 'user_space'
[    1.942381] audit: type=2000 audit(943920000.100:1): state=initialized audit_enabled=0 res=1
[    1.950275] cpuidle: using governor ladder
[    1.954232] cpuidle: using governor menu
[    1.958495] acpiphp: ACPI Hot Plug PCI Controller Driver version: 0.5
[    1.962348] dca service started, version 1.12.1
[    1.966599] PCI: no memory for MCFG entries
[    1.970195] PCI: Using configuration type 1 for base access
[    1.974312] kprobes: kprobe jump-optimization is enabled. All kprobes are optimized if possible.
[    2.006267] HugeTLB: registered 2.00 MiB page size, pre-allocated 0 pages
[    2.010199] HugeTLB: 28 KiB vmemmap can be freed for a 2.00 MiB page
[    2.026385] cryptd: max_cpu_qlen set to 1000
[    2.032947] ACPI: Added _OSI(Module Device)
[    2.038192] ACPI: Added _OSI(Processor Device)
[    2.042194] ACPI: Added _OSI(Processor Aggregator Device)
[    2.046236] ACPI: 1 ACPI AML tables successfully acquired and loaded
[    2.050252] ACPI: _OSC evaluated successfully for all CPUs
[    2.054203] ACPI: Interpreter enabled
[    2.058200] ACPI: PM: (supports S0)
[    2.062193] ACPI: Using IOAPIC for interrupt routing
[    2.066213] PCI: no memory for MCFG entries
[    2.070226] PCI: Using host bridge windows from ACPI; if necessary, use "pci=nocrs" and report a bug
[    2.074195] PCI: Using E820 reservations for host bridge windows
[    2.078701] ACPI: PCI Root Bridge [PCI0] (domain 0000 [bus 00])
[    2.082200] acpi PNP0A08:00: _OSC: OS supports [ASPM ClockPM Segments MSI HPX-Type3]
[    2.086210] acpi PNP0A08:00: _OSC: not requesting OS control; OS requires [ExtendedConfig ASPM ClockPM MSI]
[    2.090201] acpi PNP0A08:00: _OSC: platform retains control of PCIe features (AE_NOT_FOUND)
[    2.094202] acpi PNP0A08:00: fail to add MMCONFIG information, can't access extended configuration space under this bridge
[    2.098254] PCI host bridge to bus 0000:00
[    2.102195] pci_bus 0000:00: root bus resource [mem 0xc0001000-0xc000ffff window]
[    2.106195] pci_bus 0000:00: root bus resource [bus 00]
[    2.110380] pci 0000:00:00.0: [4c4d:0001] type 00 class 0x060000
[    2.119898] pci 0000:00:01.0: [4c4d:4c4d] type 00 class 0x120000
[    2.122649] pci 0000:00:01.0: reg 0x10: [mem 0xc0001000-0xc0001fff]
[    2.131231] iommu: Default domain type: Translated
[    2.134203] iommu: DMA domain TLB invalidation policy: lazy mode
[    2.138626] SCSI subsystem initialized
[    2.142356] pps_core: LinuxPPS API ver. 1 registered
[    2.146193] pps_core: Software ver. 5.3.6 - Copyright 2005-2007 Rodolfo Giometti <giometti@linux.it>
[    2.150300] PTP clock support registered
[    2.154551] EDAC MC: Ver: 3.0.0
[    2.159085] NetLabel: Initializing
[    2.162194] NetLabel:  domain hash size = 128
[    2.166193] NetLabel:  protocols = UNLABELED CIPSOv4 CALIPSO
[    2.170227] NetLabel:  unlabeled traffic allowed by default
[    2.174194] PCI: Using ACPI for IRQ routing
[    2.178426] vgaarb: loaded
[    2.182315] clocksource: Switched to clocksource tsc-early
[    2.202019] VFS: Disk quotas dquot_6.6.0
[    2.217250] VFS: Dquot-cache hash table entries: 512 (order 0, 4096 bytes)
[    2.245819] FS-Cache: Loaded
[    2.256415] pnp: PnP ACPI init
[    2.268157] pnp: PnP ACPI: found 0 devices
[    2.284864] NET: Registered PF_INET protocol family
[    2.311067] IP idents hash table entries: 8192 (order: 4, 65536 bytes, linear)
[    2.343534] tcp_listen_portaddr_hash hash table entries: 256 (order: 0, 4096 bytes, linear)
[    2.379017] Table-perturb hash table entries: 65536 (order: 6, 262144 bytes, linear)
[    2.408075] TCP established hash table entries: 4096 (order: 3, 32768 bytes, linear)
[    2.435930] TCP bind hash table entries: 4096 (order: 5, 131072 bytes, linear)
[    2.465584] TCP: Hash tables configured (established 4096 bind 4096)
[    2.490045] UDP hash table entries: 256 (order: 1, 8192 bytes, linear)
[    2.515787] UDP-Lite hash table entries: 256 (order: 1, 8192 bytes, linear)
[    2.543300] NET: Registered PF_UNIX/PF_LOCAL protocol family
[    2.565707] NET: Registered PF_XDP protocol family
[    2.581859] pci_bus 0000:00: resource 4 [mem 0xc0001000-0xc000ffff window]
[    2.606366] PCI: CLS 0 bytes, default 64
[    2.620809] platform rtc_cmos: registered platform RTC device (no PNP device found)
[    2.648279] Trying to unpack rootfs image as initramfs...
[    2.669316] Initialise system trusted keyrings
[    2.684464] Key type blacklist registered
[    2.713044] workingset: timestamp_bits=36 max_order=17 bucket_order=0
[    2.745368] squashfs: version 4.0 (2009/01/31) Phillip Lougher
[    2.768065] fuse: init (API version 7.39)
[    2.805100] SGI XFS with ACLs, security attributes, realtime, verbose warnings, quota, no debug enabled
[    2.873416] 9p: Installing v9fs 9p2000 file system support
[    2.926446] Key type asymmetric registered
[    2.942396] Asymmetric key parser 'x509' registered
[    2.961096] Block layer SCSI generic (bsg) driver version 0.4 loaded (major 245)
[    3.009019] io scheduler mq-deadline registered
[    3.025820] io scheduler kyber registered
[    3.054039] ioatdma: Intel(R) QuickData Technology Driver 5.00
[    3.089005] Serial: 8250/16550 driver, 8 ports, IRQ sharing enabled
[    3.116869] serial8250: ttyS0 at I/O 0x3f8 (irq = 4, base_baud = 115200) is a 16550A
[    3.170105] Linux agpgart interface v0.103
[    3.187891] AMD-Vi: AMD IOMMUv2 functionality not available on this system - This is not a bug.
[    3.218782] ACPI: bus type drm_connector registered
[    3.267508] brd: module loaded
[    3.294741] Freeing initrd memory: 11748K
[    3.315464] loop: module loaded
[    3.331037] Loading iSCSI transport class v2.0-870.
[    3.350493] rdac: device handler registered
[    3.366377] Microchip SmartPQI Driver (v2.1.24-046)
[    3.384107] VMware PVSCSI driver - version 1.0.7.0-k
[    3.400640] hv_vmbus: registering driver hv_storvsc
[    3.420740] PPP generic driver version 2.4.2
[    3.437015] VMware vmxnet3 virtual NIC driver - version 1.7.0.0-k-NAPI
[    3.462483] hv_vmbus: registering driver hv_netvsc
[    3.479741] Fusion MPT base driver 3.04.20
[    3.497619] Copyright (c) 1999-2008 LSI Corporation
[    3.516791] Fusion MPT SPI Host driver 3.04.20
[    3.535746] Fusion MPT SAS Host driver 3.04.20
[    3.553094] Fusion MPT misc device (ioctl) driver 3.04.20
[    3.571019] mptctl: Registered with Fusion MPT base driver
[    3.591058] mptctl: /dev/mptctl @ (major,minor=10,220)
[    3.608412] i8042: PNP: No PS/2 controller found.
[    3.624301] hv_vmbus: registering driver hyperv_keyboard
[    3.644161] rtc_cmos rtc_cmos: only 24-hr supported
[    3.661188] device-mapper: core: CONFIG_IMA_DISABLE_HTABLE is disabled. Duplicate IMA measurements will not be recorded in the IMA log.
[    3.706099] device-mapper: uevent: version 1.0.3
[    3.722120] device-mapper: ioctl: 4.48.0-ioctl (2023-03-01) initialised: dm-devel@redhat.com
[    3.751994] hv_utils: Registering HyperV Utility Driver
[    3.771754] hv_vmbus: registering driver hv_utils
[    3.789583] hv_vmbus: registering driver hv_balloon
[    3.809489] hv_vmbus: registering driver dxgkrnl
[    3.828998] misc dxg: dxgk: dxg_drv_init: vmbus_driver_register failed: -19
[    3.854791] drop_monitor: Initializing network drop monitor service
[    3.894581] NET: Registered PF_INET6 protocol family
[    3.913637] Segment Routing with IPv6
[    3.926021] In-situ OAM (IOAM) with IPv6
[    3.939499] NET: Registered PF_PACKET protocol family
[    3.957408] 9pnet: Installing 9P2000 support
[    3.972448] NET: Registered PF_VSOCK protocol family
[    3.989987] mce: Unable to init MCE device (rc: -5)
[    4.008391] microcode: no support for this CPU vendor
[    4.025484] IPI shorthand broadcast: enabled
[    4.043363] sched_clock: Marking stable (3895029199, 147236163)->(7780112446, -3737847084)
[    4.077429] registered taskstats version 1
[    4.092267] Loading compiled-in X.509 certificates
[    4.117111] ima: No TPM chip found, activating TPM-bypass!
[    4.143295] ima: Allocated hash algorithm: sha256
[    4.162902] ima: No architecture policies found
[    4.223884] RAS: Correctable Errors collector initialized.
[    4.244684] clk: Disabling unused clocks
[    4.259709] Freeing unused decrypted memory: 2028K
[    4.276633] Freeing unused kernel image (initmem) memory: 4480K
[    4.299214] Write protecting the kernel read-only data: 34816k
[    4.319630] Freeing unused kernel image (rodata/data gap) memory: 740K
[    4.343310] Run /init as init process
[    4.376852] clocksource: Long readout interval, skipping watchdog check: cs_nsec: 1527891715 wd_nsec: 512032000
[    4.820952] clocksource: tsc: mask: 0xffffffffffffffff max_cycles: 0x285c40e2248, max_idle_ns: 440795340634 ns
[    4.864627] clocksource: Switched to clocksource tsc
