

KASLR disabled: 'nokaslr' on cmdline.

[    0.000000] Linux version 6.6.114.1-microsoft-standard-WSL2 (root@507f3e43091d) (gcc (GCC) 13.2.0, GNU ld (GNU Binutils) 2.41) #1 SMP PREEMPT_DYNAMIC Mon Dec  1 20:46:23 UTC 2025
[    0.000000] Command line: console=ttyS0,115200n8 earlyprintk=serial,ttyS0,115200 rdinit=/init nokaslr lpj=14512128 tsc_early_khz=2800000 
[    0.000000] KERNEL supported cpus:
[    0.000000]   Intel GenuineIntel
[    0.000000]   AMD AuthenticAMD
[    0.000000] CPU: vendor_id 'GenuntelineI' unknown, using generic init.
[    0.000000] CPU: Your system may be unstable.
[    0.000000] BIOS-provided physical RAM map:
[    0.000000] BIOS-e820: [mem 0x0000000000000000-0x000000000009efff] usable
[    0.000000] BIOS-e820: [mem 0x000000000009f000-0x00000000000fffff] reserved
[    0.000000] BIOS-e820: [mem 0x0000000000100000-0x000000001fffffff] usable
[    0.000000] printk: bootconsole [earlyser0] enabled
[    0.000000] NX (Execute Disable) protection: active
[    0.000000] APIC: Static calls initialized
[    0.000000] DMI not present or invalid.
[    0.000000] tsc: Detected 2800.000 MHz processor
[    0.000448] last_pfn = 0x20000 max_arch_pfn = 0x400000000
[    0.038532] MTRRs disabled by BIOS
[    0.063241] x86/PAT: Configuration [0-7]: WB  WC  UC- UC  WB  WP  UC- WT  
[    0.102907] RAMDISK: [mem 0x1f488000-0x1fffffff]
[    0.129969] ACPI: Early table checksum verification disabled
[    0.160304] ACPI: RSDP 0x00000000000F0000 000024 (v02 LEMU  )
[    0.191880] ACPI: XSDT 0x00000000000F1000 000044 (v01 LEMU   LEMUVM01 00000001 LEMU 00000001)
[    0.247164] ACPI: FACP 0x00000000000F2000 000114 (v05 LEMU   LEMUVM01 00000001 LEMU 00000001)
[    0.286192] ACPI: DSDT 0x00000000000F4000 0000A9 (v02 LEMU   LEMUVIRT 00000002 INTL 20230628)
[    0.326668] ACPI: DSDT 0x00000000000F4000 0000A9 (v02 LEMU   LEMUVIRT 00000002 INTL 20230628)
[    0.365781] ACPI: MCFG 0x00000000000F6000 00003C (v01 LEMU   LEMUVM01 00000001 LEMU 00000001)
[    0.408107] ACPI: APIC 0x00000000000F8000 000040 (v01 LEMU   LEMUVM01 00000001 LEMU 00000001)
[    0.451258] ACPI: Reserving FACP table memory at [mem 0xf2000-0xf2113]
[    0.485153] ACPI: Reserving DSDT table memory at [mem 0xf4000-0xf40a8]
[    0.512506] ACPI: Reserving DSDT table memory at [mem 0xf4000-0xf40a8]
[    0.541743] ACPI: Reserving MCFG table memory at [mem 0xf6000-0xf603b]
[    0.568971] ACPI: Reserving APIC table memory at [mem 0xf8000-0xf803f]
[    0.599226] No NUMA configuration found
[    0.614825] Faking a node at [mem 0x0000000000000000-0x000000001fffffff]
[    0.645345] NODE_DATA(0) allocated [mem 0x1f466000-0x1f487fff]
[    0.671575] Zone ranges:
[    0.683104]   DMA32    [mem 0x0000000000001000-0x000000001fffffff]
[    0.718971]   Normal   empty
[    0.738413]   Device   empty
[    0.758039] Movable zone start for each node
[    0.784993] Early memory node ranges
[    0.810714]   node   0: [mem 0x0000000000001000-0x000000000009efff]
[    0.848020]   node   0: [mem 0x0000000000100000-0x000000001fffffff]
[    0.887400] Initmem setup node 0 [mem 0x0000000000001000-0x000000001fffffff]
[    0.928858] On node 0, zone DMA32: 1 pages in unavailable ranges
[    0.938348] On node 0, zone DMA32: 97 pages in unavailable ranges
[    0.968678] IOAPIC[0]: apic_id 1, version 17, address 0xfec00000, GSI 0-23
[    1.026881] ACPI: Using ACPI (MADT) for SMP configuration information
[    1.057853] smpboot: Allowing 1 CPUs, 0 hotplug CPUs
[    1.076830] PM: hibernation: Registered nosave memory: [mem 0x00000000-0x00000fff]
[    1.117906] PM: hibernation: Registered nosave memory: [mem 0x0009f000-0x000fffff]
[    1.154396] [mem 0x20000000-0xffffffff] available for PCI devices
[    1.181353] Booting paravirtualized kernel on bare hardware
[    1.210254] clocksource: refined-jiffies: mask: 0xffffffff max_cycles: 0xffffffff, max_idle_ns: 7645519600211568 ns
[    1.259156] setup_percpu: NR_CPUS:8192 nr_cpumask_bits:1 nr_cpu_ids:1 nr_node_ids:1
[    1.300410] percpu: Embedded 63 pages/cpu s221184 r8192 d28672 u2097152
[    1.336699] Kernel command line: console=ttyS0,115200n8 earlyprintk=serial,ttyS0,115200 rdinit=/init nokaslr lpj=14512128 tsc_early_khz=2800000 
[    1.402738] Unknown kernel command line parameters "nokaslr", will be passed to user space.
[    1.439243] random: crng init done
[    1.453720] Dentry cache hash table entries: 65536 (order: 7, 524288 bytes, linear)
[    1.490718] Inode-cache hash table entries: 32768 (order: 6, 262144 bytes, linear)
[    1.535027] Fallback order for Node 0: 0 
[    1.535031] Built 1 zonelists, mobility grouping on.  Total pages: 128768
[    1.589266] Policy zone: DMA32
[    1.608211] mem auto-init: stack:off, heap alloc:on, heap free:off
[    1.641869] Memory: 211664K/523896K available (20480K kernel code, 3451K rwdata, 13596K rodata, 4480K init, 6224K bss, 70976K reserved, 0K cma-reserved)
[    1.708335] SLUB: HWalign=64, Order=0-3, MinObjects=0, CPUs=1, Nodes=1
[    1.751405] Kernel/User page tables isolation: enabled
Poking KASLR using RDRAND RDTSC...
[    1.787865] ftrace: allocating 55788 entries in 218 pages
[    1.824132] ftrace: allocated 218 pages with 5 groups
[    1.852777] Dynamic Preempt: none
[    1.869497] rcu: Preemptible hierarchical RCU implementation.
[    1.892300] rcu: 	RCU restricting CPUs from NR_CPUS=8192 to nr_cpu_ids=1.
[    1.927240] 	Trampoline variant of Tasks RCU enabled.
[    1.954639] 	Rude variant of Tasks RCU enabled.
[    1.979396] 	Tracing variant of Tasks RCU enabled.
[    2.004938] rcu: RCU calculated value of scheduler-enlistment delay is 25 jiffies.
[    2.040807] rcu: Adjusting geometry for rcu_fanout_leaf=16, nr_cpu_ids=1
[    2.073781] NR_IRQS: 524544, nr_irqs: 256, preallocated irqs: 0
[    2.103672] rcu: srcu_init: Setting srcu_struct sizes based on contention.
[    2.145318] Console: colour dummy device 80x25
[    2.170269] printk: console [ttyS0] enabled
[    2.170269] printk: console [ttyS0] enabled
[    2.204542] printk: bootconsole [earlyser0] disabled
[    2.204542] printk: bootconsole [earlyser0] disabled
[    2.246686] ACPI: Core revision 20230628
[    2.261436] APIC: Switch to symmetric I/O mode setup
[    2.283589] clocksource: tsc-early: mask: 0xffffffffffffffff max_cycles: 0x285c40e2248, max_idle_ns: 440795340634 ns
[    2.333246] Calibrating delay loop (skipped) preset value.. 7256.06 BogoMIPS (lpj=14512128)
[    2.337242] mce: unknown CPU type - not enabling MCE support
[    2.337242] Last level iTLB entries: 4KB 0, 2MB 0, 4MB 0
[    2.337242] Last level dTLB entries: 4KB 0, 2MB 0, 4MB 0, 1GB 0
[    2.337242] Spectre V1 : Mitigation: usercopy/swapgs barriers and __user pointer sanitization
[    2.337242] Spectre V2 : Mitigation: Retpolines
[    2.337242] Spectre V2 : Spectre v2 / SpectreRSB: Filling RSB on context switch and VMEXIT
[    2.337242] Speculative Store Bypass: Vulnerable
[    2.337242] MDS: Vulnerable: Clear CPU buffers attempted, no microcode
[    2.337242] MMIO Stale Data: Unknown: No mitigations
[    2.337242] ------------[ cut here ]------------
[    2.337242] [AVX registers]: struct is 256 bytes, cpu state 7 bytes
[    2.337242] WARNING: CPU: 0 PID: 0 at arch/x86/kernel/fpu/xstate.c:541 fpu__init_system_xstate+0x7d3/0xd60
[    2.337242] Modules linked in:
[    2.337242] CPU: 0 PID: 0 Comm: swapper/0 Not tainted 6.6.114.1-microsoft-standard-WSL2 #1
[    2.337242] RIP: 0010:fpu__init_system_xstate+0x7d3/0xd60
[    2.337242] Code: 80 3d 90 d9 f2 ff 00 75 ab 89 c1 ba 00 01 00 00 48 c7 c6 a6 06 95 82 48 c7 c7 f0 da 9b 82 c6 05 72 d9 f2 ff 01 e8 bd 10 b4 fd <0f> 0b eb 86 41 bc 08 00 00 00 80 3d 52 d9 f2 ff 00 0f 84 d3 04 00
[    2.337242] RSP: 0000:ffffffff83203e10 EFLAGS: 00010286
[    2.337242] RAX: 0000000000000000 RBX: ffffffff83203e74 RCX: c0000000ffffdfff
[    2.337242] RDX: 0000000000000000 RSI: 00000000ffffdfff RDI: 0000000000000001
[    2.337242] RBP: ffffffff83203ea8 R08: 0000000000000000 R09: ffffffff83203c78
[    2.337242] R10: 0000000000000003 R11: ffffffff83353128 R12: 0000000000000002
[    2.337242] R13: 0000000000000000 R14: 0000000000000007 R15: ffffffff83203e74
[    2.337242] FS:  0000000000000000(0000) GS:ffff88801ea00000(0000) knlGS:0000000000000000
[    2.337242] CS:  0010 DS: 0000 ES: 0000 CR0: 0000000080050033
[    2.337242] CR2: ffff888004000000 CR3: 0000000003232000 CR4: 00000000000406b0
[    2.337242] Call Trace:
[    2.337242]  <TASK>
[    2.337242]  fpu__init_system+0xec/0x1b0
[    2.337242]  arch_cpu_finalize_init+0xde/0x120
[    2.337242]  start_kernel+0x45f/0x790
[    2.337242]  x86_64_start_reservations+0x25/0x40
[    2.337242]  x86_64_start_kernel+0x7f/0x80
[    2.337242]  secondary_startup_64_no_verify+0x17d/0x18b
[    2.337242]  </TASK>
[    2.337242] ---[ end trace 0000000000000000 ]---
[    2.337242] CPUID[0d, 00]: eax=00000007 ebx=00000340 ecx=00000340 edx=00000000
[    2.337242] CPUID[0d, 01]: eax=00000007 ebx=00000340 ecx=00000340 edx=00000000
[    2.337242] CPUID[0d, 02]: eax=00000007 ebx=00000340 ecx=00000340 edx=00000000
[    2.337242] CPUID[0d, 03]: eax=00000007 ebx=00000340 ecx=00000340 edx=00000000
[    2.337242] CPUID[0d, 04]: eax=00000007 ebx=00000340 ecx=00000340 edx=00000000
[    2.337242] CPUID[0d, 05]: eax=00000007 ebx=00000340 ecx=00000340 edx=00000000
[    2.337242] CPUID[0d, 06]: eax=00000007 ebx=00000340 ecx=00000340 edx=00000000
[    2.337242] CPUID[0d, 07]: eax=00000007 ebx=00000340 ecx=00000340 edx=00000000
[    2.337242] CPUID[0d, 08]: eax=00000007 ebx=00000340 ecx=00000340 edx=00000000
[    2.337242] CPUID[0d, 09]: eax=00000007 ebx=00000340 ecx=00000340 edx=00000000
[    2.337242] CPUID[0d, 0a]: eax=00000007 ebx=00000340 ecx=00000340 edx=00000000
[    2.337242] CPUID[0d, 0b]: eax=00000007 ebx=00000340 ecx=00000340 edx=00000000
[    2.337242] CPUID[0d, 0c]: eax=00000007 ebx=00000340 ecx=00000340 edx=00000000
[    2.337242] CPUID[0d, 0d]: eax=00000007 ebx=00000340 ecx=00000340 edx=00000000
[    2.337242] CPUID[0d, 0e]: eax=00000007 ebx=00000340 ecx=00000340 edx=00000000
[    2.337242] CPUID[0d, 0f]: eax=00000007 ebx=00000340 ecx=00000340 edx=00000000
[    2.337242] CPUID[0d, 10]: eax=00000007 ebx=00000340 ecx=00000340 edx=00000000
[    2.337242] CPUID[0d, 11]: eax=00000007 ebx=00000340 ecx=00000340 edx=00000000
[    2.337242] CPUID[0d, 12]: eax=00000007 ebx=00000340 ecx=00000340 edx=00000000
[    2.337242] CPUID[0d, 13]: eax=00000007 ebx=00000340 ecx=00000340 edx=00000000
[    2.337242] CPUID[0d, 14]: eax=00000007 ebx=00000340 ecx=00000340 edx=00000000
[    2.337242] CPUID[0d, 15]: eax=00000007 ebx=00000340 ecx=00000340 edx=00000000
[    2.337242] CPUID[0d, 16]: eax=00000007 ebx=00000340 ecx=00000340 edx=00000000
[    2.337242] CPUID[0d, 17]: eax=00000007 ebx=00000340 ecx=00000340 edx=00000000
[    2.337242] CPUID[0d, 18]: eax=00000007 ebx=00000340 ecx=00000340 edx=00000000
[    2.337242] CPUID[0d, 19]: eax=00000007 ebx=00000340 ecx=00000340 edx=00000000
[    2.337242] CPUID[0d, 1a]: eax=00000007 ebx=00000340 ecx=00000340 edx=00000000
[    2.337242] CPUID[0d, 1b]: eax=00000007 ebx=00000340 ecx=00000340 edx=00000000
[    2.337242] CPUID[0d, 1c]: eax=00000007 ebx=00000340 ecx=00000340 edx=00000000
[    2.337242] ------------[ cut here ]------------
[    2.337242] XSAVE consistency problem: size 583 != kernel_size 832
[    2.337242] WARNING: CPU: 0 PID: 0 at arch/x86/kernel/fpu/xstate.c:602 fpu__init_system_xstate+0xd53/0xd60
[    2.337242] Modules linked in:
[    2.337242] CPU: 0 PID: 0 Comm: swapper/0 Tainted: G        W          6.6.114.1-microsoft-standard-WSL2 #1
[    2.337242] RIP: 0010:fpu__init_system_xstate+0xd53/0xd60
[    2.337242] Code: 37 f7 ff ff 80 3d 00 d4 f2 ff 00 0f 85 b0 fa ff ff 8b 95 6c ff ff ff 48 c7 c7 38 dc 9b 82 c6 05 e6 d3 f2 ff 01 e8 3d 0b b4 fd <0f> 0b e9 90 fa ff ff e8 b1 d8 a9 fe 90 90 90 90 90 90 90 90 90 90
[    2.337242] RSP: 0000:ffffffff83203e10 EFLAGS: 00010286
[    2.337242] RAX: 0000000000000000 RBX: 0000000000000002 RCX: c0000000ffffdfff
[    2.337242] RDX: 0000000000000000 RSI: 00000000ffffdfff RDI: 0000000000000001
[    2.337242] RBP: ffffffff83203ea8 R08: 0000000000000000 R09: ffffffff83203c78
[    2.337242] R10: 0000000000000003 R11: ffffffff83353128 R12: 0000000000000002
[    2.337242] R13: 0000000000000000 R14: 0000000000000340 R15: ffffffff83203e74
[    2.337242] FS:  0000000000000000(0000) GS:ffff88801ea00000(0000) knlGS:0000000000000000
[    2.337242] CS:  0010 DS: 0000 ES: 0000 CR0: 0000000080050033
[    2.337242] CR2: ffff888004000000 CR3: 0000000003232000 CR4: 00000000000406b0
[    2.337242] Call Trace:
[    2.337242]  <TASK>
[    2.337242]  fpu__init_system+0xec/0x1b0
[    2.337242]  arch_cpu_finalize_init+0xde/0x120
[    2.337242]  start_kernel+0x45f/0x790
[    2.337242]  x86_64_start_reservations+0x25/0x40
[    2.337242]  x86_64_start_kernel+0x7f/0x80
[    2.337242]  secondary_startup_64_no_verify+0x17d/0x18b
[    2.337242]  </TASK>
[    2.337242] ---[ end trace 0000000000000000 ]---
[    2.337242] Freeing SMP alternatives memory: 44K
[    2.337242] pid_max: default: 32768 minimum: 301
[    2.337242] LSM: initializing lsm=capability,landlock,yama,safesetid,selinux,integrity
[    2.337242] landlock: Up and running.
[    2.337242] Yama: becoming mindful.
[    2.337242] SELinux:  Initializing.
[    2.337242] Mount-cache hash table entries: 1024 (order: 1, 8192 bytes, linear)
[    2.337242] Mountpoint-cache hash table entries: 1024 (order: 1, 8192 bytes, linear)
[    2.337242] smpboot: CPU0: GenuntelineI 06/8e (family: 0x6, model: 0x8e, stepping: 0x9)
[    2.337564] RCU Tasks: Setting shift to 0 and lim to 1 rcu_task_cb_adjust=1 rcu_task_cpu_ids=1.
[    2.341291] RCU Tasks Rude: Setting shift to 0 and lim to 1 rcu_task_cb_adjust=1 rcu_task_cpu_ids=1.
[    2.345284] RCU Tasks Trace: Setting shift to 0 and lim to 1 rcu_task_cb_adjust=1 rcu_task_cpu_ids=1.
[    2.349295] Performance Events: no PMU driver, software events only.
[    2.353325] signal: max sigframe size: 1440
[    2.357300] rcu: Hierarchical SRCU implementation.
[    2.361257] rcu: 	Max phase no-delay instances is 1000.
[    2.365974] NMI watchdog: Perf NMI watchdog permanently disabled
[    2.369291] smp: Bringing up secondary CPUs ...
[    2.373283] smp: Brought up 1 node, 1 CPU
[    2.377247] smpboot: Max logical packages: 1
[    2.381246] smpboot: Total of 1 processors activated (7256.06 BogoMIPS)
[    2.394084] node 0 deferred pages initialised in 8ms
[    2.397709] devtmpfs: initialized
[    2.401313] x86/mm: Memory block size: 128MB
[    2.405418] clocksource: jiffies: mask: 0xffffffff max_cycles: 0xffffffff, max_idle_ns: 7645041785100000 ns
[    2.409271] futex hash table entries: 256 (order: 2, 16384 bytes, linear)
[    2.413303] pinctrl core: initialized pinctrl subsystem
[    2.417666] NET: Registered PF_NETLINK/PF_ROUTE protocol family
[    2.421312] DMA: preallocated 128 KiB GFP_KERNEL pool for atomic allocations
[    2.425270] DMA: preallocated 128 KiB GFP_KERNEL|GFP_DMA32 pool for atomic allocations
[    2.433288] audit: initializing netlink subsys (disabled)
[    2.437842] thermal_sys: Registered thermal governor 'step_wise'
[    2.437876] thermal_sys: Registered thermal governor 'user_space'
[    2.441275] audit: type=2000 audit(943920000.104:1): state=initialized audit_enabled=0 res=1
[    2.449278] cpuidle: using governor ladder
[    2.453258] cpuidle: using governor menu
[    2.457324] acpiphp: ACPI Hot Plug PCI Controller Driver version: 0.5
[    2.465320] dca service started, version 1.12.1
[    2.469631] PCI: no memory for MCFG entries
[    2.473249] PCI: Using configuration type 1 for base access
[    2.477406] kprobes: kprobe jump-optimization is enabled. All kprobes are optimized if possible.
[    2.509278] HugeTLB: registered 2.00 MiB page size, pre-allocated 0 pages
[    2.513248] HugeTLB: 28 KiB vmemmap can be freed for a 2.00 MiB page
[    2.525601] cryptd: max_cpu_qlen set to 1000
[    2.540491] ACPI: Added _OSI(Module Device)
[    2.541248] ACPI: Added _OSI(Processor Device)
[    2.545248] ACPI: Added _OSI(Processor Aggregator Device)
[    2.549288] ACPI: 1 ACPI AML tables successfully acquired and loaded
[    2.553522] ACPI: _OSC evaluated successfully for all CPUs
[    2.557260] ACPI: Interpreter enabled
[    2.561259] ACPI: PM: (supports S0)
[    2.565293] ACPI: Using IOAPIC for interrupt routing
[    2.569391] PCI: no memory for MCFG entries
[    2.573263] PCI: Using host bridge windows from ACPI; if necessary, use "pci=nocrs" and report a bug
[    2.577247] PCI: Using E820 reservations for host bridge windows
[    2.581396] ACPI: PCI Root Bridge [PCI0] (domain 0000 [bus 00])
[    2.585334] acpi PNP0A08:00: _OSC: OS supports [ASPM ClockPM Segments MSI HPX-Type3]
[    2.589251] acpi PNP0A08:00: _OSC: not requesting OS control; OS requires [ExtendedConfig ASPM ClockPM MSI]
[    2.593334] acpi PNP0A08:00: _OSC: platform retains control of PCIe features (AE_NOT_FOUND)
[    2.597290] acpi PNP0A08:00: fail to add MMCONFIG information, can't access extended configuration space under this bridge
[    2.601921] PCI host bridge to bus 0000:00
[    2.605316] pci_bus 0000:00: root bus resource [mem 0xc0001000-0xc000ffff window]
[    2.609258] pci_bus 0000:00: root bus resource [bus 00]
[    2.613753] pci 0000:00:00.0: [4c4d:0001] type 00 class 0x060000
[    2.621247] pci 0000:00:01.0: [4c4d:4c4d] type 00 class 0x120000
[    2.625750] pci 0000:00:01.0: reg 0x10: [mem 0xc0001000-0xc0001fff]
[    2.637343] iommu: Default domain type: Translated
[    2.641258] iommu: DMA domain TLB invalidation policy: lazy mode
[    2.645884] SCSI subsystem initialized
[    2.649388] pps_core: LinuxPPS API ver. 1 registered
[    2.653257] pps_core: Software ver. 5.3.6 - Copyright 2005-2007 Rodolfo Giometti <giometti@linux.it>
[    2.657350] PTP clock support registered
[    2.661637] EDAC MC: Ver: 3.0.0
[    2.665753] NetLabel: Initializing
[    2.669246] NetLabel:  domain hash size = 128
[    2.673270] NetLabel:  protocols = UNLABELED CIPSOv4 CALIPSO
[    2.677269] NetLabel:  unlabeled traffic allowed by default
[    2.681270] PCI: Using ACPI for IRQ routing
[    2.689333] vgaarb: loaded
[    2.693379] clocksource: Switched to clocksource tsc-early
[    2.718186] VFS: Disk quotas dquot_6.6.0
[    2.734205] VFS: Dquot-cache hash table entries: 512 (order 0, 4096 bytes)
[    2.767473] FS-Cache: Loaded
[    2.783019] pnp: PnP ACPI init
[    2.797071] pnp: PnP ACPI: found 0 devices
[    2.813945] NET: Registered PF_INET protocol family
[    2.838244] IP idents hash table entries: 8192 (order: 4, 65536 bytes, linear)
[    2.874072] tcp_listen_portaddr_hash hash table entries: 256 (order: 0, 4096 bytes, linear)
[    2.914397] Table-perturb hash table entries: 65536 (order: 6, 262144 bytes, linear)
[    2.952012] TCP established hash table entries: 4096 (order: 3, 32768 bytes, linear)
[    2.988321] TCP bind hash table entries: 4096 (order: 5, 131072 bytes, linear)
[    3.019519] TCP: Hash tables configured (established 4096 bind 4096)
[    3.048432] UDP hash table entries: 256 (order: 1, 8192 bytes, linear)
[    3.079698] UDP-Lite hash table entries: 256 (order: 1, 8192 bytes, linear)
[    3.110855] NET: Registered PF_UNIX/PF_LOCAL protocol family
[    3.136924] NET: Registered PF_XDP protocol family
[    3.156292] pci_bus 0000:00: resource 4 [mem 0xc0001000-0xc000ffff window]
[    3.183939] PCI: CLS 0 bytes, default 64
[    3.200989] platform rtc_cmos: registered platform RTC device (no PNP device found)
[    3.245695] Trying to unpack rootfs image as initramfs...
[    3.271002] Initialise system trusted keyrings
[    3.288608] Key type blacklist registered
[    3.323292] workingset: timestamp_bits=36 max_order=17 bucket_order=0
[    3.367249] squashfs: version 4.0 (2009/01/31) Phillip Lougher
[    3.395301] fuse: init (API version 7.39)
[    3.435331] SGI XFS with ACLs, security attributes, realtime, verbose warnings, quota, no debug enabled
[    3.523382] 9p: Installing v9fs 9p2000 file system support
[    3.592947] Key type asymmetric registered
[    3.613014] Asymmetric key parser 'x509' registered
[    3.636383] Block layer SCSI generic (bsg) driver version 0.4 loaded (major 245)
[    3.699378] io scheduler mq-deadline registered
[    3.729255] io scheduler kyber registered
[    3.775223] ioatdma: Intel(R) QuickData Technology Driver 5.00
[    3.815319] Serial: 8250/16550 driver, 8 ports, IRQ sharing enabled
[    3.847279] serial8250: ttyS0 at I/O 0x3f8 (irq = 4, base_baud = 115200) is a 16550A
[    3.913001] Linux agpgart interface v0.103
[    3.943889] AMD-Vi: AMD IOMMUv2 functionality not available on this system - This is not a bug.
[    3.991985] ACPI: bus type drm_connector registered
[    4.040308] Freeing initrd memory: 11744K
[    4.064253] brd: module loaded
[    4.082369] loop: module loaded
[    4.098928] Loading iSCSI transport class v2.0-870.
[    4.121322] rdac: device handler registered
[    4.141645] Microchip SmartPQI Driver (v2.1.24-046)
[    4.166551] VMware PVSCSI driver - version 1.0.7.0-k
[    4.189001] hv_vmbus: registering driver hv_storvsc
[    4.214118] PPP generic driver version 2.4.2
[    4.231794] VMware vmxnet3 virtual NIC driver - version 1.7.0.0-k-NAPI
[    4.261733] hv_vmbus: registering driver hv_netvsc
[    4.284665] Fusion MPT base driver 3.04.20
[    4.305848] Copyright (c) 1999-2008 LSI Corporation
[    4.331279] Fusion MPT SPI Host driver 3.04.20
[    4.355406] Fusion MPT SAS Host driver 3.04.20
[    4.379051] Fusion MPT misc device (ioctl) driver 3.04.20
[    4.413632] mptctl: Registered with Fusion MPT base driver
[    4.447358] mptctl: /dev/mptctl @ (major,minor=10,220)
[    4.484967] i8042: PNP: No PS/2 controller found.
[    4.508179] hv_vmbus: registering driver hyperv_keyboard
[    4.538255] rtc_cmos rtc_cmos: only 24-hr supported
[    4.562921] device-mapper: core: CONFIG_IMA_DISABLE_HTABLE is disabled. Duplicate IMA measurements will not be recorded in the IMA log.
[    4.626762] device-mapper: uevent: version 1.0.3
[    4.651544] device-mapper: ioctl: 4.48.0-ioctl (2023-03-01) initialised: dm-devel@redhat.com
[    4.690850] hv_utils: Registering HyperV Utility Driver
[    4.715533] hv_vmbus: registering driver hv_utils
[    4.735231] hv_vmbus: registering driver hv_balloon
[    4.760455] hv_vmbus: registering driver dxgkrnl
[    4.782190] misc dxg: dxgk: dxg_drv_init: vmbus_driver_register failed: -19
[    4.815467] drop_monitor: Initializing network drop monitor service
[    4.860770] NET: Registered PF_INET6 protocol family
[    4.889574] Segment Routing with IPv6
[    4.906497] In-situ OAM (IOAM) with IPv6
[    4.924193] NET: Registered PF_PACKET protocol family
[    4.944811] 9pnet: Installing 9P2000 support
[    4.963915] NET: Registered PF_VSOCK protocol family
[    4.983902] mce: Unable to init MCE device (rc: -5)
[    5.004667] microcode: no support for this CPU vendor
[    5.026512] IPI shorthand broadcast: enabled
[    5.045279] sched_clock: Marking stable (4856112092, 188043252)->(10007858648, -4963703304)
[    5.090781] registered taskstats version 1
[    5.109185] Loading compiled-in X.509 certificates
[    5.129156] ima: No TPM chip found, activating TPM-bypass!
[    5.155447] ima: Allocated hash algorithm: sha256
[    5.177699] ima: No architecture policies found
[    5.246233] RAS: Correctable Errors collector initialized.
[    5.287438] clk: Disabling unused clocks
[    5.326960] Freeing unused decrypted memory: 2028K
[    5.375755] Freeing unused kernel image (initmem) memory: 4480K
[    5.402750] Write protecting the kernel read-only data: 34816k
[    5.431025] Freeing unused kernel image (rodata/data gap) memory: 740K
[    5.457391] Run /init as init process
[    5.596876] Kernel panic - not syncing: Attempted to kill init! exitcode=0x00000000
[    5.644337] CPU: 0 PID: 1 Comm: sh Tainted: G        W          6.6.114.1-microsoft-standard-WSL2 #1
[    5.701920] Call Trace:
[    5.717351]  <TASK>
[    5.733434]  dump_stack_lvl+0x4c/0x70
[    5.821163]  dump_stack+0x14/0x20
[    5.836228]  panic+0x179/0x330
[    5.850108]  do_exit+0x9ac/0xb30
[    5.863958]  do_group_exit+0x39/0x90
[    5.880655]  __x64_sys_exit_group+0x1c/0x20
[    5.901226]  x64_sys_call+0x183b/0x1c90
[    5.917477]  do_syscall_64+0x5a/0xb0
[    5.935087]  ? __handle_mm_fault+0x839/0x860
[    5.953997]  ? __count_memcg_events+0x49/0xa0
[    5.971083]  ? count_memcg_events.constprop.0+0x1e/0x40
[    5.995417]  ? handle_mm_fault+0xb1/0x310
[    6.021452]  ? do_user_addr_fault+0x32d/0x610
[    6.046577]  ? irqentry_exit_to_user_mode+0x12/0x20
[    6.077317]  ? irqentry_exit+0x3f/0x50
[    6.116029]  ? exc_page_fault+0x87/0x160
[    6.138981]  entry_SYSCALL_64_after_hwframe+0x78/0xe2
[    6.166838] RIP: 0033:0x76b60d294bce
[    6.188677] Code: 8b 76 28 48 89 c7 e9 45 42 00 00 64 48 8b 04 25 00 00 00 00 48 8b b0 a8 00 00 00 e9 bf ff ff ff 48 63 ff b8 e7 00 00 00 0f 05 <ba> 3c 00 00 00 48 89 d0 0f 05 eb f9 48 83 ec 38 bf 06 00 00 00 e8
[    6.286949] RSP: 002b:00007ffec6723498 EFLAGS: 00000206 ORIG_RAX: 00000000000000e7
[    6.322120] RAX: ffffffffffffffda RBX: 000076b60d263050 RCX: 000076b60d294bce
[    6.355941] RDX: 000076b60d31a880 RSI: 0000000000000000 RDI: 0000000000000000
[    6.401653] RBP: 00005aae5ee51adc R08: 000076b60d317ac0 R09: 0000000000000002
[    6.452091] R10: 0000000000000001 R11: 0000000000000206 R12: 00007ffec6723770
[    6.493055] R13: 00007ffec6723778 R14: 0000000000000000 R15: 00007ffec6723760
[    6.528420]  </TASK>
[    6.537722] Kernel Offset: disabled
