

KASLR disabled: 'nokaslr' on cmdline.

[    0.000000] Linux version 6.6.114.1-microsoft-standard-WSL2 (root@507f3e43091d) (gcc (GCC) 13.2.0, GNU ld (GNU Binutils) 2.41) #1 SMP PREEMPT_DYNAMIC Mon Dec  1 20:46:23 UTC 2025
[    0.000000] Command line: console=ttyS0,115200n8 earlyprintk=serial,ttyS0,115200 rdinit=/init nokaslr 
[    0.000000] KERNEL supported cpus:
[    0.000000]   Intel GenuineIntel
[    0.000000]   AMD AuthenticAMD
[    0.000000] Intel Spectre v2 broken microcode detected; disabling Speculation Control
[    0.000000] Disabled fast string operations
[    0.000000] BIOS-provided physical RAM map:
[    0.000000] BIOS-e820: [mem 0x0000000000000000-0x000000000009efff] usable
[    0.000000] BIOS-e820: [mem 0x000000000009f000-0x00000000000fffff] reserved
[    0.000000] BIOS-e820: [mem 0x0000000000100000-0x000000001fffffff] usable
[    0.000000] printk: bootconsole [earlyser0] enabled
[    0.000000] NX (Execute Disable) protection: active
[    0.000000] APIC: Static calls initialized
[    0.000000] DMI not present or invalid.
[    0.000000] tsc: Detected 2800.000 MHz processor
[    0.000441] last_pfn = 0x20000 max_arch_pfn = 0x400000000
[    0.012733] MTRRs disabled by BIOS
[    0.020198] x86/PAT: Configuration [0-7]: WB  WC  UC- UC  WB  WP  UC- WT  
[    0.035429] Using GB pages for direct mapping
[    0.045716] RAMDISK: [mem 0x1fee1000-0x1fffffff]
[    0.055143] ACPI: Early table checksum verification disabled
[    0.067008] ACPI: RSDP 0x00000000000F0000 000024 (v02 LEMU  )
[    0.079009] ACPI: XSDT 0x00000000000F1000 000034 (v01 LEMU   LEMUVM01 00000001 LEMU 00000001)
[    0.097137] ACPI: FACP 0x00000000000F2000 000114 (v05 LEMU   LEMUVM01 00000001 LEMU 00000001)
[    0.115669] ACPI: DSDT 0x00000000000F4000 000074 (v02 LEMU   LEMUVIRT 00000001 INTL 20230628)
[    0.134237] ACPI: DSDT 0x00000000000F4000 000074 (v02 LEMU   LEMUVIRT 00000001 INTL 20230628)
[    0.152433] ACPI: Reserving FACP table memory at [mem 0xf2000-0xf2113]
[    0.166361] ACPI: Reserving DSDT table memory at [mem 0xf4000-0xf4073]
[    0.180054] ACPI: Reserving DSDT table memory at [mem 0xf4000-0xf4073]
[    0.195762] No NUMA configuration found
[    0.204383] Faking a node at [mem 0x0000000000000000-0x000000001fffffff]
[    0.218738] NODE_DATA(0) allocated [mem 0x1febf000-0x1fee0fff]
[    0.232617] Zone ranges:
[    0.238590]   DMA32    [mem 0x0000000000001000-0x000000001fffffff]
[    0.252380]   Normal   empty
[    0.259414]   Device   empty
[    0.266579] Movable zone start for each node
[    0.276414] Early memory node ranges
[    0.283942]   node   0: [mem 0x0000000000001000-0x000000000009efff]
[    0.297530]   node   0: [mem 0x0000000000100000-0x000000001fffffff]
[    0.311156] Initmem setup node 0 [mem 0x0000000000001000-0x000000001fffffff]
[    0.327568] On node 0, zone DMA32: 1 pages in unavailable ranges
[    0.335884] On node 0, zone DMA32: 97 pages in unavailable ranges
[    0.355348] smpboot: Allowing 1 CPUs, 0 hotplug CPUs
[    0.383648] PM: hibernation: Registered nosave memory: [mem 0x00000000-0x00000fff]
[    0.402370] PM: hibernation: Registered nosave memory: [mem 0x0009f000-0x000fffff]
[    0.421850] [mem 0x20000000-0xffffffff] available for PCI devices
[    0.437358] Booting paravirtualized kernel on bare hardware
[    0.449272] clocksource: refined-jiffies: mask: 0xffffffff max_cycles: 0xffffffff, max_idle_ns: 7645519600211568 ns
[    0.471626] setup_percpu: NR_CPUS:8192 nr_cpumask_bits:1 nr_cpu_ids:1 nr_node_ids:1
[    0.492160] percpu: Embedded 63 pages/cpu s221184 r8192 d28672 u2097152
[    0.510626] Kernel command line: console=ttyS0,115200n8 earlyprintk=serial,ttyS0,115200 rdinit=/init nokaslr 
[    0.534885] Unknown kernel command line parameters "nokaslr", will be passed to user space.
[    0.553611] random: crng init done
[    0.561692] Dentry cache hash table entries: 65536 (order: 7, 524288 bytes, linear)
[    0.578729] Inode-cache hash table entries: 32768 (order: 6, 262144 bytes, linear)
[    0.594928] Fallback order for Node 0: 0 
[    0.594949] Built 1 zonelists, mobility grouping on.  Total pages: 128768
[    0.616999] Policy zone: DMA32
[    0.623183] mem auto-init: stack:off, heap alloc:on, heap free:off
[    0.638632] Memory: 211664K/523896K available (20480K kernel code, 3451K rwdata, 13596K rodata, 4480K init, 6224K bss, 60376K reserved, 0K cma-reserved)
[    0.669848] SLUB: HWalign=64, Order=0-3, MinObjects=0, CPUs=1, Nodes=1
[    0.684177] Kernel/User page tables isolation: enabled
Poking KASLR using RDRAND RDTSC...
[    0.702869] ftrace: allocating 55788 entries in 218 pages
[    0.720781] ftrace: allocated 218 pages with 5 groups
[    0.734143] Dynamic Preempt: none
[    0.742174] rcu: Preemptible hierarchical RCU implementation.
[    0.756623] rcu: 	RCU restricting CPUs from NR_CPUS=8192 to nr_cpu_ids=1.
[    0.772346] 	Trampoline variant of Tasks RCU enabled.
[    0.783173] 	Rude variant of Tasks RCU enabled.
[    0.792824] 	Tracing variant of Tasks RCU enabled.
[    0.803426] rcu: RCU calculated value of scheduler-enlistment delay is 25 jiffies.
[    0.819896] rcu: Adjusting geometry for rcu_fanout_leaf=16, nr_cpu_ids=1
[    0.836937] NR_IRQS: 524544, nr_irqs: 16, preallocated irqs: 0
[    0.855269] rcu: srcu_init: Setting srcu_struct sizes based on contention.
[    0.874640] Console: colour dummy device 80x25
[    0.888222] printk: console [ttyS0] enabled
[    0.888222] printk: console [ttyS0] enabled
[    0.910082] printk: bootconsole [earlyser0] disabled
[    0.910082] printk: bootconsole [earlyser0] disabled
[    0.932249] ACPI: Core revision 20230628
[    0.940849] ACPI: setting ELCR to 0001 (from 0000)
[    0.952631] APIC: ACPI MADT or MP tables are not detected
[    0.967653] APIC: Switch to virtual wire mode setup with no configuration
[    0.983943] Not enabling interrupt remapping due to skipped IO-APIC setup
[    0.999859] clocksource: tsc-early: mask: 0xffffffffffffffff max_cycles: 0x285c40e2248, max_idle_ns: 440795340634 ns
[    1.023604] Calibrating delay loop (skipped), value calculated using timer frequency.. 5600.00 BogoMIPS (lpj=11200000)
[    1.027589] Disabled fast string operations
[    1.027589] Last level iTLB entries: 4KB 64, 2MB 8, 4MB 8
[    1.027589] Last level dTLB entries: 4KB 64, 2MB 32, 4MB 32, 1GB 4
[    1.027589] Spectre V1 : Mitigation: usercopy/swapgs barriers and __user pointer sanitization
[    1.027589] Spectre V2 : Mitigation: Retpolines
[    1.027589] Spectre V2 : Spectre v2 / SpectreRSB: Filling RSB on context switch and VMEXIT
[    1.027589] RETBleed: WARNING: Spectre v2 mitigation leaves CPU vulnerable to RETBleed attacks, data leaks possible!
[    1.027589] RETBleed: Vulnerable
[    1.027589] Speculative Store Bypass: Vulnerable
[    1.027589] MDS: Mitigation: Clear CPU buffers
[    1.027589] MMIO Stale Data: Mitigation: Clear CPU buffers
[    1.027589] SRBDS: Vulnerable: No microcode
[    1.027589] GDS: Vulnerable: No microcode
[    1.027589] x86/fpu: Supporting XSAVE feature 0x001: 'x87 floating point registers'
[    1.027589] x86/fpu: Supporting XSAVE feature 0x002: 'SSE registers'
[    1.027589] x86/fpu: Supporting XSAVE feature 0x004: 'AVX registers'
[    1.027589] x86/fpu: xstate_offset[2]:  576, xstate_sizes[2]:  256
[    1.027589] x86/fpu: Enabled xstate features 0x7, context size is 832 bytes, using 'compacted' format.
[    1.027589] Freeing SMP alternatives memory: 44K
[    1.027589] pid_max: default: 32768 minimum: 301
[    1.027589] LSM: initializing lsm=capability,landlock,yama,safesetid,selinux,integrity
[    1.027589] landlock: Up and running.
[    1.027589] Yama: becoming mindful.
[    1.027589] SELinux:  Initializing.
[    1.027589] Mount-cache hash table entries: 1024 (order: 1, 8192 bytes, linear)
[    1.027589] Mountpoint-cache hash table entries: 1024 (order: 1, 8192 bytes, linear)
[    1.027589] smpboot: CPU 0 Converting physical 1 to logical package 0
[    1.027589] smpboot: SMP disabled
[    1.027589] RCU Tasks: Setting shift to 0 and lim to 1 rcu_task_cb_adjust=1 rcu_task_cpu_ids=1.
[    1.027589] RCU Tasks Rude: Setting shift to 0 and lim to 1 rcu_task_cb_adjust=1 rcu_task_cpu_ids=1.
[    1.027589] RCU Tasks Trace: Setting shift to 0 and lim to 1 rcu_task_cb_adjust=1 rcu_task_cpu_ids=1.
[    1.027589] Performance Events: Skylake events, 32-deep LBR, full-width counters, Intel PMU driver.
[    1.027589] ... version:                2
[    1.027589] ... bit width:              48
[    1.027589] ... generic registers:      4
[    1.027589] ... value mask:             0000ffffffffffff
[    1.027589] ... max period:             00007fffffffffff
[    1.027589] ... fixed-purpose events:   3
[    1.027589] ... event mask:             000000070000000f
[    1.027589] signal: max sigframe size: 1776
[    1.027589] rcu: Hierarchical SRCU implementation.
[    1.027589] rcu: 	Max phase no-delay instances is 1000.
[    1.027589] NMI watchdog: Enabled. Permanently consumes one hw-PMU counter.
[    1.027589] smp: Bringing up secondary CPUs ...
[    1.027589] smp: Brought up 1 node, 1 CPU
[    1.027589] smpboot: Max logical packages: 1
[    1.027589] smpboot: Total of 1 processors activated (5600.00 BogoMIPS)
[    1.027589] node 0 deferred pages initialised in 0ms
[    1.027589] devtmpfs: initialized
[    1.027589] x86/mm: Memory block size: 128MB
[    1.027589] clocksource: jiffies: mask: 0xffffffff max_cycles: 0xffffffff, max_idle_ns: 7645041785100000 ns
[    1.027589] futex hash table entries: 256 (order: 2, 16384 bytes, linear)
[    1.027589] pinctrl core: initialized pinctrl subsystem
[    1.027589] NET: Registered PF_NETLINK/PF_ROUTE protocol family
[    1.027589] DMA: preallocated 128 KiB GFP_KERNEL pool for atomic allocations
[    1.027589] DMA: preallocated 128 KiB GFP_KERNEL|GFP_DMA32 pool for atomic allocations
[    1.027589] audit: initializing netlink subsys (disabled)
[    1.027589] thermal_sys: Registered thermal governor 'step_wise'
[    1.027589] thermal_sys: Registered thermal governor 'user_space'
[    1.027589] audit: type=2000 audit(943920000.000:1): state=initialized audit_enabled=0 res=1
[    1.027589] cpuidle: using governor ladder
[    1.027589] cpuidle: using governor menu
[    1.027589] acpiphp: ACPI Hot Plug PCI Controller Driver version: 0.5
[    1.027589] dca service started, version 1.12.1
[    1.027589] PCI: Fatal: No config space access function found
[    1.027589] kprobes: kprobe jump-optimization is enabled. All kprobes are optimized if possible.
[    1.027589] HugeTLB: registered 1.00 GiB page size, pre-allocated 0 pages
[    1.027589] HugeTLB: 16380 KiB vmemmap can be freed for a 1.00 GiB page
[    1.027589] HugeTLB: registered 2.00 MiB page size, pre-allocated 0 pages
[    1.027589] HugeTLB: 28 KiB vmemmap can be freed for a 2.00 MiB page
[    1.027589] cryptd: max_cpu_qlen set to 1000
[    1.027589] ACPI: Added _OSI(Module Device)
[    1.027589] ACPI: Added _OSI(Processor Device)
[    1.027589] ACPI: Added _OSI(Processor Aggregator Device)
[    1.027589] ACPI: 1 ACPI AML tables successfully acquired and loaded
[    1.027589] ACPI: _OSC evaluated successfully for all CPUs
[    1.027589] ACPI: Interpreter enabled
[    1.027589] ACPI: PM: (supports S0)
[    1.027589] ACPI: Using PIC for interrupt routing
[    1.027589] PCI: Using host bridge windows from ACPI; if necessary, use "pci=nocrs" and report a bug
[    1.027589] PCI: Using E820 reservations for host bridge windows
[    1.027589] iommu: Default domain type: Translated
[    1.027589] iommu: DMA domain TLB invalidation policy: lazy mode
[    1.027589] SCSI subsystem initialized
[    1.027589] pps_core: LinuxPPS API ver. 1 registered
[    1.027589] pps_core: Software ver. 5.3.6 - Copyright 2005-2007 Rodolfo Giometti <giometti@linux.it>
[    1.027589] PTP clock support registered
[    1.027589] EDAC MC: Ver: 3.0.0
[    1.027589] NetLabel: Initializing
[    1.027589] NetLabel:  domain hash size = 128
[    1.027589] NetLabel:  protocols = UNLABELED CIPSOv4 CALIPSO
[    1.027589] NetLabel:  unlabeled traffic allowed by default
[    1.027589] PCI: Using ACPI for IRQ routing
[    1.027589] PCI: System does not support PCI
[    1.027589] vgaarb: loaded
[    1.027589] clocksource: Switched to clocksource tsc-early
[    1.027589] VFS: Disk quotas dquot_6.6.0
[    1.027589] VFS: Dquot-cache hash table entries: 512 (order 0, 4096 bytes)
[    1.027589] FS-Cache: Loaded
[    1.027589] pnp: PnP ACPI init
[    1.027589] pnp: PnP ACPI: found 0 devices
[    1.027589] NET: Registered PF_INET protocol family
[    1.027589] IP idents hash table entries: 8192 (order: 4, 65536 bytes, linear)
[    1.027589] tcp_listen_portaddr_hash hash table entries: 256 (order: 0, 4096 bytes, linear)
[    1.027589] Table-perturb hash table entries: 65536 (order: 6, 262144 bytes, linear)
[    1.027589] TCP established hash table entries: 4096 (order: 3, 32768 bytes, linear)
[    1.027589] TCP bind hash table entries: 4096 (order: 5, 131072 bytes, linear)
[    1.027589] TCP: Hash tables configured (established 4096 bind 4096)
[    1.027589] UDP hash table entries: 256 (order: 1, 8192 bytes, linear)
[    1.027589] UDP-Lite hash table entries: 256 (order: 1, 8192 bytes, linear)
[    1.027589] NET: Registered PF_UNIX/PF_LOCAL protocol family
[    1.027589] NET: Registered PF_XDP protocol family
[    1.027589] PCI: CLS 0 bytes, default 64
[    1.027589] Trying to unpack rootfs image as initramfs...
[    1.027589] Freeing initrd memory: 1148K
[    1.027589] RAPL PMU: API unit is 2^-32 Joules, 0 fixed counters, 10737418240 ms ovfl timer
[    1.027589] unchecked MSR access error: WRMSR to 0xe01 (tried to write 0x000000002000001f) at rIP: 0xffffffff8109b4d8 (native_write_msr+0x8/0x30)
[    1.027589] Call Trace:
[    1.027589]  <TASK>
[    1.027589]  ? skl_uncore_msr_init_box+0x48/0x60
[    1.027589]  uncore_box_ref.part.0+0xa6/0xd0
[    1.027589]  uncore_event_cpu_online+0x63/0x150
[    1.027589]  cpuhp_invoke_callback+0x138/0x490
[    1.027589]  ? __schedule+0x3bb/0xaa0
[    1.027589]  ? __pfx_smpboot_thread_fn+0x10/0x10
[    1.027589]  cpuhp_thread_fun+0xe6/0x180
[    1.027589]  smpboot_thread_fn+0xe7/0x1e0
[    1.027589]  kthread+0xf6/0x130
[    1.027589]  ? __pfx_kthread+0x10/0x10
[    1.027589]  ret_from_fork+0x41/0x60
[    1.027589]  ? __pfx_kthread+0x10/0x10
[    1.027589]  ret_from_fork_asm+0x1b/0x30
[    1.027589]  </TASK>
[    1.027589] clocksource: tsc: mask: 0xffffffffffffffff max_cycles: 0x285c40e2248, max_idle_ns: 440795340634 ns
[    1.027589] clocksource: Switched to clocksource tsc
[    1.027589] platform rtc_cmos: registered platform RTC device (no PNP device found)
[    1.027589] Initialise system trusted keyrings
[    1.027589] Key type blacklist registered
[    1.027589] workingset: timestamp_bits=36 max_order=17 bucket_order=0
[    1.027589] squashfs: version 4.0 (2009/01/31) Phillip Lougher
[    1.027589] fuse: init (API version 7.39)
[    1.027589] SGI XFS with ACLs, security attributes, realtime, verbose warnings, quota, no debug enabled
[    1.027589] 9p: Installing v9fs 9p2000 file system support
[    1.027589] Key type asymmetric registered
[    1.027589] Asymmetric key parser 'x509' registered
[    1.027589] Block layer SCSI generic (bsg) driver version 0.4 loaded (major 245)
[    1.027589] io scheduler mq-deadline registered
[    1.027589] io scheduler kyber registered
[    1.027589] ioatdma: Intel(R) QuickData Technology Driver 5.00
[    1.027589] virtio-mmio LNRO0005:00: Wrong magic value 0x00001000!
[    1.027589] Serial: 8250/16550 driver, 8 ports, IRQ sharing enabled
[    1.027589] serial8250: ttyS0 at I/O 0x3f8 (irq = 4, base_baud = 115200) is a 16550A
[    1.027589] Linux agpgart interface v0.103
[    1.027589] AMD-Vi: AMD IOMMUv2 functionality not available on this system - This is not a bug.
[    1.027589] ACPI: bus type drm_connector registered
[    1.027589] brd: module loaded
[    1.027589] loop: module loaded
[    1.027589] Loading iSCSI transport class v2.0-870.
[    1.027589] rdac: device handler registered
[    1.027589] Microchip SmartPQI Driver (v2.1.24-046)
[    1.027589] VMware PVSCSI driver - version 1.0.7.0-k
[    1.027589] hv_vmbus: registering driver hv_storvsc
[    1.027589] PPP generic driver version 2.4.2
[    1.027589] VMware vmxnet3 virtual NIC driver - version 1.7.0.0-k-NAPI
[    1.027589] hv_vmbus: registering driver hv_netvsc
[    1.027589] Fusion MPT base driver 3.04.20
[    1.027589] Copyright (c) 1999-2008 LSI Corporation
[    1.027589] Fusion MPT SPI Host driver 3.04.20
[    1.027589] Fusion MPT SAS Host driver 3.04.20
[    1.027589] Fusion MPT misc device (ioctl) driver 3.04.20
[    1.027589] mptctl: Registered with Fusion MPT base driver
[    1.027589] mptctl: /dev/mptctl @ (major,minor=10,220)
[    1.027589] i8042: PNP: No PS/2 controller found.
[    1.027589] hv_vmbus: registering driver hyperv_keyboard
[    1.027589] rtc_cmos rtc_cmos: only 24-hr supported
[    1.027589] device-mapper: core: CONFIG_IMA_DISABLE_HTABLE is disabled. Duplicate IMA measurements will not be recorded in the IMA log.
[    1.027589] device-mapper: uevent: version 1.0.3
[    1.027589] device-mapper: ioctl: 4.48.0-ioctl (2023-03-01) initialised: dm-devel@redhat.com
[    1.027589] intel_pstate: CPU model not supported
[    1.027589] hv_utils: Registering HyperV Utility Driver
[    1.027589] hv_vmbus: registering driver hv_utils
[    1.027589] hv_vmbus: registering driver hv_balloon
[    1.027589] hv_vmbus: registering driver dxgkrnl
[    1.027589] misc dxg: dxgk: dxg_drv_init: vmbus_driver_register failed: -19
[    1.027589] drop_monitor: Initializing network drop monitor service
[    1.027589] NET: Registered PF_INET6 protocol family
[    1.027589] Segment Routing with IPv6
[    1.027589] In-situ OAM (IOAM) with IPv6
[    1.027589] NET: Registered PF_PACKET protocol family
[    1.027589] 9pnet: Installing 9P2000 support
[    1.027589] NET: Registered PF_VSOCK protocol family
[    1.027589] microcode: Current revision: 0x00000001
[    1.027589] microcode: Microcode Update Driver: v2.2.
[    1.027589] IPI shorthand broadcast: enabled
[    1.027589] AVX2 version of gcm_enc/dec engaged.
[    1.027589] AES CTR mode by8 optimization enabled
[    1.027589] sched_clock: Marking stable (874601329, 148988411)->(1023589740, 0)
[    4.640298] registered taskstats version 1
[    4.652898] Loading compiled-in X.509 certificates
[    4.668796] ima: No TPM chip found, activating TPM-bypass!
[    4.685846] ima: Allocated hash algorithm: sha256
[    4.700405] ima: No architecture policies found
[    4.760772] RAS: Correctable Errors collector initialized.
[    4.780328] clk: Disabling unused clocks
[    4.793477] Freeing unused decrypted memory: 2028K
[    4.809526] Freeing unused kernel image (initmem) memory: 4480K
[    4.828342] Write protecting the kernel read-only data: 34816k
[    4.846637] Freeing unused kernel image (rodata/data gap) memory: 740K
[    4.865842] Run /init as init process
