

KASLR disabled: 'nokaslr' on cmdline.

[    0.000000] Linux version 6.6.114.1-microsoft-standard-WSL2 (root@507f3e43091d) (gcc (GCC) 13.2.0, GNU ld (GNU Binutils) 2.41) #1 SMP PREEMPT_DYNAMIC Mon Dec  1 20:46:23 UTC 2025
[    0.000000] Command line: console=ttyS0,115200n8 earlyprintk=serial,ttyS0,115200 rdinit=/init nokaslr 
[    0.000000] KERNEL supported cpus:
[    0.000000]   Intel GenuineIntel
[    0.000000]   AMD AuthenticAMD
[    0.000000] Intel Spectre v2 broken microcode detected; disabling Speculation Control
[    0.000000] Disabled fast string operations
[    0.000000] BIOS-provided physical RAM map:
[    0.000000] BIOS-e820: [mem 0x0000000000000000-0x000000000009efff] usable
[    0.000000] BIOS-e820: [mem 0x000000000009f000-0x00000000000fffff] reserved
[    0.000000] BIOS-e820: [mem 0x0000000000100000-0x000000001fffffff] usable
[    0.000000] printk: bootconsole [earlyser0] enabled
[    0.000000] NX (Execute Disable) protection: active
[    0.000000] APIC: Static calls initialized
[    0.000000] DMI not present or invalid.
[    0.000000] tsc: Detected 2800.000 MHz processor
[    0.000970] last_pfn = 0x20000 max_arch_pfn = 0x400000000
[    0.015153] MTRRs disabled by BIOS
[    0.024076] x86/PAT: Configuration [0-7]: WB  WC  UC- UC  WB  WP  UC- WT  
[    0.042273] Using GB pages for direct mapping
[    0.052875] RAMDISK: [mem 0x1fee1000-0x1fffffff]
[    0.063008] ACPI: Early table checksum verification disabled
[    0.075299] ACPI: RSDP 0x00000000000F0000 000024 (v02 LEMU  )
[    0.088078] ACPI: XSDT 0x00000000000F1000 000034 (v01 LEMU   LEMUVM01 00000001 LEMU 00000001)
[    0.107749] ACPI: FACP 0x00000000000F2000 000114 (v05 LEMU   LEMUVM01 00000001 LEMU 00000001)
[    0.131684] ACPI: DSDT 0x00000000000F4000 000074 (v02 LEMU   LEMUVIRT 00000001 INTL 20230628)
[    0.153820] ACPI: DSDT 0x00000000000F4000 000074 (v02 LEMU   LEMUVIRT 00000001 INTL 20230628)
[    0.174054] ACPI: Reserving FACP table memory at [mem 0xf2000-0xf2113]
[    0.188740] ACPI: Reserving DSDT table memory at [mem 0xf4000-0xf4073]
[    0.202505] ACPI: Reserving DSDT table memory at [mem 0xf4000-0xf4073]
[    0.218585] No NUMA configuration found
[    0.227126] Faking a node at [mem 0x0000000000000000-0x000000001fffffff]
[    0.241589] NODE_DATA(0) allocated [mem 0x1febf000-0x1fee0fff]
[    0.254998] Zone ranges:
[    0.260626]   DMA32    [mem 0x0000000000001000-0x000000001fffffff]
[    0.274105]   Normal   empty
[    0.280518]   Device   empty
[    0.286624] Movable zone start for each node
[    0.295740] Early memory node ranges
[    0.303359]   node   0: [mem 0x0000000000001000-0x000000000009efff]
[    0.317598]   node   0: [mem 0x0000000000100000-0x000000001fffffff]
[    0.331546] Initmem setup node 0 [mem 0x0000000000001000-0x000000001fffffff]
[    0.347260] On node 0, zone DMA32: 1 pages in unavailable ranges
[    0.355661] On node 0, zone DMA32: 97 pages in unavailable ranges
[    0.376859] smpboot: Allowing 1 CPUs, 0 hotplug CPUs
[    0.402968] PM: hibernation: Registered nosave memory: [mem 0x00000000-0x00000fff]
[    0.419171] PM: hibernation: Registered nosave memory: [mem 0x0009f000-0x000fffff]
[    0.435918] [mem 0x20000000-0xffffffff] available for PCI devices
[    0.448920] Booting paravirtualized kernel on bare hardware
[    0.460542] clocksource: refined-jiffies: mask: 0xffffffff max_cycles: 0xffffffff, max_idle_ns: 7645519600211568 ns
[    0.482532] setup_percpu: NR_CPUS:8192 nr_cpumask_bits:1 nr_cpu_ids:1 nr_node_ids:1
[    0.502583] percpu: Embedded 63 pages/cpu s221184 r8192 d28672 u2097152
[    0.518917] Kernel command line: console=ttyS0,115200n8 earlyprintk=serial,ttyS0,115200 rdinit=/init nokaslr 
[    0.540086] Unknown kernel command line parameters "nokaslr", will be passed to user space.
[    0.557648] random: crng init done
[    0.565987] Dentry cache hash table entries: 65536 (order: 7, 524288 bytes, linear)
[    0.582543] Inode-cache hash table entries: 32768 (order: 6, 262144 bytes, linear)
[    0.600511] Fallback order for Node 0: 0 
[    0.600529] Built 1 zonelists, mobility grouping on.  Total pages: 128768
[    0.623697] Policy zone: DMA32
[    0.629941] mem auto-init: stack:off, heap alloc:on, heap free:off
[    0.644556] Memory: 211664K/523896K available (20480K kernel code, 3451K rwdata, 13596K rodata, 4480K init, 6224K bss, 60376K reserved, 0K cma-reserved)
[    0.673583] SLUB: HWalign=64, Order=0-3, MinObjects=0, CPUs=1, Nodes=1
[    0.686958] Kernel/User page tables isolation: enabled
Poking KASLR using RDRAND RDTSC...
[    0.704525] ftrace: allocating 55788 entries in 218 pages
[    0.730316] ftrace: allocated 218 pages with 5 groups
[    0.743596] Dynamic Preempt: none
[    0.751397] rcu: Preemptible hierarchical RCU implementation.
[    0.766705] rcu: 	RCU restricting CPUs from NR_CPUS=8192 to nr_cpu_ids=1.
[    0.782171] 	Trampoline variant of Tasks RCU enabled.
[    0.793901] 	Rude variant of Tasks RCU enabled.
[    0.804276] 	Tracing variant of Tasks RCU enabled.
[    0.814539] rcu: RCU calculated value of scheduler-enlistment delay is 25 jiffies.
[    0.830807] rcu: Adjusting geometry for rcu_fanout_leaf=16, nr_cpu_ids=1
[    0.847566] NR_IRQS: 524544, nr_irqs: 16, preallocated irqs: 0
[    0.860071] rcu: srcu_init: Setting srcu_struct sizes based on contention.
[    0.875311] Console: colour dummy device 80x25
[    0.885317] printk: console [ttyS0] enabled
[    0.885317] printk: console [ttyS0] enabled
[    0.902664] printk: bootconsole [earlyser0] disabled
[    0.902664] printk: bootconsole [earlyser0] disabled
[    0.926238] ACPI: Core revision 20230628
[    0.935925] ACPI: setting ELCR to 0001 (from 0000)
[    0.947326] APIC: ACPI MADT or MP tables are not detected
[    0.958527] APIC: Switch to virtual wire mode setup with no configuration
[    0.972734] Not enabling interrupt remapping due to skipped IO-APIC setup
[    0.986847] clocksource: tsc-early: mask: 0xffffffffffffffff max_cycles: 0x285c40e2248, max_idle_ns: 440795340634 ns
[    1.009670] Calibrating delay loop (skipped), value calculated using timer frequency.. 5600.00 BogoMIPS (lpj=11200000)
[    1.013667] Disabled fast string operations
[    1.013667] Last level iTLB entries: 4KB 64, 2MB 8, 4MB 8
[    1.013667] Last level dTLB entries: 4KB 64, 2MB 32, 4MB 32, 1GB 4
[    1.013667] Spectre V1 : Mitigation: usercopy/swapgs barriers and __user pointer sanitization
[    1.013667] Spectre V2 : Mitigation: Retpolines
[    1.013667] Spectre V2 : Spectre v2 / SpectreRSB: Filling RSB on context switch and VMEXIT
[    1.013667] RETBleed: WARNING: Spectre v2 mitigation leaves CPU vulnerable to RETBleed attacks, data leaks possible!
[    1.013667] RETBleed: Vulnerable
[    1.013667] Speculative Store Bypass: Vulnerable
[    1.013667] MDS: Mitigation: Clear CPU buffers
[    1.013667] MMIO Stale Data: Mitigation: Clear CPU buffers
[    1.013667] SRBDS: Vulnerable: No microcode
[    1.013667] GDS: Vulnerable: No microcode
[    1.013667] x86/fpu: Supporting XSAVE feature 0x001: 'x87 floating point registers'
[    1.013667] x86/fpu: Supporting XSAVE feature 0x002: 'SSE registers'
[    1.013667] x86/fpu: Supporting XSAVE feature 0x004: 'AVX registers'
[    1.013667] x86/fpu: xstate_offset[2]:  576, xstate_sizes[2]:  256
[    1.013667] x86/fpu: Enabled xstate features 0x7, context size is 832 bytes, using 'compacted' format.
[    1.013667] Freeing SMP alternatives memory: 44K
[    1.013667] pid_max: default: 32768 minimum: 301
[    1.013667] LSM: initializing lsm=capability,landlock,yama,safesetid,selinux,integrity
[    1.013667] landlock: Up and running.
[    1.013667] Yama: becoming mindful.
[    1.013667] SELinux:  Initializing.
[    1.013667] Mount-cache hash table entries: 1024 (order: 1, 8192 bytes, linear)
[    1.013667] Mountpoint-cache hash table entries: 1024 (order: 1, 8192 bytes, linear)
[    1.013667] smpboot: CPU 0 Converting physical 3 to logical package 0
[    1.013667] smpboot: SMP disabled
[    1.013667] RCU Tasks: Setting shift to 0 and lim to 1 rcu_task_cb_adjust=1 rcu_task_cpu_ids=1.
[    1.013667] RCU Tasks Rude: Setting shift to 0 and lim to 1 rcu_task_cb_adjust=1 rcu_task_cpu_ids=1.
[    1.013667] RCU Tasks Trace: Setting shift to 0 and lim to 1 rcu_task_cb_adjust=1 rcu_task_cpu_ids=1.
[    1.013667] Performance Events: Skylake events, 32-deep LBR, full-width counters, Intel PMU driver.
[    1.013667] ... version:                2
[    1.013667] ... bit width:              48
[    1.013667] ... generic registers:      4
[    1.013667] ... value mask:             0000ffffffffffff
[    1.013667] ... max period:             00007fffffffffff
[    1.013667] ... fixed-purpose events:   3
[    1.013667] ... event mask:             000000070000000f
[    1.013667] signal: max sigframe size: 1776
[    1.013667] rcu: Hierarchical SRCU implementation.
[    1.013667] rcu: 	Max phase no-delay instances is 1000.
[    1.013667] NMI watchdog: Enabled. Permanently consumes one hw-PMU counter.
[    1.013667] smp: Bringing up secondary CPUs ...
[    1.013667] smp: Brought up 1 node, 1 CPU
[    1.013667] smpboot: Max logical packages: 1
[    1.013667] smpboot: Total of 1 processors activated (5600.00 BogoMIPS)
[    1.013667] node 0 deferred pages initialised in 0ms
[    1.013667] devtmpfs: initialized
[    1.013667] x86/mm: Memory block size: 128MB
[    1.013667] clocksource: jiffies: mask: 0xffffffff max_cycles: 0xffffffff, max_idle_ns: 7645041785100000 ns
[    1.013667] futex hash table entries: 256 (order: 2, 16384 bytes, linear)
[    1.013667] pinctrl core: initialized pinctrl subsystem
[    1.013667] NET: Registered PF_NETLINK/PF_ROUTE protocol family
[    1.013667] DMA: preallocated 128 KiB GFP_KERNEL pool for atomic allocations
[    1.013667] DMA: preallocated 128 KiB GFP_KERNEL|GFP_DMA32 pool for atomic allocations
[    1.013667] audit: initializing netlink subsys (disabled)
[    1.013667] thermal_sys: Registered thermal governor 'step_wise'
[    1.013667] thermal_sys: Registered thermal governor 'user_space'
[    1.013667] audit: type=2000 audit(943920000.000:1): state=initialized audit_enabled=0 res=1
[    1.013667] cpuidle: using governor ladder
[    1.013667] cpuidle: using governor menu
[    1.013667] acpiphp: ACPI Hot Plug PCI Controller Driver version: 0.5
[    1.013667] dca service started, version 1.12.1
[    1.013667] PCI: Fatal: No config space access function found
[    1.013667] kprobes: kprobe jump-optimization is enabled. All kprobes are optimized if possible.
[    1.013667] HugeTLB: registered 1.00 GiB page size, pre-allocated 0 pages
[    1.013667] HugeTLB: 16380 KiB vmemmap can be freed for a 1.00 GiB page
[    1.013667] HugeTLB: registered 2.00 MiB page size, pre-allocated 0 pages
[    1.013667] HugeTLB: 28 KiB vmemmap can be freed for a 2.00 MiB page
[    1.013667] cryptd: max_cpu_qlen set to 1000
[    1.013667] ACPI: Added _OSI(Module Device)
[    1.013667] ACPI: Added _OSI(Processor Device)
[    1.013667] ACPI: Added _OSI(Processor Aggregator Device)
[    1.013667] ACPI: 1 ACPI AML tables successfully acquired and loaded
[    1.013667] ACPI: _OSC evaluated successfully for all CPUs
[    1.013667] ACPI: Interpreter enabled
[    1.013667] ACPI: PM: (supports S0)
[    1.013667] ACPI: Using PIC for interrupt routing
[    1.013667] PCI: Using host bridge windows from ACPI; if necessary, use "pci=nocrs" and report a bug
[    1.013667] PCI: Using E820 reservations for host bridge windows
[    1.013667] iommu: Default domain type: Translated
[    1.013667] iommu: DMA domain TLB invalidation policy: lazy mode
[    1.013667] SCSI subsystem initialized
[    1.013667] pps_core: LinuxPPS API ver. 1 registered
[    1.013667] pps_core: Software ver. 5.3.6 - Copyright 2005-2007 Rodolfo Giometti <giometti@linux.it>
[    1.013667] PTP clock support registered
[    1.013667] EDAC MC: Ver: 3.0.0
[    1.013667] NetLabel: Initializing
[    1.013667] NetLabel:  domain hash size = 128
[    1.013667] NetLabel:  protocols = UNLABELED CIPSOv4 CALIPSO
[    1.013667] NetLabel:  unlabeled traffic allowed by default
[    1.013667] PCI: Using ACPI for IRQ routing
[    1.013667] PCI: System does not support PCI
[    1.013667] vgaarb: loaded
[    1.013667] clocksource: Switched to clocksource tsc-early
[    1.013667] VFS: Disk quotas dquot_6.6.0
[    1.013667] VFS: Dquot-cache hash table entries: 512 (order 0, 4096 bytes)
[    1.013667] FS-Cache: Loaded
[    1.013667] pnp: PnP ACPI init
[    1.013667] pnp: PnP ACPI: found 0 devices
[    1.013667] NET: Registered PF_INET protocol family
[    1.013667] IP idents hash table entries: 8192 (order: 4, 65536 bytes, linear)
[    1.013667] tcp_listen_portaddr_hash hash table entries: 256 (order: 0, 4096 bytes, linear)
[    1.013667] Table-perturb hash table entries: 65536 (order: 6, 262144 bytes, linear)
[    1.013667] TCP established hash table entries: 4096 (order: 3, 32768 bytes, linear)
[    1.013667] TCP bind hash table entries: 4096 (order: 5, 131072 bytes, linear)
[    1.013667] TCP: Hash tables configured (established 4096 bind 4096)
[    1.013667] UDP hash table entries: 256 (order: 1, 8192 bytes, linear)
[    1.013667] UDP-Lite hash table entries: 256 (order: 1, 8192 bytes, linear)
[    1.013667] NET: Registered PF_UNIX/PF_LOCAL protocol family
[    1.013667] NET: Registered PF_XDP protocol family
[    1.013667] PCI: CLS 0 bytes, default 64
[    1.013667] Trying to unpack rootfs image as initramfs...
[    1.013667] Freeing initrd memory: 1148K
[    1.013667] RAPL PMU: API unit is 2^-32 Joules, 0 fixed counters, 10737418240 ms ovfl timer
[    1.013667] unchecked MSR access error: WRMSR to 0xe01 (tried to write 0x000000002000001f) at rIP: 0xffffffff8109b4d8 (native_write_msr+0x8/0x30)
[    1.013667] Call Trace:
[    1.013667]  <TASK>
[    1.013667]  ? skl_uncore_msr_init_box+0x48/0x60
[    1.013667]  uncore_box_ref.part.0+0xa6/0xd0
[    1.013667]  uncore_event_cpu_online+0x63/0x150
[    1.013667]  cpuhp_invoke_callback+0x138/0x490
[    1.013667]  ? __schedule+0x3bb/0xaa0
[    1.013667]  ? __pfx_smpboot_thread_fn+0x10/0x10
[    1.013667]  cpuhp_thread_fun+0xe6/0x180
[    1.013667]  smpboot_thread_fn+0xe7/0x1e0
[    1.013667]  kthread+0xf6/0x130
[    1.013667]  ? __pfx_kthread+0x10/0x10
[    1.013667]  ret_from_fork+0x41/0x60
[    1.013667]  ? __pfx_kthread+0x10/0x10
[    1.013667]  ret_from_fork_asm+0x1b/0x30
[    1.013667]  </TASK>
[    1.013667] clocksource: tsc: mask: 0xffffffffffffffff max_cycles: 0x285c40e2248, max_idle_ns: 440795340634 ns
[    1.013667] clocksource: Switched to clocksource tsc
[    1.013667] platform rtc_cmos: registered platform RTC device (no PNP device found)
[    1.013667] Initialise system trusted keyrings
[    1.013667] Key type blacklist registered
[    1.013667] workingset: timestamp_bits=36 max_order=17 bucket_order=0
[    1.013667] squashfs: version 4.0 (2009/01/31) Phillip Lougher
[    1.013667] fuse: init (API version 7.39)
[    1.013667] SGI XFS with ACLs, security attributes, realtime, verbose warnings, quota, no debug enabled
[    1.013667] 9p: Installing v9fs 9p2000 file system support
[    1.013667] Key type asymmetric registered
[    1.013667] Asymmetric key parser 'x509' registered
[    1.013667] Block layer SCSI generic (bsg) driver version 0.4 loaded (major 245)
[    1.013667] io scheduler mq-deadline registered
[    1.013667] io scheduler kyber registered
[    1.013667] ioatdma: Intel(R) QuickData Technology Driver 5.00
[    1.013667] virtio-mmio LNRO0005:00: Wrong magic value 0x00001000!
[    1.013667] Serial: 8250/16550 driver, 8 ports, IRQ sharing enabled
[    1.013667] serial8250: ttyS0 at I/O 0x3f8 (irq = 4, base_baud = 115200) is a 16550A
[    1.013667] Linux agpgart interface v0.103
[    1.013667] AMD-Vi: AMD IOMMUv2 functionality not available on this system - This is not a bug.
[    1.013667] ACPI: bus type drm_connector registered
[    1.013667] brd: module loaded
[    1.013667] loop: module loaded
[    1.013667] Loading iSCSI transport class v2.0-870.
[    1.013667] rdac: device handler registered
[    1.013667] Microchip SmartPQI Driver (v2.1.24-046)
[    1.013667] VMware PVSCSI driver - version 1.0.7.0-k
[    1.013667] hv_vmbus: registering driver hv_storvsc
[    1.013667] PPP generic driver version 2.4.2
[    1.013667] VMware vmxnet3 virtual NIC driver - version 1.7.0.0-k-NAPI
[    1.013667] hv_vmbus: registering driver hv_netvsc
[    1.013667] Fusion MPT base driver 3.04.20
[    1.013667] Copyright (c) 1999-2008 LSI Corporation
[    1.013667] Fusion MPT SPI Host driver 3.04.20
[    1.013667] Fusion MPT SAS Host driver 3.04.20
[    1.013667] Fusion MPT misc device (ioctl) driver 3.04.20
[    1.013667] mptctl: Registered with Fusion MPT base driver
[    1.013667] mptctl: /dev/mptctl @ (major,minor=10,220)
[    1.013667] i8042: PNP: No PS/2 controller found.
[    1.013667] hv_vmbus: registering driver hyperv_keyboard
[    1.013667] rtc_cmos rtc_cmos: only 24-hr supported
[    1.013667] device-mapper: core: CONFIG_IMA_DISABLE_HTABLE is disabled. Duplicate IMA measurements will not be recorded in the IMA log.
[    1.013667] device-mapper: uevent: version 1.0.3
[    1.013667] device-mapper: ioctl: 4.48.0-ioctl (2023-03-01) initialised: dm-devel@redhat.com
[    1.013667] intel_pstate: CPU model not supported
[    1.013667] hv_utils: Registering HyperV Utility Driver
[    1.013667] hv_vmbus: registering driver hv_utils
[    1.013667] hv_vmbus: registering driver hv_balloon
[    1.013667] hv_vmbus: registering driver dxgkrnl
[    1.013667] misc dxg: dxgk: dxg_drv_init: vmbus_driver_register failed: -19
[    1.013667] drop_monitor: Initializing network drop monitor service
[    1.013667] NET: Registered PF_INET6 protocol family
[    1.013667] Segment Routing with IPv6
[    1.013667] In-situ OAM (IOAM) with IPv6
[    1.013667] NET: Registered PF_PACKET protocol family
[    1.013667] 9pnet: Installing 9P2000 support
[    1.013667] NET: Registered PF_VSOCK protocol family
[    1.013667] microcode: Current revision: 0x00000001
[    1.013667] microcode: Microcode Update Driver: v2.2.
[    1.013667] IPI shorthand broadcast: enabled
[    1.013667] AVX2 version of gcm_enc/dec engaged.
[    1.013667] AES CTR mode by8 optimization enabled
[    1.013667] sched_clock: Marking stable (875244454, 134422556)->(1009667010, 0)
[    3.902783] registered taskstats version 1
[    3.912707] Loading compiled-in X.509 certificates
[    3.925747] ima: No TPM chip found, activating TPM-bypass!
[    3.940140] ima: Allocated hash algorithm: sha256
[    3.952336] ima: No architecture policies found
[    4.008502] RAS: Correctable Errors collector initialized.
[    4.023595] clk: Disabling unused clocks
[    4.034473] Freeing unused decrypted memory: 2028K
[    4.046962] Freeing unused kernel image (initmem) memory: 4480K
[    4.062087] Write protecting the kernel read-only data: 34816k
[    4.076640] Freeing unused kernel image (rodata/data gap) memory: 740K
[    4.095512] Run /init as init process
[    4.111556] Kernel panic - not syncing: Attempted to kill init! exitcode=0x00000000
[    4.132992] CPU: 0 PID: 1 Comm: sh Not tainted 6.6.114.1-microsoft-standard-WSL2 #1
[    4.152712] Call Trace:
[    4.158599]  <TASK>
[    4.163932]  dump_stack_lvl+0x4c/0x70
[    4.174588]  dump_stack+0x14/0x20
[    4.183874]  panic+0x179/0x330
[    4.192114]  do_exit+0x9ac/0xb30
[    4.200845]  do_group_exit+0x39/0x90
[    4.210774]  __x64_sys_exit_group+0x1c/0x20
[    4.222421]  x64_sys_call+0x183b/0x1c90
[    4.235106]  do_syscall_64+0x5a/0xb0
[    4.247250]  ? selinux_file_ioctl+0xb1/0x160
[    4.258384]  ? syscall_exit_to_user_mode+0x2f/0x50
[    4.270576]  ? x64_sys_call+0x13ce/0x1c90
[    4.280589]  ? do_syscall_64+0x66/0xb0
[    4.290181]  ? syscall_exit_to_user_mode+0x2f/0x50
[    4.302328]  ? x64_sys_call+0x17c2/0x1c90
[    4.312644]  ? selinux_file_permission+0x117/0x150
[    4.391331]  ? vfs_read+0x1b5/0x300
[    4.400606]  ? ksys_read+0x6f/0xf0
[    4.409073]  ? syscall_exit_to_user_mode+0x2f/0x50
[    4.421015]  ? x64_sys_call+0x15d3/0x1c90
[    4.431110]  ? do_syscall_64+0x66/0xb0
[    4.440568]  ? irqentry_exit+0x3f/0x50
[    4.450055]  ? exc_page_fault+0x87/0x160
[    4.460366]  entry_SYSCALL_64_after_hwframe+0x78/0xe2
[    4.472524] RIP: 0033:0x4474cd
[    4.479532] Code: 66 2e 0f 1f 84 00 00 00 00 00 0f 1f 00 f3 0f 1e fa 48 c7 c6 e0 ff ff ff ba e7 00 00 00 eb 07 66 0f 1f 44 00 00 f4 89 d0 0f 05 <48> 3d 00 f0 ff ff 76 f3 f7 d8 64 89 06 eb ec 0f 1f 40 00 f3 0f 1e
[    4.525140] RSP: 002b:00007ffebbb216d8 EFLAGS: 00000246 ORIG_RAX: 00000000000000e7
[    4.543181] RAX: ffffffffffffffda RBX: 00000000012fc940 RCX: 00000000004474cd
[    4.560479] RDX: 00000000000000e7 RSI: ffffffffffffffe0 RDI: 0000000000000000
[    4.577645] RBP: 00007ffebbb217d0 R08: 00007ffebbb216f0 R09: 00000000012fd8f0
[    4.594211] R10: 0000000000000008 R11: 0000000000000246 R12: 00007ffebbb21ae0
[    4.610508] R13: 00007ffebbb21ae0 R14: 00000000005fc848 R15: 0000000000000000
[    4.628295]  </TASK>
[    4.633778] Kernel Offset: disabled
