

KASLR disabled: 'nokaslr' on cmdline.

[    0.000000] Linux version 6.6.114.1-microsoft-standard-WSL2 (root@507f3e43091d) (gcc (GCC) 13.2.0, GNU ld (GNU Binutils) 2.41) #1 SMP PREEMPT_DYNAMIC Mon Dec  1 20:46:23 UTC 2025
[    0.000000] Command line: console=ttyS0,115200n8 earlyprintk=serial,ttyS0,115200 rdinit=/init nokaslr lpj=14512128 tsc_early_khz=2800000 
[    0.000000] KERNEL supported cpus:
[    0.000000]   Intel GenuineIntel
[    0.000000]   AMD AuthenticAMD
[    0.000000] CPU: vendor_id 'GenuntelineI' unknown, using generic init.
[    0.000000] CPU: Your system may be unstable.
[    0.000000] BIOS-provided physical RAM map:
[    0.000000] BIOS-e820: [mem 0x0000000000000000-0x000000000009efff] usable
[    0.000000] BIOS-e820: [mem 0x000000000009f000-0x00000000000fffff] reserved
[    0.000000] BIOS-e820: [mem 0x0000000000100000-0x000000001fffffff] usable
[    0.000000] printk: bootconsole [earlyser0] enabled
[    0.000000] NX (Execute Disable) protection: active
[    0.000000] APIC: Static calls initialized
[    0.000000] DMI not present or invalid.
[    0.000000] tsc: Detected 2800.000 MHz processor
[    0.000543] last_pfn = 0x20000 max_arch_pfn = 0x400000000
[    0.034949] MTRRs disabled by BIOS
[    0.054014] x86/PAT: Configuration [0-7]: WB  WC  UC- UC  WB  WP  UC- WT  
[    0.093205] RAMDISK: [mem 0x1f488000-0x1fffffff]
[    0.115952] ACPI: Early table checksum verification disabled
[    0.139765] ACPI: RSDP 0x00000000000F0000 000024 (v02 LEMU  )
[    0.159418] ACPI: XSDT 0x00000000000F1000 000044 (v01 LEMU   LEMUVM01 00000001 LEMU 00000001)
[    0.190374] ACPI: FACP 0x00000000000F2000 000114 (v05 LEMU   LEMUVM01 00000001 LEMU 00000001)
[    0.222318] ACPI: DSDT 0x00000000000F4000 0000A9 (v02 LEMU   LEMUVIRT 00000002 INTL 20230628)
[    0.254073] ACPI: DSDT 0x00000000000F4000 0000A9 (v02 LEMU   LEMUVIRT 00000002 INTL 20230628)
[    0.289631] ACPI: MCFG 0x00000000000F6000 00003C (v01 LEMU   LEMUVM01 00000001 LEMU 00000001)
[    0.334785] ACPI: APIC 0x00000000000F8000 000040 (v01 LEMU   LEMUVM01 00000001 LEMU 00000001)
[    0.384539] ACPI: Reserving FACP table memory at [mem 0xf2000-0xf2113]
[    0.427762] ACPI: Reserving DSDT table memory at [mem 0xf4000-0xf40a8]
[    0.459083] ACPI: Reserving DSDT table memory at [mem 0xf4000-0xf40a8]
[    0.484739] ACPI: Reserving MCFG table memory at [mem 0xf6000-0xf603b]
[    0.509659] ACPI: Reserving APIC table memory at [mem 0xf8000-0xf803f]
[    0.537914] No NUMA configuration found
[    0.552958] Faking a node at [mem 0x0000000000000000-0x000000001fffffff]
[    0.579545] NODE_DATA(0) allocated [mem 0x1f466000-0x1f487fff]
[    0.607602] Zone ranges:
[    0.617276]   DMA32    [mem 0x0000000000001000-0x000000001fffffff]
[    0.643023]   Normal   empty
[    0.652978]   Device   empty
[    0.663066] Movable zone start for each node
[    0.678356] Early memory node ranges
[    0.691771]   node   0: [mem 0x0000000000001000-0x000000000009efff]
[    0.720227]   node   0: [mem 0x0000000000100000-0x000000001fffffff]
[    0.768107] Initmem setup node 0 [mem 0x0000000000001000-0x000000001fffffff]
[    0.800694] On node 0, zone DMA32: 1 pages in unavailable ranges
[    0.810327] On node 0, zone DMA32: 97 pages in unavailable ranges
[    0.837445] IOAPIC[0]: apic_id 1, version 17, address 0xfec00000, GSI 0-23
[    0.886071] ACPI: Using ACPI (MADT) for SMP configuration information
[    0.924091] smpboot: Allowing 1 CPUs, 0 hotplug CPUs
[    0.952244] PM: hibernation: Registered nosave memory: [mem 0x00000000-0x00000fff]
[    0.996373] PM: hibernation: Registered nosave memory: [mem 0x0009f000-0x000fffff]
[    1.033076] [mem 0x20000000-0xffffffff] available for PCI devices
[    1.059057] Booting paravirtualized kernel on bare hardware
[    1.086519] clocksource: refined-jiffies: mask: 0xffffffff max_cycles: 0xffffffff, max_idle_ns: 7645519600211568 ns
[    1.134544] setup_percpu: NR_CPUS:8192 nr_cpumask_bits:1 nr_cpu_ids:1 nr_node_ids:1
[    1.170730] percpu: Embedded 63 pages/cpu s221184 r8192 d28672 u2097152
[    1.196631] Kernel command line: console=ttyS0,115200n8 earlyprintk=serial,ttyS0,115200 rdinit=/init nokaslr lpj=14512128 tsc_early_khz=2800000 
[    1.245566] Unknown kernel command line parameters "nokaslr", will be passed to user space.
[    1.280527] random: crng init done
[    1.296368] Dentry cache hash table entries: 65536 (order: 7, 524288 bytes, linear)
[    1.327223] Inode-cache hash table entries: 32768 (order: 6, 262144 bytes, linear)
[    1.354386] Fallback order for Node 0: 0 
[    1.354410] Built 1 zonelists, mobility grouping on.  Total pages: 128768
[    1.400897] Policy zone: DMA32
[    1.414908] mem auto-init: stack:off, heap alloc:on, heap free:off
[    1.439250] Memory: 211664K/523896K available (20480K kernel code, 3451K rwdata, 13596K rodata, 4480K init, 6224K bss, 70976K reserved, 0K cma-reserved)
[    1.522369] SLUB: HWalign=64, Order=0-3, MinObjects=0, CPUs=1, Nodes=1
[    1.565983] Kernel/User page tables isolation: enabled
Poking KASLR using RDRAND RDTSC...
[    1.596698] ftrace: allocating 55788 entries in 218 pages
[    1.623339] ftrace: allocated 218 pages with 5 groups
[    1.649208] Dynamic Preempt: none
[    1.669915] rcu: Preemptible hierarchical RCU implementation.
[    1.701351] rcu: 	RCU restricting CPUs from NR_CPUS=8192 to nr_cpu_ids=1.
[    1.740946] 	Trampoline variant of Tasks RCU enabled.
[    1.771017] 	Rude variant of Tasks RCU enabled.
[    1.790239] 	Tracing variant of Tasks RCU enabled.
[    1.811627] rcu: RCU calculated value of scheduler-enlistment delay is 25 jiffies.
[    1.840655] rcu: Adjusting geometry for rcu_fanout_leaf=16, nr_cpu_ids=1
[    1.869277] NR_IRQS: 524544, nr_irqs: 256, preallocated irqs: 0
[    1.896497] rcu: srcu_init: Setting srcu_struct sizes based on contention.
[    1.930245] Console: colour dummy device 80x25
[    1.951945] printk: console [ttyS0] enabled
[    1.951945] printk: console [ttyS0] enabled
[    1.989032] printk: bootconsole [earlyser0] disabled
[    1.989032] printk: bootconsole [earlyser0] disabled
[    2.027962] ACPI: Core revision 20230628
[    2.043046] APIC: Switch to symmetric I/O mode setup
[    2.065627] clocksource: tsc-early: mask: 0xffffffffffffffff max_cycles: 0x285c40e2248, max_idle_ns: 440795340634 ns
[    2.122981] Calibrating delay loop (skipped) preset value.. 7256.06 BogoMIPS (lpj=14512128)
[    2.126926] mce: unknown CPU type - not enabling MCE support
[    2.126926] Last level iTLB entries: 4KB 0, 2MB 0, 4MB 0
[    2.126926] Last level dTLB entries: 4KB 0, 2MB 0, 4MB 0, 1GB 0
[    2.126926] Spectre V1 : Mitigation: usercopy/swapgs barriers and __user pointer sanitization
[    2.126926] Spectre V2 : Mitigation: Retpolines
[    2.126926] Spectre V2 : Spectre v2 / SpectreRSB: Filling RSB on context switch and VMEXIT
[    2.126926] Speculative Store Bypass: Vulnerable
[    2.126926] MDS: Vulnerable: Clear CPU buffers attempted, no microcode
[    2.126926] MMIO Stale Data: Unknown: No mitigations
[    2.126926] ------------[ cut here ]------------
[    2.126926] [AVX registers]: struct is 256 bytes, cpu state 7 bytes
[    2.126926] WARNING: CPU: 0 PID: 0 at arch/x86/kernel/fpu/xstate.c:541 fpu__init_system_xstate+0x7d3/0xd60
[    2.126926] Modules linked in:
[    2.126926] CPU: 0 PID: 0 Comm: swapper/0 Not tainted 6.6.114.1-microsoft-standard-WSL2 #1
[    2.126926] RIP: 0010:fpu__init_system_xstate+0x7d3/0xd60
[    2.126926] Code: 80 3d 90 d9 f2 ff 00 75 ab 89 c1 ba 00 01 00 00 48 c7 c6 a6 06 95 82 48 c7 c7 f0 da 9b 82 c6 05 72 d9 f2 ff 01 e8 bd 10 b4 fd <0f> 0b eb 86 41 bc 08 00 00 00 80 3d 52 d9 f2 ff 00 0f 84 d3 04 00
[    2.126926] RSP: 0000:ffffffff83203e10 EFLAGS: 00010286
[    2.126926] RAX: 0000000000000000 RBX: ffffffff83203e74 RCX: c0000000ffffdfff
[    2.126926] RDX: 0000000000000000 RSI: 00000000ffffdfff RDI: 0000000000000001
[    2.126926] RBP: ffffffff83203ea8 R08: 0000000000000000 R09: ffffffff83203c78
[    2.126926] R10: 0000000000000003 R11: ffffffff83353128 R12: 0000000000000002
[    2.126926] R13: 0000000000000000 R14: 0000000000000007 R15: ffffffff83203e74
[    2.126926] FS:  0000000000000000(0000) GS:ffff88801ea00000(0000) knlGS:0000000000000000
[    2.126926] CS:  0010 DS: 0000 ES: 0000 CR0: 0000000080050033
[    2.126926] CR2: ffff888004000000 CR3: 0000000003232000 CR4: 00000000000406b0
[    2.126926] Call Trace:
[    2.126926]  <TASK>
[    2.126926]  fpu__init_system+0xec/0x1b0
[    2.126926]  arch_cpu_finalize_init+0xde/0x120
[    2.126926]  start_kernel+0x45f/0x790
[    2.126926]  x86_64_start_reservations+0x25/0x40
[    2.126926]  x86_64_start_kernel+0x7f/0x80
[    2.126926]  secondary_startup_64_no_verify+0x17d/0x18b
[    2.126926]  </TASK>
[    2.126926] ---[ end trace 0000000000000000 ]---
[    2.126926] CPUID[0d, 00]: eax=00000007 ebx=00000340 ecx=00000340 edx=00000000
[    2.126926] CPUID[0d, 01]: eax=00000007 ebx=00000340 ecx=00000340 edx=00000000
[    2.126926] CPUID[0d, 02]: eax=00000007 ebx=00000340 ecx=00000340 edx=00000000
[    2.126926] CPUID[0d, 03]: eax=00000007 ebx=00000340 ecx=00000340 edx=00000000
[    2.126926] CPUID[0d, 04]: eax=00000007 ebx=00000340 ecx=00000340 edx=00000000
[    2.126926] CPUID[0d, 05]: eax=00000007 ebx=00000340 ecx=00000340 edx=00000000
[    2.126926] CPUID[0d, 06]: eax=00000007 ebx=00000340 ecx=00000340 edx=00000000
[    2.126926] CPUID[0d, 07]: eax=00000007 ebx=00000340 ecx=00000340 edx=00000000
[    2.126926] CPUID[0d, 08]: eax=00000007 ebx=00000340 ecx=00000340 edx=00000000
[    2.126926] CPUID[0d, 09]: eax=00000007 ebx=00000340 ecx=00000340 edx=00000000
[    2.126926] CPUID[0d, 0a]: eax=00000007 ebx=00000340 ecx=00000340 edx=00000000
[    2.126926] CPUID[0d, 0b]: eax=00000007 ebx=00000340 ecx=00000340 edx=00000000
[    2.126926] CPUID[0d, 0c]: eax=00000007 ebx=00000340 ecx=00000340 edx=00000000
[    2.126926] CPUID[0d, 0d]: eax=00000007 ebx=00000340 ecx=00000340 edx=00000000
[    2.126926] CPUID[0d, 0e]: eax=00000007 ebx=00000340 ecx=00000340 edx=00000000
[    2.126926] CPUID[0d, 0f]: eax=00000007 ebx=00000340 ecx=00000340 edx=00000000
[    2.126926] CPUID[0d, 10]: eax=00000007 ebx=00000340 ecx=00000340 edx=00000000
[    2.126926] CPUID[0d, 11]: eax=00000007 ebx=00000340 ecx=00000340 edx=00000000
[    2.126926] CPUID[0d, 12]: eax=00000007 ebx=00000340 ecx=00000340 edx=00000000
[    2.126926] CPUID[0d, 13]: eax=00000007 ebx=00000340 ecx=00000340 edx=00000000
[    2.126926] CPUID[0d, 14]: eax=00000007 ebx=00000340 ecx=00000340 edx=00000000
[    2.126926] CPUID[0d, 15]: eax=00000007 ebx=00000340 ecx=00000340 edx=00000000
[    2.126926] CPUID[0d, 16]: eax=00000007 ebx=00000340 ecx=00000340 edx=00000000
[    2.126926] CPUID[0d, 17]: eax=00000007 ebx=00000340 ecx=00000340 edx=00000000
[    2.126926] CPUID[0d, 18]: eax=00000007 ebx=00000340 ecx=00000340 edx=00000000
[    2.126926] CPUID[0d, 19]: eax=00000007 ebx=00000340 ecx=00000340 edx=00000000
[    2.126926] CPUID[0d, 1a]: eax=00000007 ebx=00000340 ecx=00000340 edx=00000000
[    2.126926] CPUID[0d, 1b]: eax=00000007 ebx=00000340 ecx=00000340 edx=00000000
[    2.126926] CPUID[0d, 1c]: eax=00000007 ebx=00000340 ecx=00000340 edx=00000000
[    2.126926] ------------[ cut here ]------------
[    2.126926] XSAVE consistency problem: size 583 != kernel_size 832
[    2.126926] WARNING: CPU: 0 PID: 0 at arch/x86/kernel/fpu/xstate.c:602 fpu__init_system_xstate+0xd53/0xd60
[    2.126926] Modules linked in:
[    2.126926] CPU: 0 PID: 0 Comm: swapper/0 Tainted: G        W          6.6.114.1-microsoft-standard-WSL2 #1
[    2.126926] RIP: 0010:fpu__init_system_xstate+0xd53/0xd60
[    2.126926] Code: 37 f7 ff ff 80 3d 00 d4 f2 ff 00 0f 85 b0 fa ff ff 8b 95 6c ff ff ff 48 c7 c7 38 dc 9b 82 c6 05 e6 d3 f2 ff 01 e8 3d 0b b4 fd <0f> 0b e9 90 fa ff ff e8 b1 d8 a9 fe 90 90 90 90 90 90 90 90 90 90
[    2.126926] RSP: 0000:ffffffff83203e10 EFLAGS: 00010286
[    2.126926] RAX: 0000000000000000 RBX: 0000000000000002 RCX: c0000000ffffdfff
[    2.126926] RDX: 0000000000000000 RSI: 00000000ffffdfff RDI: 0000000000000001
[    2.126926] RBP: ffffffff83203ea8 R08: 0000000000000000 R09: ffffffff83203c78
[    2.126926] R10: 0000000000000003 R11: ffffffff83353128 R12: 0000000000000002
[    2.126926] R13: 0000000000000000 R14: 0000000000000340 R15: ffffffff83203e74
[    2.126926] FS:  0000000000000000(0000) GS:ffff88801ea00000(0000) knlGS:0000000000000000
[    2.126926] CS:  0010 DS: 0000 ES: 0000 CR0: 0000000080050033
[    2.126926] CR2: ffff888004000000 CR3: 0000000003232000 CR4: 00000000000406b0
[    2.126926] Call Trace:
[    2.126926]  <TASK>
[    2.126926]  fpu__init_system+0xec/0x1b0
[    2.126926]  arch_cpu_finalize_init+0xde/0x120
[    2.126926]  start_kernel+0x45f/0x790
[    2.126926]  x86_64_start_reservations+0x25/0x40
[    2.126926]  x86_64_start_kernel+0x7f/0x80
[    2.126926]  secondary_startup_64_no_verify+0x17d/0x18b
[    2.126926]  </TASK>
[    2.126926] ---[ end trace 0000000000000000 ]---
[    2.126926] Freeing SMP alternatives memory: 44K
[    2.126926] pid_max: default: 32768 minimum: 301
[    2.126926] LSM: initializing lsm=capability,landlock,yama,safesetid,selinux,integrity
[    2.126926] landlock: Up and running.
[    2.126926] Yama: becoming mindful.
[    2.126926] SELinux:  Initializing.
[    2.126926] Mount-cache hash table entries: 1024 (order: 1, 8192 bytes, linear)
[    2.126926] Mountpoint-cache hash table entries: 1024 (order: 1, 8192 bytes, linear)
[    2.126926] smpboot: CPU0: GenuntelineI 06/8e (family: 0x6, model: 0x8e, stepping: 0x9)
[    2.127068] RCU Tasks: Setting shift to 0 and lim to 1 rcu_task_cb_adjust=1 rcu_task_cpu_ids=1.
[    2.131009] RCU Tasks Rude: Setting shift to 0 and lim to 1 rcu_task_cb_adjust=1 rcu_task_cpu_ids=1.
[    2.134965] RCU Tasks Trace: Setting shift to 0 and lim to 1 rcu_task_cb_adjust=1 rcu_task_cpu_ids=1.
[    2.138989] Performance Events: no PMU driver, software events only.
[    2.143050] signal: max sigframe size: 1440
[    2.147007] rcu: Hierarchical SRCU implementation.
[    2.150932] rcu: 	Max phase no-delay instances is 1000.
[    2.155140] NMI watchdog: Perf NMI watchdog permanently disabled
[    2.159121] smp: Bringing up secondary CPUs ...
[    2.163043] smp: Brought up 1 node, 1 CPU
[    2.166935] smpboot: Max logical packages: 1
[    2.170948] smpboot: Total of 1 processors activated (7256.06 BogoMIPS)
[    2.185462] node 0 deferred pages initialised in 8ms
[    2.187050] devtmpfs: initialized
[    2.190975] x86/mm: Memory block size: 128MB
[    2.199235] clocksource: jiffies: mask: 0xffffffff max_cycles: 0xffffffff, max_idle_ns: 7645041785100000 ns
[    2.202941] futex hash table entries: 256 (order: 2, 16384 bytes, linear)
[    2.207206] pinctrl core: initialized pinctrl subsystem
[    2.211546] NET: Registered PF_NETLINK/PF_ROUTE protocol family
[    2.215002] DMA: preallocated 128 KiB GFP_KERNEL pool for atomic allocations
[    2.218952] DMA: preallocated 128 KiB GFP_KERNEL|GFP_DMA32 pool for atomic allocations
[    2.222958] audit: initializing netlink subsys (disabled)
[    2.227043] thermal_sys: Registered thermal governor 'step_wise'
[    2.227044] thermal_sys: Registered thermal governor 'user_space'
[    2.230953] audit: type=2000 audit(943920000.104:1): state=initialized audit_enabled=0 res=1
[    2.238941] cpuidle: using governor ladder
[    2.242943] cpuidle: using governor menu
[    2.246978] acpiphp: ACPI Hot Plug PCI Controller Driver version: 0.5
[    2.250983] dca service started, version 1.12.1
[    2.255375] PCI: no memory for MCFG entries
[    2.258933] PCI: Using configuration type 1 for base access
[    2.263046] kprobes: kprobe jump-optimization is enabled. All kprobes are optimized if possible.
[    2.295041] HugeTLB: registered 2.00 MiB page size, pre-allocated 0 pages
[    2.298931] HugeTLB: 28 KiB vmemmap can be freed for a 2.00 MiB page
[    2.315098] cryptd: max_cpu_qlen set to 1000
[    2.329238] ACPI: Added _OSI(Module Device)
[    2.330932] ACPI: Added _OSI(Processor Device)
[    2.334932] ACPI: Added _OSI(Processor Aggregator Device)
[    2.339006] ACPI: 1 ACPI AML tables successfully acquired and loaded
[    2.343212] ACPI: _OSC evaluated successfully for all CPUs
[    2.347001] ACPI: Interpreter enabled
[    2.350951] ACPI: PM: (supports S0)
[    2.354934] ACPI: Using IOAPIC for interrupt routing
[    2.359372] PCI: no memory for MCFG entries
[    2.362950] PCI: Using host bridge windows from ACPI; if necessary, use "pci=nocrs" and report a bug
[    2.366931] PCI: Using E820 reservations for host bridge windows
[    2.371301] ACPI: PCI Root Bridge [PCI0] (domain 0000 [bus 00])
[    2.374937] acpi PNP0A08:00: _OSC: OS supports [ASPM ClockPM Segments MSI HPX-Type3]
[    2.378934] acpi PNP0A08:00: _OSC: not requesting OS control; OS requires [ExtendedConfig ASPM ClockPM MSI]
[    2.382940] acpi PNP0A08:00: _OSC: platform retains control of PCIe features (AE_NOT_FOUND)
[    2.386956] acpi PNP0A08:00: fail to add MMCONFIG information, can't access extended configuration space under this bridge
[    2.391004] PCI host bridge to bus 0000:00
[    2.394934] pci_bus 0000:00: root bus resource [mem 0xc0001000-0xc000ffff window]
[    2.398934] pci_bus 0000:00: root bus resource [bus 00]
[    2.403136] pci 0000:00:00.0: [4c4d:0001] type 00 class 0x060000
[    2.412048] pci 0000:00:01.0: [4c4d:4c4d] type 00 class 0x120000
[    2.415433] pci 0000:00:01.0: reg 0x10: [mem 0xc0001000-0xc0001fff]
[    2.427253] iommu: Default domain type: Translated
[    2.430930] iommu: DMA domain TLB invalidation policy: lazy mode
[    2.435249] SCSI subsystem initialized
[    2.439048] pps_core: LinuxPPS API ver. 1 registered
[    2.442942] pps_core: Software ver. 5.3.6 - Copyright 2005-2007 Rodolfo Giometti <giometti@linux.it>
[    2.447042] PTP clock support registered
[    2.451015] EDAC MC: Ver: 3.0.0
[    2.456666] NetLabel: Initializing
[    2.458932] NetLabel:  domain hash size = 128
[    2.462931] NetLabel:  protocols = UNLABELED CIPSOv4 CALIPSO
[    2.467037] NetLabel:  unlabeled traffic allowed by default
[    2.470934] PCI: Using ACPI for IRQ routing
[    2.475182] vgaarb: loaded
[    2.479110] clocksource: Switched to clocksource tsc-early
[    2.500450] VFS: Disk quotas dquot_6.6.0
[    2.516976] VFS: Dquot-cache hash table entries: 512 (order 0, 4096 bytes)
[    2.581706] FS-Cache: Loaded
[    2.605555] pnp: PnP ACPI init
[    2.635100] pnp: PnP ACPI: found 0 devices
[    2.675898] NET: Registered PF_INET protocol family
[    2.715178] IP idents hash table entries: 8192 (order: 4, 65536 bytes, linear)
[    2.758387] tcp_listen_portaddr_hash hash table entries: 256 (order: 0, 4096 bytes, linear)
[    2.809115] Table-perturb hash table entries: 65536 (order: 6, 262144 bytes, linear)
[    2.853711] TCP established hash table entries: 4096 (order: 3, 32768 bytes, linear)
[    2.897073] TCP bind hash table entries: 4096 (order: 5, 131072 bytes, linear)
[    2.933099] TCP: Hash tables configured (established 4096 bind 4096)
[    2.956782] UDP hash table entries: 256 (order: 1, 8192 bytes, linear)
[    2.986885] UDP-Lite hash table entries: 256 (order: 1, 8192 bytes, linear)
[    3.016596] NET: Registered PF_UNIX/PF_LOCAL protocol family
[    3.045561] NET: Registered PF_XDP protocol family
[    3.067820] pci_bus 0000:00: resource 4 [mem 0xc0001000-0xc000ffff window]
[    3.098363] PCI: CLS 0 bytes, default 64
[    3.114980] platform rtc_cmos: registered platform RTC device (no PNP device found)
[    3.150094] Trying to unpack rootfs image as initramfs...
[    3.176756] Initialise system trusted keyrings
[    3.199416] Key type blacklist registered
[    3.238829] workingset: timestamp_bits=36 max_order=17 bucket_order=0
[    3.287686] squashfs: version 4.0 (2009/01/31) Phillip Lougher
[    3.330289] fuse: init (API version 7.39)
[    3.386557] SGI XFS with ACLs, security attributes, realtime, verbose warnings, quota, no debug enabled
[    3.470693] 9p: Installing v9fs 9p2000 file system support
[    3.551297] Key type asymmetric registered
[    3.572727] Asymmetric key parser 'x509' registered
[    3.594673] Block layer SCSI generic (bsg) driver version 0.4 loaded (major 245)
[    3.670503] io scheduler mq-deadline registered
[    3.691747] io scheduler kyber registered
[    3.739705] ioatdma: Intel(R) QuickData Technology Driver 5.00
[    3.774118] Serial: 8250/16550 driver, 8 ports, IRQ sharing enabled
[    3.798296] serial8250: ttyS0 at I/O 0x3f8 (irq = 4, base_baud = 115200) is a 16550A
[    3.847282] Linux agpgart interface v0.103
[    3.864281] AMD-Vi: AMD IOMMUv2 functionality not available on this system - This is not a bug.
[    3.902217] ACPI: bus type drm_connector registered
[    3.951876] brd: module loaded
[    3.976798] loop: module loaded
[    3.992278] Loading iSCSI transport class v2.0-870.
[    4.034198] rdac: device handler registered
[    4.070185] Microchip SmartPQI Driver (v2.1.24-046)
[    4.092411] VMware PVSCSI driver - version 1.0.7.0-k
[    4.114467] hv_vmbus: registering driver hv_storvsc
[    4.167053] PPP generic driver version 2.4.2
[    4.198355] VMware vmxnet3 virtual NIC driver - version 1.7.0.0-k-NAPI
[    4.227167] hv_vmbus: registering driver hv_netvsc
[    4.248004] Fusion MPT base driver 3.04.20
[    4.263698] Copyright (c) 1999-2008 LSI Corporation
[    4.282259] Fusion MPT SPI Host driver 3.04.20
[    4.301212] Fusion MPT SAS Host driver 3.04.20
[    4.318295] Fusion MPT misc device (ioctl) driver 3.04.20
[    4.367621] Freeing initrd memory: 11744K
[    4.386329] mptctl: Registered with Fusion MPT base driver
[    4.405435] mptctl: /dev/mptctl @ (major,minor=10,220)
[    4.423913] i8042: PNP: No PS/2 controller found.
[    4.440278] hv_vmbus: registering driver hyperv_keyboard
[    4.460766] rtc_cmos rtc_cmos: only 24-hr supported
[    4.477428] device-mapper: core: CONFIG_IMA_DISABLE_HTABLE is disabled. Duplicate IMA measurements will not be recorded in the IMA log.
[    4.535109] device-mapper: uevent: version 1.0.3
[    4.555556] device-mapper: ioctl: 4.48.0-ioctl (2023-03-01) initialised: dm-devel@redhat.com
[    4.613414] hv_utils: Registering HyperV Utility Driver
[    4.652394] hv_vmbus: registering driver hv_utils
[    4.679701] hv_vmbus: registering driver hv_balloon
[    4.699444] hv_vmbus: registering driver dxgkrnl
[    4.716001] misc dxg: dxgk: dxg_drv_init: vmbus_driver_register failed: -19
[    4.741565] drop_monitor: Initializing network drop monitor service
[    4.785199] NET: Registered PF_INET6 protocol family
[    4.803822] Segment Routing with IPv6
[    4.819229] In-situ OAM (IOAM) with IPv6
[    4.837063] NET: Registered PF_PACKET protocol family
[    4.858702] 9pnet: Installing 9P2000 support
[    4.878390] NET: Registered PF_VSOCK protocol family
[    4.897487] mce: Unable to init MCE device (rc: -5)
[    4.916488] microcode: no support for this CPU vendor
[    4.935461] IPI shorthand broadcast: enabled
[    4.954844] sched_clock: Marking stable (4761546147, 192798334)->(9020757573, -4066413092)
[    4.989767] registered taskstats version 1
[    5.006023] Loading compiled-in X.509 certificates
[    5.026186] ima: No TPM chip found, activating TPM-bypass!
[    5.047777] ima: Allocated hash algorithm: sha256
[    5.067222] ima: No architecture policies found
[    5.128761] RAS: Correctable Errors collector initialized.
[    5.151326] clk: Disabling unused clocks
[    5.169058] Freeing unused decrypted memory: 2028K
[    5.190353] Freeing unused kernel image (initmem) memory: 4480K
[    5.213649] Write protecting the kernel read-only data: 34816k
[    5.235114] Freeing unused kernel image (rodata/data gap) memory: 740K
[    5.257400] Run /init as init process
[    5.409455] Kernel panic - not syncing: Attempted to kill init! exitcode=0x00000000
[    5.455653] CPU: 0 PID: 1 Comm: sh Tainted: G        W          6.6.114.1-microsoft-standard-WSL2 #1
[    5.492808] Call Trace:
[    5.503480]  <TASK>
[    5.514811]  dump_stack_lvl+0x4c/0x70
[    5.529063]  dump_stack+0x14/0x20
[    5.541215]  panic+0x179/0x330
[    5.552653]  do_exit+0x9ac/0xb30
[    5.564629]  ? do_iter_write+0x94/0x210
[    5.578472]  do_group_exit+0x39/0x90
[    5.591592]  __x64_sys_exit_group+0x1c/0x20
[    5.608412]  x64_sys_call+0x183b/0x1c90
[    5.621981]  do_syscall_64+0x5a/0xb0
[    5.638050]  ? do_iter_write+0x94/0x210
[    5.653360]  ? do_writev+0x79/0x150
[    5.666363]  ? syscall_exit_to_user_mode+0x2f/0x50
[    5.685032]  ? x64_sys_call+0x1c50/0x1c90
[    5.707270]  ? do_syscall_64+0x66/0xb0
[    5.723247]  ? ksys_read+0x6f/0xf0
[    5.736557]  ? syscall_exit_to_user_mode+0x2f/0x50
[    5.754322]  ? x64_sys_call+0x15d3/0x1c90
[    5.770853]  ? do_syscall_64+0x66/0xb0
[    5.784925]  ? folio_add_new_anon_rmap+0x4a/0xe0
[    5.805473]  ? set_ptes.isra.0+0x17/0x90
[    5.822348]  ? do_anonymous_page+0x2fd/0x3b0
[    5.839095]  ? __handle_mm_fault+0x839/0x860
[    5.855071]  ? __count_memcg_events+0x49/0xa0
[    5.871763]  ? count_memcg_events.constprop.0+0x1e/0x40
[    5.890159]  ? handle_mm_fault+0xb1/0x310
[    5.904406]  ? do_user_addr_fault+0x32d/0x610
[    5.920091]  ? irqentry_exit_to_user_mode+0x12/0x20
[    5.937374]  ? irqentry_exit+0x3f/0x50
[    5.950378]  ? exc_page_fault+0x87/0x160
[    5.963142]  entry_SYSCALL_64_after_hwframe+0x78/0xe2
[    5.980110] RIP: 0033:0x735dc7ad2bce
[    5.991824] Code: 8b 76 28 48 89 c7 e9 45 42 00 00 64 48 8b 04 25 00 00 00 00 48 8b b0 a8 00 00 00 e9 bf ff ff ff 48 63 ff b8 e7 00 00 00 0f 05 <ba> 3c 00 00 00 48 89 d0 0f 05 eb f9 48 83 ec 38 bf 06 00 00 00 e8
[    6.057346] RSP: 002b:00007fff2981af78 EFLAGS: 00000202 ORIG_RAX: 00000000000000e7
[    6.085356] RAX: ffffffffffffffda RBX: 0000735dc7aa1050 RCX: 0000735dc7ad2bce
[    6.111536] RDX: 0000735dc7b58880 RSI: 0000000000000000 RDI: 0000000000000000
[    6.136529] RBP: 00005e490a612adc R08: 0000735dc7b55ac0 R09: 0000000000000002
[    6.160220] R10: 0000000000000001 R11: 0000000000000202 R12: 00007fff2981b250
[    6.185523] R13: 00007fff2981b258 R14: 0000000000000000 R15: 00007fff2981b240
[    6.211140]  </TASK>
[    6.219294] Kernel Offset: disabled
