qemu-system-x86_64: warning: host doesn't support requested feature: CPUID.80000001H:ECX.svm [bit 2]
c[?7l[2J[0mSeaBIOS (version 1.16.3-debian-1.16.3-2)


iPXE (https://ipxe.org) 00:03.0 CA00 PCI2.10 PnP PMM+0EFCADD0+0EF0ADD0 CA00
Press Ctrl-B to configure iPXE (PCI 00:03.0)...                                                                               


Booting from ROM...
c[?7l[2J[    0.000000] Linux version 6.6.114.1-microsoft-standard-WSL2 (root@507f3e43091d) (gcc (GCC) 13.2.0, GNU ld (GNU Binutils) 2.41) #1 SMP PREEMPT_DYNAMIC Mon Dec  1 20:46:23 UTC 2025
[    0.000000] Command line: console=ttyS0 rdinit=/init nokaslr
[    0.000000] KERNEL supported cpus:
[    0.000000]   Intel GenuineIntel
[    0.000000]   AMD AuthenticAMD
[    0.000000] BIOS-provided physical RAM map:
[    0.000000] BIOS-e820: [mem 0x0000000000000000-0x000000000009fbff] usable
[    0.000000] BIOS-e820: [mem 0x000000000009fc00-0x000000000009ffff] reserved
[    0.000000] BIOS-e820: [mem 0x00000000000f0000-0x00000000000fffff] reserved
[    0.000000] BIOS-e820: [mem 0x0000000000100000-0x000000000ffdffff] usable
[    0.000000] BIOS-e820: [mem 0x000000000ffe0000-0x000000000fffffff] reserved
[    0.000000] BIOS-e820: [mem 0x00000000feffc000-0x00000000feffffff] reserved
[    0.000000] BIOS-e820: [mem 0x00000000fffc0000-0x00000000ffffffff] reserved
[    0.000000] NX (Execute Disable) protection: active
[    0.000000] APIC: Static calls initialized
[    0.000000] SMBIOS 3.0.0 present.
[    0.000000] DMI: QEMU Ubuntu 24.04 PC v2 (i440FX + PIIX, arch_caps fix, 1996), BIOS 1.16.3-debian-1.16.3-2 04/01/2014
[    0.000000] Hypervisor detected: KVM
[    0.000000] kvm-clock: Using msrs 4b564d01 and 4b564d00
[    0.000001] kvm-clock: using sched offset of 597940423 cycles
[    0.000002] clocksource: kvm-clock: mask: 0xffffffffffffffff max_cycles: 0x1cd42e4dffb, max_idle_ns: 881590591483 ns
[    0.000005] tsc: Detected 2208.008 MHz processor
[    0.001812] last_pfn = 0xffe0 max_arch_pfn = 0x400000000
[    0.002016] MTRR map: 4 entries (3 fixed + 1 variable; max 19), built from 8 variable MTRRs
[    0.002025] x86/PAT: Configuration [0-7]: WB  WC  UC- UC  WB  WP  UC- WT  
[    0.002701] RAMDISK: [mem 0x0fec1000-0x0ffdffff]
[    0.002751] ACPI: Early table checksum verification disabled
[    0.002772] ACPI: RSDP 0x00000000000F5290 000014 (v00 BOCHS )
[    0.002808] ACPI: RSDT 0x000000000FFE1C52 000034 (v01 BOCHS  BXPC     00000001 BXPC 00000001)
[    0.002822] ACPI: FACP 0x000000000FFE1B06 000074 (v01 BOCHS  BXPC     00000001 BXPC 00000001)
[    0.002831] ACPI: DSDT 0x000000000FFE0040 001AC6 (v01 BOCHS  BXPC     00000001 BXPC 00000001)
[    0.002835] ACPI: FACS 0x000000000FFE0000 000040
[    0.002839] ACPI: APIC 0x000000000FFE1B7A 000078 (v03 BOCHS  BXPC     00000001 BXPC 00000001)
[    0.002842] ACPI: HPET 0x000000000FFE1BF2 000038 (v01 BOCHS  BXPC     00000001 BXPC 00000001)
[    0.002846] ACPI: WAET 0x000000000FFE1C2A 000028 (v01 BOCHS  BXPC     00000001 BXPC 00000001)
[    0.002848] ACPI: Reserving FACP table memory at [mem 0xffe1b06-0xffe1b79]
[    0.002850] ACPI: Reserving DSDT table memory at [mem 0xffe0040-0xffe1b05]
[    0.002851] ACPI: Reserving FACS table memory at [mem 0xffe0000-0xffe003f]
[    0.002852] ACPI: Reserving APIC table memory at [mem 0xffe1b7a-0xffe1bf1]
[    0.002852] ACPI: Reserving HPET table memory at [mem 0xffe1bf2-0xffe1c29]
[    0.002853] ACPI: Reserving WAET table memory at [mem 0xffe1c2a-0xffe1c51]
[    0.004162] No NUMA configuration found
[    0.004169] Faking a node at [mem 0x0000000000000000-0x000000000ffdffff]
[    0.004191] NODE_DATA(0) allocated [mem 0x0fe9f000-0x0fec0fff]
[    0.004550] Zone ranges:
[    0.004552]   DMA32    [mem 0x0000000000001000-0x000000000ffdffff]
[    0.004554]   Normal   empty
[    0.004555]   Device   empty
[    0.004556] Movable zone start for each node
[    0.004558] Early memory node ranges
[    0.004558]   node   0: [mem 0x0000000000001000-0x000000000009efff]
[    0.004560]   node   0: [mem 0x0000000000100000-0x000000000ffdffff]
[    0.004561] Initmem setup node 0 [mem 0x0000000000001000-0x000000000ffdffff]
[    0.006521] On node 0, zone DMA32: 1 pages in unavailable ranges
[    0.008222] On node 0, zone DMA32: 97 pages in unavailable ranges
[    0.008226] On node 0, zone DMA32: 32 pages in unavailable ranges
[    0.009285] ACPI: PM-Timer IO Port: 0x608
[    0.009305] ACPI: LAPIC_NMI (acpi_id[0xff] dfl dfl lint[0x1])
[    0.009383] IOAPIC[0]: apic_id 0, version 17, address 0xfec00000, GSI 0-23
[    0.009386] ACPI: INT_SRC_OVR (bus 0 bus_irq 0 global_irq 2 dfl dfl)
[    0.009388] ACPI: INT_SRC_OVR (bus 0 bus_irq 5 global_irq 5 high level)
[    0.009389] ACPI: INT_SRC_OVR (bus 0 bus_irq 9 global_irq 9 high level)
[    0.009390] ACPI: INT_SRC_OVR (bus 0 bus_irq 10 global_irq 10 high level)
[    0.009390] ACPI: INT_SRC_OVR (bus 0 bus_irq 11 global_irq 11 high level)
[    0.009394] ACPI: Using ACPI (MADT) for SMP configuration information
[    0.009396] ACPI: HPET id: 0x8086a201 base: 0xfed00000
[    0.009401] smpboot: Allowing 1 CPUs, 0 hotplug CPUs
[    0.009431] kvm-guest: APIC: eoi() replaced with kvm_guest_apic_eoi_write()
[    0.009458] PM: hibernation: Registered nosave memory: [mem 0x00000000-0x00000fff]
[    0.009459] PM: hibernation: Registered nosave memory: [mem 0x0009f000-0x000fffff]
[    0.009461] [mem 0x10000000-0xfeffbfff] available for PCI devices
[    0.009463] Booting paravirtualized kernel on KVM
[    0.009465] clocksource: refined-jiffies: mask: 0xffffffff max_cycles: 0xffffffff, max_idle_ns: 7645519600211568 ns
[    0.009469] setup_percpu: NR_CPUS:8192 nr_cpumask_bits:1 nr_cpu_ids:1 nr_node_ids:1
[    0.010837] percpu: Embedded 63 pages/cpu s221184 r8192 d28672 u2097152
[    0.010901] kvm-guest: PV spinlocks disabled, no host support
[    0.010902] Kernel command line: console=ttyS0 rdinit=/init nokaslr
[    0.010985] Unknown kernel command line parameters "nokaslr", will be passed to user space.
[    0.011008] Dentry cache hash table entries: 32768 (order: 6, 262144 bytes, linear)
[    0.011020] Inode-cache hash table entries: 16384 (order: 5, 131072 bytes, linear)
[    0.011075] Fallback order for Node 0: 0 
[    0.011077] Built 1 zonelists, mobility grouping on.  Total pages: 64224
[    0.011078] Policy zone: DMA32
[    0.011083] mem auto-init: stack:off, heap alloc:on, heap free:off
[    0.011529] Memory: 205464K/261624K available (20480K kernel code, 3451K rwdata, 13596K rodata, 4480K init, 6224K bss, 55904K reserved, 0K cma-reserved)
[    0.014799] SLUB: HWalign=64, Order=0-3, MinObjects=0, CPUs=1, Nodes=1
[    0.014892] Kernel/User page tables isolation: enabled
[    0.014929] ftrace: allocating 55788 entries in 218 pages
[    0.023844] ftrace: allocated 218 pages with 5 groups
[    0.024800] Dynamic Preempt: none
[    0.024889] rcu: Preemptible hierarchical RCU implementation.
[    0.024890] rcu: 	RCU restricting CPUs from NR_CPUS=8192 to nr_cpu_ids=1.
[    0.024891] 	Trampoline variant of Tasks RCU enabled.
[    0.024892] 	Rude variant of Tasks RCU enabled.
[    0.024892] 	Tracing variant of Tasks RCU enabled.
[    0.024892] rcu: RCU calculated value of scheduler-enlistment delay is 25 jiffies.
[    0.024893] rcu: Adjusting geometry for rcu_fanout_leaf=16, nr_cpu_ids=1
[    0.028820] NR_IRQS: 524544, nr_irqs: 256, preallocated irqs: 16
[    0.029205] rcu: srcu_init: Setting srcu_struct sizes based on contention.
[    0.054990] Console: colour VGA+ 80x25
[    0.055077] printk: console [ttyS0] enabled
[    0.346691] ACPI: Core revision 20230628
[    0.349195] clocksource: hpet: mask: 0xffffffff max_cycles: 0xffffffff, max_idle_ns: 19112604467 ns
[    0.353624] APIC: Switch to symmetric I/O mode setup
[    0.356834] x2apic enabled
[    0.358983] APIC: Switched APIC routing to: physical x2apic
[    0.365114] ..TIMER: vector=0x30 apic1=0 pin1=2 apic2=-1 pin2=-1
[    0.367827] clocksource: tsc-early: mask: 0xffffffffffffffff max_cycles: 0x1fd3bfc633d, max_idle_ns: 440795247929 ns
[    0.372726] Calibrating delay loop (skipped) preset value.. 4416.01 BogoMIPS (lpj=8832032)
[    0.377472] Last level iTLB entries: 4KB 0, 2MB 0, 4MB 0
[    0.379784] Last level dTLB entries: 4KB 0, 2MB 0, 4MB 0, 1GB 0
[    0.380837] Spectre V1 : Mitigation: usercopy/swapgs barriers and __user pointer sanitization
[    0.384726] Spectre V2 : Mitigation: Retpolines
[    0.388722] Spectre V2 : Spectre v2 / SpectreRSB: Filling RSB on context switch and VMEXIT
[    0.392721] Speculative Store Bypass: Vulnerable
[    0.395038] MDS: Vulnerable: Clear CPU buffers attempted, no microcode
[    0.396720] MMIO Stale Data: Unknown: No mitigations
[    0.400722] active return thunk: its_return_thunk
[    0.404718] ITS: Mitigation: Aligned branch/return thunks
[    0.406918] x86/fpu: x87 FPU will use FXSAVE
[    0.446187] Freeing SMP alternatives memory: 44K
[    0.448723] pid_max: default: 32768 minimum: 301
[    0.451826] LSM: initializing lsm=capability,landlock,yama,safesetid,selinux,integrity
[    0.452983] landlock: Up and running.
[    0.456718] Yama: becoming mindful.
[    0.458924] SELinux:  Initializing.
[    0.461746] Mount-cache hash table entries: 512 (order: 0, 4096 bytes, linear)
[    0.464723] Mountpoint-cache hash table entries: 512 (order: 0, 4096 bytes, linear)
[    0.585960] APIC calibration not consistent with PM-Timer: 108ms instead of 100ms
[    0.588716] APIC delta adjusted to PM-Timer: 6249967 (6759143)
[    0.588861] smpboot: CPU0: Intel QEMU Virtual CPU version 2.5+ (family: 0xf, model: 0x6b, stepping: 0x1)
[    0.593012] RCU Tasks: Setting shift to 0 and lim to 1 rcu_task_cb_adjust=1 rcu_task_cpu_ids=1.
[    0.596855] RCU Tasks Rude: Setting shift to 0 and lim to 1 rcu_task_cb_adjust=1 rcu_task_cpu_ids=1.
[    0.600803] RCU Tasks Trace: Setting shift to 0 and lim to 1 rcu_task_cb_adjust=1 rcu_task_cpu_ids=1.
[    0.604788] Performance Events: unsupported Netburst CPU model 107 no PMU driver, software events only.
[    0.608830] signal: max sigframe size: 1440
[    0.612829] rcu: Hierarchical SRCU implementation.
[    0.615305] rcu: 	Max phase no-delay instances is 1000.
[    0.622425] NMI watchdog: Perf NMI watchdog permanently disabled
[    0.624796] smp: Bringing up secondary CPUs ...
[    0.626381] smp: Brought up 1 node, 1 CPU
[    0.627999] smpboot: Max logical packages: 1
[    0.628721] smpboot: Total of 1 processors activated (4416.01 BogoMIPS)
[    0.633458] devtmpfs: initialized
[    0.635062] x86/mm: Memory block size: 128MB
[    0.637045] clocksource: jiffies: mask: 0xffffffff max_cycles: 0xffffffff, max_idle_ns: 7645041785100000 ns
[    0.640725] futex hash table entries: 256 (order: 2, 16384 bytes, linear)
[    0.645066] pinctrl core: initialized pinctrl subsystem
[    0.647666] NET: Registered PF_NETLINK/PF_ROUTE protocol family
[    0.649033] DMA: preallocated 128 KiB GFP_KERNEL pool for atomic allocations
[    0.652767] DMA: preallocated 128 KiB GFP_KERNEL|GFP_DMA32 pool for atomic allocations
[    0.656935] audit: initializing netlink subsys (disabled)
[    0.659060] thermal_sys: Registered thermal governor 'step_wise'
[    0.659062] thermal_sys: Registered thermal governor 'user_space'
[    0.660759] audit: type=2000 audit(1789751720.985:1): state=initialized audit_enabled=0 res=1
[    0.668731] cpuidle: using governor ladder
[    0.670549] cpuidle: using governor menu
[    0.672809] acpiphp: ACPI Hot Plug PCI Controller Driver version: 0.5
[    0.675569] dca service started, version 1.12.1
[    0.676912] PCI: Using configuration type 1 for base access
[    0.680856] kprobes: kprobe jump-optimization is enabled. All kprobes are optimized if possible.
[    0.720806] HugeTLB: registered 2.00 MiB page size, pre-allocated 0 pages
[    0.724028] HugeTLB: 28 KiB vmemmap can be freed for a 2.00 MiB page
[    0.732751] cryptd: max_cpu_qlen set to 1000
[    0.740927] ACPI: Added _OSI(Module Device)
[    0.742860] ACPI: Added _OSI(Processor Device)
[    0.744721] ACPI: Added _OSI(Processor Aggregator Device)
[    0.747083] ACPI: 1 ACPI AML tables successfully acquired and loaded
[    0.756798] ACPI: _OSC evaluation for CPUs failed, trying _PDC
[    0.759277] ACPI: Interpreter enabled
[    0.760753] ACPI: PM: (supports S0 S3 S4 S5)
[    0.762283] ACPI: Using IOAPIC for interrupt routing
[    0.764739] PCI: Using host bridge windows from ACPI; if necessary, use "pci=nocrs" and report a bug
[    0.768013] PCI: Using E820 reservations for host bridge windows
[    0.768901] ACPI: Enabled 2 GPEs in block 00 to 0F
[    0.775021] ACPI: PCI Root Bridge [PCI0] (domain 0000 [bus 00-ff])
[    0.776733] acpi PNP0A03:00: _OSC: OS supports [ASPM ClockPM Segments MSI HPX-Type3]
[    0.780753] acpi PNP0A03:00: _OSC: not requesting OS control; OS requires [ExtendedConfig ASPM ClockPM MSI]
[    0.784753] acpi PNP0A03:00: fail to add MMCONFIG information, can't access extended configuration space under this bridge
[    0.789504] acpiphp: Slot [3] registered
[    0.792794] acpiphp: Slot [4] registered
[    0.794344] acpiphp: Slot [5] registered
[    0.796748] acpiphp: Slot [6] registered
[    0.798281] acpiphp: Slot [7] registered
[    0.800774] acpiphp: Slot [8] registered
[    0.803025] acpiphp: Slot [9] registered
[    0.804765] acpiphp: Slot [10] registered
[    0.806358] acpiphp: Slot [11] registered
[    0.808754] acpiphp: Slot [12] registered
[    0.810869] acpiphp: Slot [13] registered
[    0.812763] acpiphp: Slot [14] registered
[    0.814312] acpiphp: Slot [15] registered
[    0.815779] acpiphp: Slot [16] registered
[    0.816774] acpiphp: Slot [17] registered
[    0.818688] acpiphp: Slot [18] registered
[    0.820771] acpiphp: Slot [19] registered
[    0.822479] acpiphp: Slot [20] registered
[    0.824767] acpiphp: Slot [21] registered
[    0.826551] acpiphp: Slot [22] registered
[    0.828851] acpiphp: Slot [23] registered
[    0.830621] acpiphp: Slot [24] registered
[    0.832765] acpiphp: Slot [25] registered
[    0.834651] acpiphp: Slot [26] registered
[    0.836774] acpiphp: Slot [27] registered
[    0.838439] acpiphp: Slot [28] registered
[    0.840756] acpiphp: Slot [29] registered
[    0.842342] acpiphp: Slot [30] registered
[    0.843979] acpiphp: Slot [31] registered
[    0.844762] PCI host bridge to bus 0000:00
[    0.846480] pci_bus 0000:00: root bus resource [io  0x0000-0x0cf7 window]
[    0.848719] pci_bus 0000:00: root bus resource [io  0x0d00-0xffff window]
[    0.852778] pci_bus 0000:00: root bus resource [mem 0x000a0000-0x000bffff window]
[    0.856722] pci_bus 0000:00: root bus resource [mem 0x10000000-0xfebfffff window]
[    0.860725] pci_bus 0000:00: root bus resource [mem 0x100000000-0x17fffffff window]
[    0.864726] pci_bus 0000:00: root bus resource [bus 00-ff]
[    0.867031] pci 0000:00:00.0: [8086:1237] type 00 class 0x060000
[    0.870182] pci 0000:00:01.0: [8086:7000] type 00 class 0x060100
[    0.874265] pci 0000:00:01.1: [8086:7010] type 00 class 0x010180
[    0.882570] pci 0000:00:01.1: reg 0x20: [io  0xc040-0xc04f]
[    0.886741] pci 0000:00:01.1: legacy IDE quirk: reg 0x10: [io  0x01f0-0x01f7]
[    0.888722] pci 0000:00:01.1: legacy IDE quirk: reg 0x14: [io  0x03f6]
[    0.892720] pci 0000:00:01.1: legacy IDE quirk: reg 0x18: [io  0x0170-0x0177]
[    0.896719] pci 0000:00:01.1: legacy IDE quirk: reg 0x1c: [io  0x0376]
[    0.901146] pci 0000:00:01.3: [8086:7113] type 00 class 0x068000
[    0.905694] pci 0000:00:01.3: quirk: [io  0x0600-0x063f] claimed by PIIX4 ACPI
[    0.907956] pci 0000:00:01.3: quirk: [io  0x0700-0x070f] claimed by PIIX4 SMB
[    0.909298] pci 0000:00:02.0: [1234:1111] type 00 class 0x030000
[    0.915124] pci 0000:00:02.0: reg 0x10: [mem 0xfd000000-0xfdffffff pref]
[    0.921687] pci 0000:00:02.0: reg 0x18: [mem 0xfebb0000-0xfebb0fff]
[    0.937606] pci 0000:00:02.0: reg 0x30: [mem 0xfeba0000-0xfebaffff pref]
[    0.941473] pci 0000:00:02.0: Video device with shadowed ROM at [mem 0x000c0000-0x000dffff]
[    0.946088] pci 0000:00:03.0: [8086:100e] type 00 class 0x020000
[    0.954481] pci 0000:00:03.0: reg 0x10: [mem 0xfeb80000-0xfeb9ffff]
[    0.962111] pci 0000:00:03.0: reg 0x14: [io  0xc000-0xc03f]
[    0.980764] pci 0000:00:03.0: reg 0x30: [mem 0xfeb00000-0xfeb7ffff pref]
[    0.987675] ACPI: PCI: Interrupt link LNKA configured for IRQ 10
[    0.989000] ACPI: PCI: Interrupt link LNKB configured for IRQ 10
[    0.992978] ACPI: PCI: Interrupt link LNKC configured for IRQ 11
[    0.997020] ACPI: PCI: Interrupt link LNKD configured for IRQ 11
[    0.999686] ACPI: PCI: Interrupt link LNKS configured for IRQ 9
[    1.009101] iommu: Default domain type: Translated
[    1.011091] iommu: DMA domain TLB invalidation policy: lazy mode
[    1.013314] SCSI subsystem initialized
[    1.015373] pps_core: LinuxPPS API ver. 1 registered
[    1.016718] pps_core: Software ver. 5.3.6 - Copyright 2005-2007 Rodolfo Giometti <giometti@linux.it>
[    1.020755] PTP clock support registered
[    1.024824] EDAC MC: Ver: 3.0.0
[    1.027433] NetLabel: Initializing
[    1.028721] NetLabel:  domain hash size = 128
[    1.030690] NetLabel:  protocols = UNLABELED CIPSOv4 CALIPSO
[    1.032788] NetLabel:  unlabeled traffic allowed by default
[    1.036755] PCI: Using ACPI for IRQ routing
[    1.039573] pci 0000:00:02.0: vgaarb: setting as boot VGA device
[    1.040716] pci 0000:00:02.0: vgaarb: bridge control possible
[    1.040716] pci 0000:00:02.0: vgaarb: VGA device added: decodes=io+mem,owns=io+mem,locks=none
[    1.040741] vgaarb: loaded
[    1.042043] hpet: 3 channels of 0 reserved for per-cpu timers
[    1.044770] hpet0: at MMIO 0xfed00000, IRQs 2, 8, 0
[    1.048722] hpet0: 3 comparators, 64-bit 100.000000 MHz counter
[    1.057936] clocksource: Switched to clocksource kvm-clock
[    1.060714] VFS: Disk quotas dquot_6.6.0
[    1.062531] VFS: Dquot-cache hash table entries: 512 (order 0, 4096 bytes)
[    1.068059] FS-Cache: Loaded
[    1.070168] pnp: PnP ACPI init
[    1.072583] pnp: PnP ACPI: found 6 devices
[    1.080657] clocksource: acpi_pm: mask: 0xffffff max_cycles: 0xffffff, max_idle_ns: 2085701024 ns
[    1.086268] NET: Registered PF_INET protocol family
[    1.089411] IP idents hash table entries: 4096 (order: 3, 32768 bytes, linear)
[    1.095471] tcp_listen_portaddr_hash hash table entries: 256 (order: 0, 4096 bytes, linear)
[    1.100431] Table-perturb hash table entries: 65536 (order: 6, 262144 bytes, linear)
[    1.103906] TCP established hash table entries: 2048 (order: 2, 16384 bytes, linear)
[    1.106452] TCP bind hash table entries: 2048 (order: 4, 65536 bytes, linear)
[    1.109208] TCP: Hash tables configured (established 2048 bind 2048)
[    1.111770] UDP hash table entries: 256 (order: 1, 8192 bytes, linear)
[    1.115042] UDP-Lite hash table entries: 256 (order: 1, 8192 bytes, linear)
[    1.119065] NET: Registered PF_UNIX/PF_LOCAL protocol family
[    1.121469] NET: Registered PF_XDP protocol family
[    1.123149] pci_bus 0000:00: resource 4 [io  0x0000-0x0cf7 window]
[    1.125367] pci_bus 0000:00: resource 5 [io  0x0d00-0xffff window]
[    1.127849] pci_bus 0000:00: resource 6 [mem 0x000a0000-0x000bffff window]
[    1.131035] pci_bus 0000:00: resource 7 [mem 0x10000000-0xfebfffff window]
[    1.134879] pci_bus 0000:00: resource 8 [mem 0x100000000-0x17fffffff window]
[    1.137684] pci 0000:00:01.0: PIIX3: Enabling Passive Release
[    1.140199] pci 0000:00:00.0: Limiting direct PCI/PCI transfers
[    1.142950] PCI: CLS 0 bytes, default 64
[    1.144936] clocksource: tsc: mask: 0xffffffffffffffff max_cycles: 0x1fd3bfc633d, max_idle_ns: 440795247929 ns
[    1.149732] Trying to unpack rootfs image as initramfs...
[    1.160129] Initialise system trusted keyrings
[    1.162211] Key type blacklist registered
[    1.167803] workingset: timestamp_bits=36 max_order=16 bucket_order=0
[    1.173927] Freeing initrd memory: 1148K
[    1.177689] squashfs: version 4.0 (2009/01/31) Phillip Lougher
[    1.180263] fuse: init (API version 7.39)
[    1.182800] SGI XFS with ACLs, security attributes, realtime, verbose warnings, quota, no debug enabled
[    1.188983] 9p: Installing v9fs 9p2000 file system support
[    1.199698] Key type asymmetric registered
[    1.201123] Asymmetric key parser 'x509' registered
[    1.203081] Block layer SCSI generic (bsg) driver version 0.4 loaded (major 245)
[    1.206174] io scheduler mq-deadline registered
[    1.208126] io scheduler kyber registered
[    1.212164] ioatdma: Intel(R) QuickData Technology Driver 5.00
[    1.215697] Serial: 8250/16550 driver, 8 ports, IRQ sharing enabled
[    1.218981] 00:04: ttyS0 at I/O 0x3f8 (irq = 4, base_baud = 115200) is a 16550A
[    1.222689] Linux agpgart interface v0.103
[    1.224627] AMD-Vi: AMD IOMMUv2 functionality not available on this system - This is not a bug.
[    1.228885] ACPI: bus type drm_connector registered
[    1.234020] brd: module loaded
[    1.236828] loop: module loaded
[    1.238397] Loading iSCSI transport class v2.0-870.
[    1.241083] rdac: device handler registered
[    1.243265] Microchip SmartPQI Driver (v2.1.24-046)
[    1.245477] VMware PVSCSI driver - version 1.0.7.0-k
[    1.247902] hv_vmbus: registering driver hv_storvsc
[    1.251736] scsi host0: ata_piix
[    1.253251] scsi host1: ata_piix
[    1.254579] ata1: PATA max MWDMA2 cmd 0x1f0 ctl 0x3f6 bmdma 0xc040 irq 14
[    1.257417] ata2: PATA max MWDMA2 cmd 0x170 ctl 0x376 bmdma 0xc048 irq 15
[    1.260989] PPP generic driver version 2.4.2
[    1.264841] VMware vmxnet3 virtual NIC driver - version 1.7.0.0-k-NAPI
[    1.269161] hv_vmbus: registering driver hv_netvsc
[    1.271670] Fusion MPT base driver 3.04.20
[    1.274280] Copyright (c) 1999-2008 LSI Corporation
[    1.277046] Fusion MPT SPI Host driver 3.04.20
[    1.280625] Fusion MPT SAS Host driver 3.04.20
[    1.283634] Fusion MPT misc device (ioctl) driver 3.04.20
[    1.287020] mptctl: Registered with Fusion MPT base driver
[    1.289860] mptctl: /dev/mptctl @ (major,minor=10,220)
[    1.292441] i8042: PNP: PS/2 Controller [PNP0303:KBD,PNP0f13:MOU] at 0x60,0x64 irq 1,12
[    1.298944] serio: i8042 KBD port at 0x60,0x64 irq 1
[    1.302191] serio: i8042 AUX port at 0x60,0x64 irq 12
[    1.305036] hv_vmbus: registering driver hyperv_keyboard
[    1.308645] rtc_cmos 00:05: RTC can wake from S4
[    1.313661] input: AT Translated Set 2 keyboard as /devices/platform/i8042/serio0/input/input0
[    1.319277] rtc_cmos 00:05: registered as rtc0
[    1.321676] rtc_cmos 00:05: setting system clock to 2026-09-18T17:15:21 UTC (1789751721)
[    1.325364] rtc_cmos 00:05: alarms up to one day, y3k, 242 bytes nvram, hpet irqs
[    1.329175] device-mapper: core: CONFIG_IMA_DISABLE_HTABLE is disabled. Duplicate IMA measurements will not be recorded in the IMA log.
[    1.335075] device-mapper: uevent: version 1.0.3
[    1.337302] device-mapper: ioctl: 4.48.0-ioctl (2023-03-01) initialised: dm-devel@redhat.com
[    1.341398] intel_pstate: CPU model not supported
[    1.343430] hv_utils: Registering HyperV Utility Driver
[    1.345124] hv_vmbus: registering driver hv_utils
[    1.346664] hv_vmbus: registering driver hv_balloon
[    1.349147] hv_vmbus: registering driver dxgkrnl
[    1.351546] misc dxg: dxgk: dxg_drv_init: vmbus_driver_register failed: -19
[    1.355822] drop_monitor: Initializing network drop monitor service
[    1.385312] NET: Registered PF_INET6 protocol family
[    1.388204] Segment Routing with IPv6
[    1.389869] In-situ OAM (IOAM) with IPv6
[    1.391829] NET: Registered PF_PACKET protocol family
[    1.394320] 9pnet: Installing 9P2000 support
[    1.396385] NET: Registered PF_VSOCK protocol family
[    1.398999] IPI shorthand broadcast: enabled
[    1.402363] sched_clock: Marking stable (1073051432, 327482945)->(1372043171, 28491206)
[    1.405154] registered taskstats version 1
[    1.406664] Loading compiled-in X.509 certificates
[    1.410678] ima: No TPM chip found, activating TPM-bypass!
[    1.412849] ima: Allocated hash algorithm: sha256
[    1.416148] ima: No architecture policies found
[    1.424130] ata2: found unknown device (class 0)
[    1.432349] ata2.00: ATAPI: QEMU DVD-ROM, 2.5+, max UDMA/100
[    1.440906] scsi 1:0:0:0: CD-ROM            QEMU     QEMU DVD-ROM     2.5+ PQ: 0 ANSI: 5
[    1.484010] sr 1:0:0:0: [sr0] scsi3-mmc drive: 4x/4x cd/rw xa/form2 tray
[    1.486506] cdrom: Uniform CD-ROM driver Revision: 3.20
[    1.497945] RAS: Correctable Errors collector initialized.
[    1.500680] clk: Disabling unused clocks
[    1.505155] sr 1:0:0:0: Attached scsi generic sg0 type 5
[    1.508111] Freeing unused decrypted memory: 2028K
[    1.512421] Freeing unused kernel image (initmem) memory: 4480K
[    1.513804] Write protecting the kernel read-only data: 34816k
[    1.516224] Freeing unused kernel image (rodata/data gap) memory: 740K
[    1.517808] Run /init as init process

==============================================
 mini-KVM Linux 已启动！
 你在 Windows 宿主机上，我跑在我们自己写的
 KVM 虚拟机里（内核态 IRQCHIP + 串口模拟）。
 试试: uname -a / ls / / cat /proc/cpuinfo
==============================================


BusyBox v1.36.1 (Ubuntu 1:1.36.1-6ubuntu3.1) built-in shell (ash)
Enter 'help' for a list of built-in commands.

sh: can't access tty; job control turned off
~ # [6nuname -a
Linux 6.6.114.1-microsoft-standard-WSL2 #1 SMP PREEMPT_DYNAMIC Mon Dec  1 20:46:23 UTC 2025 x86_64 GNU/Linux
~ # echo REORG-OK
REORG-OK
~ # [6n