===== VMM 启动 2026-09-19 01:14:57 =====
01:14:57.515642  VM输出: 'A'   (第 1 次 VM exit)
01:14:57.515935  VM输出: 'B'   (第 2 次 VM exit)
01:14:57.516193  VM输出: 'C'   (第 3 次 VM exit)
01:14:57.516460  VM输出: 'D'   (第 4 次 VM exit)
01:14:57.516716  VM输出: 'E'   (第 5 次 VM exit)
01:14:57.517051  VM输出: 'F'   (第 6 次 VM exit)
01:14:57.517374  VM输出: 'G'   (第 7 次 VM exit)
01:14:57.517631  VM输出: 'H'   (第 8 次 VM exit)
01:14:57.517880  VM输出: 'I'   (第 9 次 VM exit)
01:14:57.518131  VM输出: 'J'   (第 10 次 VM exit)
01:14:57.518379  VM输出: 'K'   (第 11 次 VM exit)
01:14:57.518938  VM输出: 'L'   (第 12 次 VM exit)
01:14:57.519188  VM输出: 'M'   (第 13 次 VM exit)
01:14:57.519451  VM输出: 'N'   (第 14 次 VM exit)
01:14:57.519705  VM输出: 'O'   (第 15 次 VM exit)
01:14:57.519965  VM输出: 'P'   (第 16 次 VM exit)
01:14:57.520217  VM输出: 'Q'   (第 17 次 VM exit)
01:14:57.520469  VM输出: 'R'   (第 18 次 VM exit)
01:14:57.520717  VM输出: 'S'   (第 19 次 VM exit)
01:14:57.520970  VM输出: 'T'   (第 20 次 VM exit)
01:14:57.521263  VM输出: 'U'   (第 21 次 VM exit)
01:14:57.521505  VM输出: 'V'   (第 22 次 VM exit)
01:14:57.521758  VM输出: 'W'   (第 23 次 VM exit)
01:14:57.521974  VM输出: 'X'   (第 24 次 VM exit)
01:14:57.522260  VM输出: 'Y'   (第 25 次 VM exit)
01:14:57.522529  VM输出: 'Z'   (第 26 次 VM exit)
01:14:57.522780  VM输出: 'A'   (第 27 次 VM exit)
01:14:57.522989  VM输出: 'B'   (第 28 次 VM exit)
01:14:57.523237  VM输出: 'C'   (第 29 次 VM exit)
01:14:57.523473  VM输出: 'D'   (第 30 次 VM exit)
01:14:57.523698  VM输出: 'E'   (第 31 次 VM exit)
01:14:57.523947  VM输出: 'F'   (第 32 次 VM exit)
01:14:57.524172  VM输出: 'G'   (第 33 次 VM exit)
01:14:57.524401  VM输出: 'H'   (第 34 次 VM exit)
01:14:57.524624  VM输出: 'I'   (第 35 次 VM exit)
01:14:57.524840  VM输出: 'J'   (第 36 次 VM exit)
01:14:57.525201  VM输出: 'K'   (第 37 次 VM exit)
01:14:57.525526  VM输出: 'L'   (第 38 次 VM exit)
01:14:57.526025  VM输出: 'M'   (第 39 次 VM exit)
01:14:57.526372  VM输出: 'N'   (第 40 次 VM exit)
01:14:57.526681  VM输出: 'O'   (第 41 次 VM exit)
01:14:57.526946  VM输出: 'P'   (第 42 次 VM exit)
01:14:57.527184  VM输出: 'Q'   (第 43 次 VM exit)
01:14:57.527588  VM输出: 'R'   (第 44 次 VM exit)
01:14:57.527999  VM输出: 'S'   (第 45 次 VM exit)
01:14:57.528420  VM输出: 'T'   (第 46 次 VM exit)
01:14:57.528744  VM输出: 'U'   (第 47 次 VM exit)
01:14:57.529264  VM输出: 'V'   (第 48 次 VM exit)
01:14:57.529790  VM输出: 'W'   (第 49 次 VM exit)
01:14:57.530333  VM输出: 'X'   (第 50 次 VM exit)
01:14:57.530592  VM输出: 'Y'   (第 51 次 VM exit)
01:14:57.530829  VM输出: 'Z'   (第 52 次 VM exit)
01:14:57.531043  VM输出: 'A'   (第 53 次 VM exit)
01:14:57.531263  VM输出: 'B'   (第 54 次 VM exit)
01:14:57.531497  VM输出: 'C'   (第 55 次 VM exit)
01:14:57.531726  VM输出: 'D'   (第 56 次 VM exit)
01:14:57.531954  VM输出: 'E'   (第 57 次 VM exit)
01:14:57.532182  VM输出: 'F'   (第 58 次 VM exit)
01:14:57.532417  VM输出: 'G'   (第 59 次 VM exit)
01:14:57.532642  VM输出: 'H'   (第 60 次 VM exit)
01:14:57.532872  VM输出: 'I'   (第 61 次 VM exit)
01:14:57.533113  VM输出: 'J'   (第 62 次 VM exit)
01:14:57.533414  VM输出: 'K'   (第 63 次 VM exit)
01:14:57.533656  VM输出: 'L'   (第 64 次 VM exit)
01:14:57.533887  VM输出: 'M'   (第 65 次 VM exit)
01:14:57.534121  VM输出: 'N'   (第 66 次 VM exit)
01:14:57.534344  VM输出: 'O'   (第 67 次 VM exit)
01:14:57.534576  VM输出: 'P'   (第 68 次 VM exit)
01:14:57.534801  VM输出: 'Q'   (第 69 次 VM exit)
01:14:57.534998  VM输出: 'R'   (第 70 次 VM exit)
01:14:57.535226  VM输出: 'S'   (第 71 次 VM exit)
01:14:57.535447  VM输出: 'T'   (第 72 次 VM exit)
01:14:57.535664  VM输出: 'U'   (第 73 次 VM exit)
01:14:57.535903  VM输出: 'V'   (第 74 次 VM exit)
01:14:57.536134  VM输出: 'W'   (第 75 次 VM exit)
01:14:57.536356  VM输出: 'X'   (第 76 次 VM exit)
01:14:57.536614  VM输出: 'Y'   (第 77 次 VM exit)
01:14:57.536857  VM输出: 'Z'   (第 78 次 VM exit)
===== VMM 关闭：共 78 次 VM exit，捕获 78 字节 =====
